<html>
<body>
<pre>
<h1>礦ision Build Log</h1>
<h2>Tool Versions:</h2>
IDE-Version: μVision V5.36.0.0
Copyright (C) 2021 ARM Ltd and ARM Germany GmbH. All rights reserved.
License Information: jiabin wang, freiburg, LIC=WHYH9-4A92X-HLMCL-0C78W-IEFBT-GUH3X
 
Tool Versions:
Toolchain:       MDK-ARM Plus  Version: 5.36.0.0
Toolchain Path:  F:\keil\ARM\ARMCC\Bin
C Compiler:      Armcc.exe V5.06 update 7 (build 960)
Assembler:       Armasm.exe V5.06 update 7 (build 960)
Linker/Locator:  ArmLink.exe V5.06 update 7 (build 960)
Library Manager: ArmAr.exe V5.06 update 7 (build 960)
Hex Converter:   FromElf.exe V5.06 update 7 (build 960)
CPU DLL:         SARMCM3.DLL V5.36.0.0
Dialog DLL:      DARMSTM.DLL V1.68.0.0
Target DLL:      Segger\JL2CM3.dll V2.99.13.0
Dialog DLL:      TARMSTM.DLL V1.66.0.0
 
<h2>Project:</h2>
F:\thesis\LVGLs\UI_thesis_V2.2_lvgl8.2_FreeRTOS9\USER\LVGL.uvprojx
Project File Date:  02/22/2023

<h2>Output:</h2>
*** Using Compiler 'V5.06 update 7 (build 960)', folder: 'F:\keil\ARM\ARMCC\Bin'
Build target 'LVGL_CONTROL'
compiling main.c...
compiling stm32f10x_it.c...
compiling system_stm32f10x.c...
compiling lvgl_ttcan.c...
compiling led.c...
compiling myiic.c...
compiling key.c...
compiling spi.c...
compiling 24cxx.c...
compiling w25qxx.c...
compiling lcd.c...
compiling ctiic.c...
compiling touch.c...
compiling ft5206.c...
compiling gt9xxx.c...
compiling sram.c...
compiling beep.c...
compiling timer.c...
..\HARDWARE\TIMER\timer.c(104): warning:  #188-D: enumerated type mixed with another type
    TIM_Cmd(TIM1, timer_enable_flag);  //使能TIMx
..\HARDWARE\TIMER\timer.c(132): warning:  #188-D: enumerated type mixed with another type
    TIM_Cmd(TIM2, timer_enable_flag );  //使能TIMx
..\HARDWARE\TIMER\timer.c(160): warning:  #188-D: enumerated type mixed with another type
    TIM_Cmd(TIM6, timer_enable_flag );  //使能TIMx
..\HARDWARE\TIMER\timer.c: 3 warnings, 0 errors
compiling delay.c...
compiling usart.c...
compiling misc.c...
compiling core_cm3.c...
compiling sys.c...
compiling stm32f10x_fsmc.c...
compiling stm32f10x_gpio.c...
compiling stm32f10x_spi.c...
compiling stm32f10x_usart.c...
compiling stm32f10x_rcc.c...
compiling stm32f10x_iwdg.c...
compiling can_config.c...
..\HARDWARE\CAN\can_config.c(126): warning:  #1-D: last line of file ends without a newline
  }
..\HARDWARE\CAN\can_config.c: 1 warning, 0 errors
compiling stm32f10x_tim.c...
compiling stm32f10x_can.c...
compiling croutine.c...
compiling list.c...
compiling event_groups.c...
compiling queue.c...
compiling heap_4.c...
compiling timers.c...
compiling tasks.c...
compiling port.c...
compiling lv_port_indev.c...
..\LVGL\GUI\lvgl\examples\porting\lv_port_indev.c(60): warning:  #177-D: variable "encoder_diff"  was declared but never referenced
  static int32_t encoder_diff;
..\LVGL\GUI\lvgl\examples\porting\lv_port_indev.c(61): warning:  #177-D: variable "encoder_state"  was declared but never referenced
  static lv_indev_state_t encoder_state;
..\LVGL\GUI\lvgl\examples\porting\lv_port_indev.c(236): warning:  #177-D: function "mouse_init"  was declared but never referenced
  static void mouse_init(void)
..\LVGL\GUI\lvgl\examples\porting\lv_port_indev.c: 3 warnings, 0 errors
compiling lv_port_disp.c...
compiling lv_disp.c...
compiling lv_group.c...
compiling lv_event.c...
..\LVGL\GUI\lvgl\src\core\lv_event.c(120): warning:  #188-D: enumerated type mixed with another type
      return e->code & ~LV_EVENT_PREPROCESS;
..\LVGL\GUI\lvgl\src\core\lv_event.c: 1 warning, 0 errors
compiling lv_indev.c...
compiling lv_indev_scroll.c...
compiling lv_obj_class.c...
compiling lv_obj.c...
compiling lv_obj_draw.c...
compiling lv_obj_pos.c...
compiling lv_obj_scroll.c...
compiling lv_obj_style_gen.c...
compiling lv_obj_style.c...
compiling lv_obj_tree.c...
compiling lv_refr.c...
compiling lv_draw.c...
compiling lv_theme.c...
compiling lv_draw_arc.c...
compiling lv_draw_img.c...
compiling lv_draw_line.c...
compiling lv_draw_label.c...
compiling lv_draw_mask.c...
compiling lv_draw_rect.c...
compiling lv_draw_triangle.c...
compiling lv_img_buf.c...
compiling lv_img_cache.c...
compiling lv_draw_sw.c...
compiling lv_img_decoder.c...
compiling lv_draw_sw_dither.c...
compiling lv_draw_sw_arc.c...
compiling lv_draw_sw_gradient.c...
compiling lv_draw_sw_blend.c...
compiling lv_draw_sw_img.c...
compiling lv_draw_sw_letter.c...
compiling lv_draw_sw_polygon.c...
compiling lv_draw_sw_line.c...
compiling gifdec.c...
compiling lv_bmp.c...
compiling lv_flex.c...
..\LVGL\GUI\lvgl\src\extra\layouts\flex\lv_flex.c(97): warning:  #188-D: enumerated type mixed with another type
      LV_STYLE_FLEX_MAIN_PLACE = lv_style_register_prop() | LV_STYLE_PROP_LAYOUT_REFR;
..\LVGL\GUI\lvgl\src\extra\layouts\flex\lv_flex.c(98): warning:  #188-D: enumerated type mixed with another type
      LV_STYLE_FLEX_CROSS_PLACE = lv_style_register_prop() | LV_STYLE_PROP_LAYOUT_REFR;
..\LVGL\GUI\lvgl\src\extra\layouts\flex\lv_flex.c(99): warning:  #188-D: enumerated type mixed with another type
      LV_STYLE_FLEX_TRACK_PLACE = lv_style_register_prop() | LV_STYLE_PROP_LAYOUT_REFR;
..\LVGL\GUI\lvgl\src\extra\layouts\flex\lv_flex.c: 3 warnings, 0 errors
compiling lv_draw_sw_rect.c...
..\LVGL\GUI\lvgl\src\draw\sw\lv_draw_sw_rect.c(239): warning:  #546-D: transfer of control bypasses initialization of:
            variable "mask_any_center"  (declared at line 286)
          goto bg_clean_up;
          ^
..\LVGL\GUI\lvgl\src\draw\sw\lv_draw_sw_rect.c: 1 warning, 0 errors
compiling lv_qrcode.c...
compiling lv_gif.c...
compiling lv_rlottie.c...
compiling tjpgd.c...
compiling lv_sjpg.c...
compiling lv_gridnav.c...
compiling lv_monkey.c...
compiling lv_snapshot.c...
compiling lv_theme_mono.c...
compiling lv_theme_basic.c...
compiling lv_calendar_header_arrow.c...
compiling lv_calendar.c...
compiling lv_calendar_header_dropdown.c...
compiling lv_keyboard.c...
compiling lv_imgbtn.c...
compiling lv_chart.c...
compiling lv_led.c...
compiling lv_list.c...
compiling lv_menu.c...
compiling lv_msgbox.c...
compiling lv_meter.c...
compiling lv_spinbox.c...
compiling lv_span.c...
..\LVGL\GUI\lvgl\src\extra\widgets\span\lv_span.c(881): warning:  #546-D: transfer of control bypasses initialization of:
            variable "align"  (declared at line 885)
              goto Next_line_init;
              ^
..\LVGL\GUI\lvgl\src\extra\widgets\span\lv_span.c: 1 warning, 0 errors
compiling lv_spinner.c...
compiling lv_tabview.c...
compiling lv_tileview.c...
compiling lv_win.c...
compiling lv_extra.c...
compiling lv_colorwheel.c...
compiling lv_font.c...
compiling lv_grid.c...
..\LVGL\GUI\lvgl\src\extra\layouts\grid\lv_grid.c(134): warning:  #188-D: enumerated type mixed with another type
      LV_STYLE_GRID_COLUMN_DSC_ARRAY = lv_style_register_prop() | LV_STYLE_PROP_LAYOUT_REFR;
..\LVGL\GUI\lvgl\src\extra\layouts\grid\lv_grid.c(135): warning:  #188-D: enumerated type mixed with another type
      LV_STYLE_GRID_ROW_DSC_ARRAY = lv_style_register_prop() | LV_STYLE_PROP_LAYOUT_REFR;
..\LVGL\GUI\lvgl\src\extra\layouts\grid\lv_grid.c(136): warning:  #188-D: enumerated type mixed with another type
      LV_STYLE_GRID_COLUMN_ALIGN = lv_style_register_prop() | LV_STYLE_PROP_LAYOUT_REFR;
..\LVGL\GUI\lvgl\src\extra\layouts\grid\lv_grid.c(137): warning:  #188-D: enumerated type mixed with another type
      LV_STYLE_GRID_ROW_ALIGN = lv_style_register_prop() | LV_STYLE_PROP_LAYOUT_REFR;
..\LVGL\GUI\lvgl\src\extra\layouts\grid\lv_grid.c(139): warning:  #188-D: enumerated type mixed with another type
      LV_STYLE_GRID_CELL_ROW_SPAN = lv_style_register_prop() | LV_STYLE_PROP_LAYOUT_REFR;
..\LVGL\GUI\lvgl\src\extra\layouts\grid\lv_grid.c(140): warning:  #188-D: enumerated type mixed with another type
      LV_STYLE_GRID_CELL_ROW_POS = lv_style_register_prop() | LV_STYLE_PROP_LAYOUT_REFR;
..\LVGL\GUI\lvgl\src\extra\layouts\grid\lv_grid.c(141): warning:  #188-D: enumerated type mixed with another type
      LV_STYLE_GRID_CELL_COLUMN_SPAN = lv_style_register_prop() | LV_STYLE_PROP_LAYOUT_REFR;
..\LVGL\GUI\lvgl\src\extra\layouts\grid\lv_grid.c(142): warning:  #188-D: enumerated type mixed with another type
      LV_STYLE_GRID_CELL_COLUMN_POS = lv_style_register_prop() | LV_STYLE_PROP_LAYOUT_REFR;
..\LVGL\GUI\lvgl\src\extra\layouts\grid\lv_grid.c(143): warning:  #188-D: enumerated type mixed with another type
      LV_STYLE_GRID_CELL_X_ALIGN = lv_style_register_prop() | LV_STYLE_PROP_LAYOUT_REFR;
..\LVGL\GUI\lvgl\src\extra\layouts\grid\lv_grid.c(144): warning:  #188-D: enumerated type mixed with another type
      LV_STYLE_GRID_CELL_Y_ALIGN = lv_style_register_prop() | LV_STYLE_PROP_LAYOUT_REFR;
..\LVGL\GUI\lvgl\src\extra\layouts\grid\lv_grid.c(589): warning:  #188-D: enumerated type mixed with another type
      lv_grid_align_t col_align = get_cell_col_align(item);
..\LVGL\GUI\lvgl\src\extra\layouts\grid\lv_grid.c(590): warning:  #188-D: enumerated type mixed with another type
      lv_grid_align_t row_align = get_cell_row_align(item);
..\LVGL\GUI\lvgl\src\extra\layouts\grid\lv_grid.c: 12 warnings, 0 errors
compiling lv_theme_default.c...
..\LVGL\GUI\lvgl\src\extra\themes\default\lv_theme_default.c(213): warning:  #188-D: enumerated type mixed with another type
..\LVGL\GUI\lvgl\src\extra\themes\default\lv_theme_default.c: 1 warning, 0 errors
compiling lv_font_dejavu_16_persian_hebrew.c...
compiling lv_font_fmt_txt.c...
compiling lv_font_montserrat_8.c...
compiling lv_font_montserrat_10.c...
compiling lv_font_loader.c...
compiling lv_font_montserrat_12.c...
compiling lv_font_montserrat_12_subpx.c...
compiling lv_font_montserrat_14.c...
compiling lv_font_montserrat_16.c...
compiling lv_font_montserrat_18.c...
compiling lv_font_montserrat_20.c...
compiling lv_font_montserrat_22.c...
compiling lv_font_montserrat_24.c...
compiling lv_font_montserrat_26.c...
compiling lv_font_montserrat_28.c...
compiling lv_font_montserrat_28_compressed.c...
compiling lv_font_montserrat_30.c...
compiling lv_font_montserrat_32.c...
compiling lv_font_montserrat_34.c...
compiling lv_font_montserrat_36.c...
compiling lv_font_montserrat_38.c...
compiling lv_font_montserrat_40.c...
compiling lv_font_montserrat_42.c...
compiling lv_font_montserrat_44.c...
compiling lv_font_montserrat_46.c...
compiling lv_font_montserrat_48.c...
compiling lv_font_simsun_16_cjk.c...
compiling lv_font_unscii_8.c...
compiling lv_font_unscii_16.c...
compiling lv_gpu_stm32_dma2d.c...
compiling lv_draw_sdl.c...
compiling lv_draw_sdl_arc.c...
compiling lv_draw_sdl_img.c...
compiling lv_draw_sdl_composite.c...
compiling lv_draw_sdl_bg.c...
compiling lv_draw_sdl_label.c...
compiling lv_draw_sdl_polygon.c...
compiling lv_draw_sdl_line.c...
compiling lv_draw_sdl_mask.c...
compiling lv_draw_sdl_rect.c...
compiling lv_draw_sdl_stack_blur.c...
compiling lv_draw_sdl_texture_cache.c...
compiling lv_draw_sdl_utils.c...
compiling lv_hal_tick.c...
..\LVGL\GUI\lvgl\src\hal\lv_hal_tick.c(77): warning:  #223-D: function "xTaskGetTickCount" declared implicitly
      return LV_TICK_CUSTOM_SYS_TIME_EXPR;
..\LVGL\GUI\lvgl\src\hal\lv_hal_tick.c: 1 warning, 0 errors
compiling lv_hal_disp.c...
..\LVGL\GUI\lvgl\src\hal\lv_hal_disp.c(573): warning:  #188-D: enumerated type mixed with another type
      return disp->driver->rotated;
..\LVGL\GUI\lvgl\src\hal\lv_hal_disp.c: 1 warning, 0 errors
compiling lv_anim.c...
compiling lv_hal_indev.c...
compiling lv_anim_timeline.c...
compiling lv_area.c...
compiling lv_async.c...
compiling lv_bidi.c...
compiling lv_color.c...
compiling lv_gc.c...
compiling lv_ll.c...
compiling lv_fs.c...
compiling lv_log.c...
compiling lv_lru.c...
compiling lv_math.c...
compiling lv_mem.c...
compiling lv_templ.c...
compiling lv_printf.c...
compiling lv_style.c...
..\LVGL\GUI\lvgl\src\misc\lv_style.c(74): warning:  #188-D: enumerated type mixed with another type
      return act_id;
..\LVGL\GUI\lvgl\src\misc\lv_style.c: 1 warning, 0 errors
compiling lv_style_gen.c...
compiling lv_timer.c...
compiling lv_tlsf.c...
compiling lv_txt_ap.c...
compiling lv_txt.c...
compiling lv_utils.c...
compiling lv_btn.c...
compiling lv_arc.c...
compiling lv_bar.c...
compiling lv_btnmatrix.c...
compiling lv_checkbox.c...
compiling lv_canvas.c...
compiling lv_dropdown.c...
compiling lv_img.c...
compiling lv_objx_templ.c...
compiling lv_line.c...
compiling lv_label.c...
compiling lv_slider.c...
compiling lv_switch.c...
compiling lv_roller.c...
compiling lv_table.c...
compiling lv_demo_keypad_encoder.c...
compiling lv_textarea.c...
compiling lv_demo_stress.c...
..\LVGL\GUI_APP\demos\stress\lv_demo_stress.c(65): warning:  #546-D: transfer of control bypasses initialization of:
            variable "scale"  (declared at line 243)
            variable "msgbox_tmr"  (declared at line 252)
      switch(state) {
      ^
..\LVGL\GUI_APP\demos\stress\lv_demo_stress.c: 1 warning, 0 errors
compiling lv_font_montserrat_12_compr_az.c...
compiling lv_font_montserrat_16_compr_az.c...
compiling malloc.c...
compiling lv_font_montserrat_28_compr_az.c...
linking...
Program Size: Code=180246 RO-data=24782 RW-data=816 ZI-data=932056  
FromELF: creating hex file...
"..\OBJ\template.axf" - 0 Error(s), 30 Warning(s).

<h2>Software Packages used:</h2>

Package Vendor: Keil
                http://www.keil.com/pack/Keil.STM32F1xx_DFP.2.4.0.pack
                Keil.STM32F1xx_DFP.2.4.0
                STMicroelectronics STM32F1 Series Device Support, Drivers and Examples

<h2>Collection of Component include folders:</h2>
  C:\Users\hoshiraku\AppData\Local\Arm\Packs\Keil\STM32F1xx_DFP\2.4.0\Device\Include

<h2>Collection of Component Files used:</h2>
Build Time Elapsed:  00:02:08
</pre>
</body>
</html>
