<html>
<body>
<pre>
<h1>µVision Build Log</h1>
<h2>Tool Versions:</h2>
IDE-Version: ¦ÌVision V5.36.0.0
Copyright (C) 2021 ARM Ltd and ARM Germany GmbH. All rights reserved.
License Information: jiabin wang, freiburg, LIC=WHYH9-4A92X-HLMCL-0C78W-IEFBT-GUH3X
 
Tool Versions:
Toolchain:       MDK-ARM Plus  Version: 5.36.0.0
Toolchain Path:  F:\keil\ARM\ARMCC\Bin
C Compiler:      Armcc.exe V5.06 update 7 (build 960)
Assembler:       Armasm.exe V5.06 update 7 (build 960)
Linker/Locator:  ArmLink.exe V5.06 update 7 (build 960)
Library Manager: ArmAr.exe V5.06 update 7 (build 960)
Hex Converter:   FromElf.exe V5.06 update 7 (build 960)
CPU DLL:         SARMCM3.DLL V5.36.0.0
Dialog DLL:      DARMSTM.DLL V1.68.0.0
Target DLL:      Segger\JL2CM3.dll V2.99.13.0
Dialog DLL:      TARMSTM.DLL V1.66.0.0
 
<h2>Project:</h2>
E:\jiabin_github\LVGL-projects\lvgl_thesis\UI_thesis_V2.2_lvgl8.2_FreeRTOS9\USER\LVGL.uvprojx
Project File Date:  02/26/2023

<h2>Output:</h2>
*** Using Compiler 'V5.06 update 7 (build 960)', folder: 'F:\keil\ARM\ARMCC\Bin'
Build target 'LVGL_CONTROL'
compiling lvgl_ttcan.c...
..\LVGL\GUI_APP\demos\lvgl_test.h(5): warning:  #1295-D: Deprecated declaration my_event_test3 - give arg types
  void my_event_test3();
..\LVGL\GUI_APP\demos\lvgl_test.h(6): warning:  #1-D: last line of file ends without a newline
  #endif
lvgl_ttcan.c(139): warning:  #188-D: enumerated type mixed with another type
                TIM_Cmd(TIM1, ConstantOrChangeSpeed);
lvgl_ttcan.c(101): warning:  #177-D: variable "update_chart_Array"  was declared but never referenced
    int update_chart_Array = 0;
lvgl_ttcan.c: 4 warnings, 0 errors
linking...
Program Size: Code=202710 RO-data=56030 RW-data=820 ZI-data=61652  
FromELF: creating hex file...
"..\OBJ\template.axf" - 0 Error(s), 4 Warning(s).

<h2>Software Packages used:</h2>

Package Vendor: Keil
                http://www.keil.com/pack/Keil.STM32F1xx_DFP.2.4.0.pack
                Keil.STM32F1xx_DFP.2.4.0
                STMicroelectronics STM32F1 Series Device Support, Drivers and Examples

<h2>Collection of Component include folders:</h2>
  C:\Users\hoshiraku\AppData\Local\Arm\Packs\Keil\STM32F1xx_DFP\2.4.0\Device\Include

<h2>Collection of Component Files used:</h2>
Build Time Elapsed:  00:01:10
</pre>
</body>
</html>
