<!doctype html public "-//w3c//dtd html 4.0 transitional//en">
<html><head>
<title>Static Call Graph - [..\OBJ\template.axf]</title></head>
<body><HR>
<H1>Static Call Graph for image ..\OBJ\template.axf</H1><HR>
<BR><P>#&#060CALLGRAPH&#062# ARM Linker, 5060960: Last Updated: Mon Feb 20 06:50:12 2023
<BR><P>
<H3>Maximum Stack Usage =          0 bytes + Unknown(Cycles, Untraceable Function Pointers)</H3><H3>
Call chain for Maximum Stack Depth:</H3>

<P>
<H3>
Mutually Recursive functions
</H3> <LI><a href="#[29]">ADC1_2_IRQHandler</a>&nbsp;&nbsp;&nbsp;&rArr;&nbsp;&nbsp;&nbsp;<a href="#[29]">ADC1_2_IRQHandler</a><BR>
 <LI><a href="#[3c7]">lv_refr_obj</a>&nbsp;&nbsp;&nbsp;&rArr;&nbsp;&nbsp;&nbsp;<a href="#[3c7]">lv_refr_obj</a><BR>
 <LI><a href="#[3c3]">lv_refr_get_top_obj</a>&nbsp;&nbsp;&nbsp;&rArr;&nbsp;&nbsp;&nbsp;<a href="#[3c3]">lv_refr_get_top_obj</a><BR>
 <LI><a href="#[3a8]">refresh_children_position</a>&nbsp;&nbsp;&nbsp;&rArr;&nbsp;&nbsp;&nbsp;<a href="#[3a8]">refresh_children_position</a><BR>
 <LI><a href="#[328]">lv_event_send_func</a>&nbsp;&nbsp;&nbsp;&rArr;&nbsp;&nbsp;&nbsp;<a href="#[1ce]">lv_event_send</a><BR>
 <LI><a href="#[248]">indev_search_obj</a>&nbsp;&nbsp;&nbsp;&rArr;&nbsp;&nbsp;&nbsp;<a href="#[248]">indev_search_obj</a><BR>
 <LI><a href="#[1cb]">delete_children</a>&nbsp;&nbsp;&nbsp;&rArr;&nbsp;&nbsp;&nbsp;<a href="#[1cb]">delete_children</a><BR>
 <LI><a href="#[361]">lv_ta_add_text</a>&nbsp;&nbsp;&nbsp;&rArr;&nbsp;&nbsp;&nbsp;<a href="#[361]">lv_ta_add_text</a><BR>
 <LI><a href="#[35b]">lv_ta_add_char</a>&nbsp;&nbsp;&nbsp;&rArr;&nbsp;&nbsp;&nbsp;<a href="#[361]">lv_ta_add_text</a><BR>
 <LI><a href="#[3a9]">refresh_children_style</a>&nbsp;&nbsp;&nbsp;&rArr;&nbsp;&nbsp;&nbsp;<a href="#[3a9]">refresh_children_style</a><BR>
 <LI><a href="#[3a5]">report_style_mod_core</a>&nbsp;&nbsp;&nbsp;&rArr;&nbsp;&nbsp;&nbsp;<a href="#[3a5]">report_style_mod_core</a><BR>
</UL>
<P>
<H3>
Function Pointers
</H3><UL>
 <LI><a href="#[29]">ADC1_2_IRQHandler</a> from startup_stm32f10x_hd.o(.text) referenced from startup_stm32f10x_hd.o(RESET)
 <LI><a href="#[46]">ADC3_IRQHandler</a> from startup_stm32f10x_hd.o(.text) referenced from startup_stm32f10x_hd.o(RESET)
 <LI><a href="#[11]">BusFault_Handler</a> from stm32f10x_it.o(i.BusFault_Handler) referenced from startup_stm32f10x_hd.o(RESET)
 <LI><a href="#[2c]">CAN1_RX1_IRQHandler</a> from stm32f10x_it.o(i.CAN1_RX1_IRQHandler) referenced from startup_stm32f10x_hd.o(RESET)
 <LI><a href="#[2d]">CAN1_SCE_IRQHandler</a> from startup_stm32f10x_hd.o(.text) referenced from startup_stm32f10x_hd.o(RESET)
 <LI><a href="#[22]">DMA1_Channel1_IRQHandler</a> from startup_stm32f10x_hd.o(.text) referenced from startup_stm32f10x_hd.o(RESET)
 <LI><a href="#[23]">DMA1_Channel2_IRQHandler</a> from startup_stm32f10x_hd.o(.text) referenced from startup_stm32f10x_hd.o(RESET)
 <LI><a href="#[24]">DMA1_Channel3_IRQHandler</a> from startup_stm32f10x_hd.o(.text) referenced from startup_stm32f10x_hd.o(RESET)
 <LI><a href="#[25]">DMA1_Channel4_IRQHandler</a> from startup_stm32f10x_hd.o(.text) referenced from startup_stm32f10x_hd.o(RESET)
 <LI><a href="#[26]">DMA1_Channel5_IRQHandler</a> from startup_stm32f10x_hd.o(.text) referenced from startup_stm32f10x_hd.o(RESET)
 <LI><a href="#[27]">DMA1_Channel6_IRQHandler</a> from startup_stm32f10x_hd.o(.text) referenced from startup_stm32f10x_hd.o(RESET)
 <LI><a href="#[28]">DMA1_Channel7_IRQHandler</a> from startup_stm32f10x_hd.o(.text) referenced from startup_stm32f10x_hd.o(RESET)
 <LI><a href="#[4f]">DMA2_Channel1_IRQHandler</a> from startup_stm32f10x_hd.o(.text) referenced from startup_stm32f10x_hd.o(RESET)
 <LI><a href="#[50]">DMA2_Channel2_IRQHandler</a> from startup_stm32f10x_hd.o(.text) referenced from startup_stm32f10x_hd.o(RESET)
 <LI><a href="#[51]">DMA2_Channel3_IRQHandler</a> from startup_stm32f10x_hd.o(.text) referenced from startup_stm32f10x_hd.o(RESET)
 <LI><a href="#[52]">DMA2_Channel4_5_IRQHandler</a> from startup_stm32f10x_hd.o(.text) referenced from startup_stm32f10x_hd.o(RESET)
 <LI><a href="#[14]">DebugMon_Handler</a> from stm32f10x_it.o(i.DebugMon_Handler) referenced from startup_stm32f10x_hd.o(RESET)
 <LI><a href="#[1d]">EXTI0_IRQHandler</a> from startup_stm32f10x_hd.o(.text) referenced from startup_stm32f10x_hd.o(RESET)
 <LI><a href="#[3f]">EXTI15_10_IRQHandler</a> from startup_stm32f10x_hd.o(.text) referenced from startup_stm32f10x_hd.o(RESET)
 <LI><a href="#[1e]">EXTI1_IRQHandler</a> from startup_stm32f10x_hd.o(.text) referenced from startup_stm32f10x_hd.o(RESET)
 <LI><a href="#[1f]">EXTI2_IRQHandler</a> from startup_stm32f10x_hd.o(.text) referenced from startup_stm32f10x_hd.o(RESET)
 <LI><a href="#[20]">EXTI3_IRQHandler</a> from startup_stm32f10x_hd.o(.text) referenced from startup_stm32f10x_hd.o(RESET)
 <LI><a href="#[21]">EXTI4_IRQHandler</a> from startup_stm32f10x_hd.o(.text) referenced from startup_stm32f10x_hd.o(RESET)
 <LI><a href="#[2e]">EXTI9_5_IRQHandler</a> from startup_stm32f10x_hd.o(.text) referenced from startup_stm32f10x_hd.o(RESET)
 <LI><a href="#[1b]">FLASH_IRQHandler</a> from startup_stm32f10x_hd.o(.text) referenced from startup_stm32f10x_hd.o(RESET)
 <LI><a href="#[47]">FSMC_IRQHandler</a> from startup_stm32f10x_hd.o(.text) referenced from startup_stm32f10x_hd.o(RESET)
 <LI><a href="#[f]">HardFault_Handler</a> from stm32f10x_it.o(i.HardFault_Handler) referenced from startup_stm32f10x_hd.o(RESET)
 <LI><a href="#[37]">I2C1_ER_IRQHandler</a> from startup_stm32f10x_hd.o(.text) referenced from startup_stm32f10x_hd.o(RESET)
 <LI><a href="#[36]">I2C1_EV_IRQHandler</a> from startup_stm32f10x_hd.o(.text) referenced from startup_stm32f10x_hd.o(RESET)
 <LI><a href="#[39]">I2C2_ER_IRQHandler</a> from startup_stm32f10x_hd.o(.text) referenced from startup_stm32f10x_hd.o(RESET)
 <LI><a href="#[38]">I2C2_EV_IRQHandler</a> from startup_stm32f10x_hd.o(.text) referenced from startup_stm32f10x_hd.o(RESET)
 <LI><a href="#[10]">MemManage_Handler</a> from stm32f10x_it.o(i.MemManage_Handler) referenced from startup_stm32f10x_hd.o(RESET)
 <LI><a href="#[e]">NMI_Handler</a> from stm32f10x_it.o(i.NMI_Handler) referenced from startup_stm32f10x_hd.o(RESET)
 <LI><a href="#[18]">PVD_IRQHandler</a> from startup_stm32f10x_hd.o(.text) referenced from startup_stm32f10x_hd.o(RESET)
 <LI><a href="#[15]">PendSV_Handler</a> from port.o(.emb_text) referenced from startup_stm32f10x_hd.o(RESET)
 <LI><a href="#[1c]">RCC_IRQHandler</a> from startup_stm32f10x_hd.o(.text) referenced from startup_stm32f10x_hd.o(RESET)
 <LI><a href="#[40]">RTCAlarm_IRQHandler</a> from startup_stm32f10x_hd.o(.text) referenced from startup_stm32f10x_hd.o(RESET)
 <LI><a href="#[1a]">RTC_IRQHandler</a> from startup_stm32f10x_hd.o(.text) referenced from startup_stm32f10x_hd.o(RESET)
 <LI><a href="#[d]">Reset_Handler</a> from startup_stm32f10x_hd.o(.text) referenced from startup_stm32f10x_hd.o(RESET)
 <LI><a href="#[48]">SDIO_IRQHandler</a> from startup_stm32f10x_hd.o(.text) referenced from startup_stm32f10x_hd.o(RESET)
 <LI><a href="#[3a]">SPI1_IRQHandler</a> from startup_stm32f10x_hd.o(.text) referenced from startup_stm32f10x_hd.o(RESET)
 <LI><a href="#[3b]">SPI2_IRQHandler</a> from startup_stm32f10x_hd.o(.text) referenced from startup_stm32f10x_hd.o(RESET)
 <LI><a href="#[4a]">SPI3_IRQHandler</a> from startup_stm32f10x_hd.o(.text) referenced from startup_stm32f10x_hd.o(RESET)
 <LI><a href="#[13]">SVC_Handler</a> from port.o(.emb_text) referenced from startup_stm32f10x_hd.o(RESET)
 <LI><a href="#[16]">SysTick_Handler</a> from stm32f10x_it.o(i.SysTick_Handler) referenced from startup_stm32f10x_hd.o(RESET)
 <LI><a href="#[54]">SystemInit</a> from system_stm32f10x.o(i.SystemInit) referenced from startup_stm32f10x_hd.o(.text)
 <LI><a href="#[19]">TAMPER_IRQHandler</a> from startup_stm32f10x_hd.o(.text) referenced from startup_stm32f10x_hd.o(RESET)
 <LI><a href="#[2f]">TIM1_BRK_IRQHandler</a> from startup_stm32f10x_hd.o(.text) referenced from startup_stm32f10x_hd.o(RESET)
 <LI><a href="#[32]">TIM1_CC_IRQHandler</a> from startup_stm32f10x_hd.o(.text) referenced from startup_stm32f10x_hd.o(RESET)
 <LI><a href="#[31]">TIM1_TRG_COM_IRQHandler</a> from startup_stm32f10x_hd.o(.text) referenced from startup_stm32f10x_hd.o(RESET)
 <LI><a href="#[30]">TIM1_UP_IRQHandler</a> from timer.o(i.TIM1_UP_IRQHandler) referenced from startup_stm32f10x_hd.o(RESET)
 <LI><a href="#[33]">TIM2_IRQHandler</a> from timer.o(i.TIM2_IRQHandler) referenced from startup_stm32f10x_hd.o(RESET)
 <LI><a href="#[34]">TIM3_IRQHandler</a> from startup_stm32f10x_hd.o(.text) referenced from startup_stm32f10x_hd.o(RESET)
 <LI><a href="#[35]">TIM4_IRQHandler</a> from timer.o(i.TIM4_IRQHandler) referenced from startup_stm32f10x_hd.o(RESET)
 <LI><a href="#[49]">TIM5_IRQHandler</a> from timer.o(i.TIM5_IRQHandler) referenced from startup_stm32f10x_hd.o(RESET)
 <LI><a href="#[4d]">TIM6_IRQHandler</a> from timer.o(i.TIM6_IRQHandler) referenced from startup_stm32f10x_hd.o(RESET)
 <LI><a href="#[4e]">TIM7_IRQHandler</a> from startup_stm32f10x_hd.o(.text) referenced from startup_stm32f10x_hd.o(RESET)
 <LI><a href="#[42]">TIM8_BRK_IRQHandler</a> from startup_stm32f10x_hd.o(.text) referenced from startup_stm32f10x_hd.o(RESET)
 <LI><a href="#[45]">TIM8_CC_IRQHandler</a> from startup_stm32f10x_hd.o(.text) referenced from startup_stm32f10x_hd.o(RESET)
 <LI><a href="#[44]">TIM8_TRG_COM_IRQHandler</a> from startup_stm32f10x_hd.o(.text) referenced from startup_stm32f10x_hd.o(RESET)
 <LI><a href="#[43]">TIM8_UP_IRQHandler</a> from startup_stm32f10x_hd.o(.text) referenced from startup_stm32f10x_hd.o(RESET)
 <LI><a href="#[4b]">UART4_IRQHandler</a> from startup_stm32f10x_hd.o(.text) referenced from startup_stm32f10x_hd.o(RESET)
 <LI><a href="#[4c]">UART5_IRQHandler</a> from startup_stm32f10x_hd.o(.text) referenced from startup_stm32f10x_hd.o(RESET)
 <LI><a href="#[3c]">USART1_IRQHandler</a> from usart.o(i.USART1_IRQHandler) referenced from startup_stm32f10x_hd.o(RESET)
 <LI><a href="#[3d]">USART2_IRQHandler</a> from startup_stm32f10x_hd.o(.text) referenced from startup_stm32f10x_hd.o(RESET)
 <LI><a href="#[3e]">USART3_IRQHandler</a> from startup_stm32f10x_hd.o(.text) referenced from startup_stm32f10x_hd.o(RESET)
 <LI><a href="#[41]">USBWakeUp_IRQHandler</a> from startup_stm32f10x_hd.o(.text) referenced from startup_stm32f10x_hd.o(RESET)
 <LI><a href="#[2a]">USB_HP_CAN1_TX_IRQHandler</a> from startup_stm32f10x_hd.o(.text) referenced from startup_stm32f10x_hd.o(RESET)
 <LI><a href="#[2b]">USB_LP_CAN1_RX0_IRQHandler</a> from startup_stm32f10x_hd.o(.text) referenced from startup_stm32f10x_hd.o(RESET)
 <LI><a href="#[12]">UsageFault_Handler</a> from stm32f10x_it.o(i.UsageFault_Handler) referenced from startup_stm32f10x_hd.o(RESET)
 <LI><a href="#[17]">WWDG_IRQHandler</a> from startup_stm32f10x_hd.o(.text) referenced from startup_stm32f10x_hd.o(RESET)
 <LI><a href="#[55]">__main</a> from entry.o(.ARM.Collect$$$$00000000) referenced from startup_stm32f10x_hd.o(.text)
 <LI><a href="#[57]">_sputc</a> from printfa.o(i._sputc) referenced from printfa.o(i.__0sprintf)
 <LI><a href="#[62]">anim_task</a> from lv_anim.o(i.anim_task) referenced from lv_anim.o(i.lv_anim_core_init)
 <LI><a href="#[5c]">back_btn_event_handler</a> from gui_app.o(i.back_btn_event_handler) referenced from gui_app.o(i.general_win_create)
 <LI><a href="#[bc]">cursor_blink_anim</a> from lv_ta.o(i.cursor_blink_anim) referenced from lv_ta.o(i.lv_ta_create)
 <LI><a href="#[bc]">cursor_blink_anim</a> from lv_ta.o(i.cursor_blink_anim) referenced from lv_ta.o(i.lv_ta_set_cursor_pos)
 <LI><a href="#[7d]">deg_test_inv</a> from lv_draw_arc.o(i.deg_test_inv) referenced from lv_draw_arc.o(i.lv_draw_arc)
 <LI><a href="#[7c]">deg_test_norm</a> from lv_draw_arc.o(i.deg_test_norm) referenced from lv_draw_arc.o(i.lv_draw_arc)
 <LI><a href="#[a8]">disp_flush</a> from lv_port_disp.o(i.disp_flush) referenced from lv_port_disp.o(i.lv_port_disp_init)
 <LI><a href="#[a6]">edge_flash_anim</a> from lv_page.o(i.edge_flash_anim) referenced from lv_page.o(i.lv_page_start_edge_flash)
 <LI><a href="#[a7]">edge_flash_anim_end</a> from lv_page.o(i.edge_flash_anim_end) referenced from lv_page.o(i.lv_page_start_edge_flash)
 <LI><a href="#[58]">event_handler</a> from calendar_win.o(i.event_handler) referenced from calendar_win.o(i.calendar_win_create)
 <LI><a href="#[59]">event_handler</a> from chart_win.o(i.event_handler) referenced from chart_win.o(i.chart_win_create)
 <LI><a href="#[5a]">event_handler</a> from gauge_win.o(i.event_handler) referenced from gauge_win.o(i.gauge_win_create)
 <LI><a href="#[60]">event_handler</a> from main_win.o(i.event_handler) referenced from main_win.o(i.home_tab_init)
 <LI><a href="#[61]">event_handler</a> from login_win.o(i.event_handler) referenced from login_win.o(i.kb_create)
 <LI><a href="#[61]">event_handler</a> from login_win.o(i.event_handler) referenced from login_win.o(i.login_win_create)
 <LI><a href="#[c5]">event_handler</a> from progress_win.o(i.event_handler) referenced from progress_win.o(i.progress_win_create)
 <LI><a href="#[60]">event_handler</a> from main_win.o(i.event_handler) referenced from main_win.o(i.quit_mbox_create)
 <LI><a href="#[60]">event_handler</a> from main_win.o(i.event_handler) referenced from main_win.o(i.setting_tab_init)
 <LI><a href="#[56]">fputc</a> from usart.o(i.fputc) referenced from printfa.o(i.__0printf)
 <LI><a href="#[cb]">ft5206_scan</a> from ft5206.o(i.ft5206_scan) referenced from touch.o(i.tp_init)
 <LI><a href="#[ca]">gt9xxx_scan</a> from gt9xxx.o(i.gt9xxx_scan) referenced from touch.o(i.tp_init)
 <LI><a href="#[5f]">kern_pair_16_compare</a> from lv_font_fmt_txt.o(i.kern_pair_16_compare) referenced from lv_font_fmt_txt.o(i.get_kern_value)
 <LI><a href="#[5e]">kern_pair_8_compare</a> from lv_font_fmt_txt.o(i.kern_pair_8_compare) referenced from lv_font_fmt_txt.o(i.get_kern_value)
 <LI><a href="#[ad]">lv_anim_path_ease_in_out</a> from lv_anim.o(i.lv_anim_path_ease_in_out) referenced from lv_preload.o(i.lv_preload_set_type)
 <LI><a href="#[68]">lv_anim_path_linear</a> from lv_anim.o(i.lv_anim_path_linear) referenced from lv_bar.o(i.lv_bar_set_value)
 <LI><a href="#[68]">lv_anim_path_linear</a> from lv_anim.o(i.lv_anim_path_linear) referenced from lv_ddlist.o(i.lv_ddlist_refr_size)
 <LI><a href="#[68]">lv_anim_path_linear</a> from lv_anim.o(i.lv_anim_path_linear) referenced from lv_label.o(i.lv_label_refr_text)
 <LI><a href="#[68]">lv_anim_path_linear</a> from lv_anim.o(i.lv_anim_path_linear) referenced from lv_mbox.o(i.lv_mbox_start_auto_close)
 <LI><a href="#[68]">lv_anim_path_linear</a> from lv_anim.o(i.lv_anim_path_linear) referenced from lv_page.o(i.lv_page_focus)
 <LI><a href="#[68]">lv_anim_path_linear</a> from lv_anim.o(i.lv_anim_path_linear) referenced from lv_page.o(i.lv_page_scroll_hor)
 <LI><a href="#[68]">lv_anim_path_linear</a> from lv_anim.o(i.lv_anim_path_linear) referenced from lv_page.o(i.lv_page_scroll_ver)
 <LI><a href="#[68]">lv_anim_path_linear</a> from lv_anim.o(i.lv_anim_path_linear) referenced from lv_page.o(i.lv_page_start_edge_flash)
 <LI><a href="#[68]">lv_anim_path_linear</a> from lv_anim.o(i.lv_anim_path_linear) referenced from lv_tabview.o(i.lv_tabview_set_tab_act)
 <LI><a href="#[68]">lv_anim_path_linear</a> from lv_anim.o(i.lv_anim_path_linear) referenced from lv_roller.o(i.refr_position)
 <LI><a href="#[b7]">lv_anim_path_step</a> from lv_anim.o(i.lv_anim_path_step) referenced from lv_ta.o(i.lv_ta_add_char)
 <LI><a href="#[b7]">lv_anim_path_step</a> from lv_anim.o(i.lv_anim_path_step) referenced from lv_ta.o(i.lv_ta_add_text)
 <LI><a href="#[b7]">lv_anim_path_step</a> from lv_anim.o(i.lv_anim_path_step) referenced from lv_ta.o(i.lv_ta_create)
 <LI><a href="#[b7]">lv_anim_path_step</a> from lv_anim.o(i.lv_anim_path_step) referenced from lv_ta.o(i.lv_ta_set_cursor_pos)
 <LI><a href="#[b7]">lv_anim_path_step</a> from lv_anim.o(i.lv_anim_path_step) referenced from lv_ta.o(i.lv_ta_set_text)
 <LI><a href="#[64]">lv_arc_design</a> from lv_arc.o(i.lv_arc_design) referenced from lv_arc.o(i.lv_arc_create)
 <LI><a href="#[63]">lv_arc_signal</a> from lv_arc.o(i.lv_arc_signal) referenced from lv_arc.o(i.lv_arc_create)
 <LI><a href="#[67]">lv_bar_anim</a> from lv_bar.o(i.lv_bar_anim) referenced from lv_bar.o(i.lv_bar_set_value)
 <LI><a href="#[69]">lv_bar_anim_ready</a> from lv_bar.o(i.lv_bar_anim_ready) referenced from lv_bar.o(i.lv_bar_set_value)
 <LI><a href="#[66]">lv_bar_design</a> from lv_bar.o(i.lv_bar_design) referenced from lv_bar.o(i.lv_bar_create)
 <LI><a href="#[65]">lv_bar_signal</a> from lv_bar.o(i.lv_bar_signal) referenced from lv_bar.o(i.lv_bar_create)
 <LI><a href="#[6b]">lv_btn_design</a> from lv_btn.o(i.lv_btn_design) referenced from lv_btn.o(i.lv_btn_create)
 <LI><a href="#[6a]">lv_btn_signal</a> from lv_btn.o(i.lv_btn_signal) referenced from lv_btn.o(i.lv_btn_create)
 <LI><a href="#[6d]">lv_btnm_design</a> from lv_btnm.o(i.lv_btnm_design) referenced from lv_btnm.o(i.lv_btnm_create)
 <LI><a href="#[6c]">lv_btnm_signal</a> from lv_btnm.o(i.lv_btnm_signal) referenced from lv_btnm.o(i.lv_btnm_create)
 <LI><a href="#[72]">lv_bullet_design</a> from lv_cb.o(i.lv_bullet_design) referenced from lv_cb.o(i.lv_cb_create)
 <LI><a href="#[6f]">lv_calendar_design</a> from lv_calendar.o(i.lv_calendar_design) referenced from lv_calendar.o(i.lv_calendar_create)
 <LI><a href="#[6e]">lv_calendar_signal</a> from lv_calendar.o(i.lv_calendar_signal) referenced from lv_calendar.o(i.lv_calendar_create)
 <LI><a href="#[71]">lv_cb_design</a> from lv_cb.o(i.lv_cb_design) referenced from lv_cb.o(i.lv_cb_create)
 <LI><a href="#[70]">lv_cb_signal</a> from lv_cb.o(i.lv_cb_signal) referenced from lv_cb.o(i.lv_cb_create)
 <LI><a href="#[74]">lv_chart_design</a> from lv_chart.o(i.lv_chart_design) referenced from lv_chart.o(i.lv_chart_create)
 <LI><a href="#[73]">lv_chart_signal</a> from lv_chart.o(i.lv_chart_signal) referenced from lv_chart.o(i.lv_chart_create)
 <LI><a href="#[75]">lv_cont_signal</a> from lv_cont.o(i.lv_cont_signal) referenced from lv_cont.o(i.lv_cont_create)
 <LI><a href="#[79]">lv_ddlist_adjust_height</a> from lv_ddlist.o(i.lv_ddlist_adjust_height) referenced from lv_ddlist.o(i.lv_ddlist_refr_size)
 <LI><a href="#[7a]">lv_ddlist_anim_ready_cb</a> from lv_ddlist.o(i.lv_ddlist_anim_ready_cb) referenced from lv_ddlist.o(i.lv_ddlist_refr_size)
 <LI><a href="#[78]">lv_ddlist_design</a> from lv_ddlist.o(i.lv_ddlist_design) referenced from lv_ddlist.o(i.lv_ddlist_create)
 <LI><a href="#[77]">lv_ddlist_scrl_signal</a> from lv_ddlist.o(i.lv_ddlist_scrl_signal) referenced from lv_ddlist.o(i.lv_ddlist_create)
 <LI><a href="#[76]">lv_ddlist_signal</a> from lv_ddlist.o(i.lv_ddlist_signal) referenced from lv_ddlist.o(i.lv_ddlist_create)
 <LI><a href="#[7b]">lv_disp_refr_task</a> from lv_refr.o(i.lv_disp_refr_task) referenced from lv_hal_disp.o(i.lv_disp_drv_register)
 <LI><a href="#[4]">lv_font_get_bitmap_fmt_txt</a> from lv_font_fmt_txt.o(i.lv_font_get_bitmap_fmt_txt) referenced 2 times from lv_font_roboto_16.o(.data)
 <LI><a href="#[3]">lv_font_get_glyph_dsc_fmt_txt</a> from lv_font_fmt_txt.o(i.lv_font_get_glyph_dsc_fmt_txt) referenced 2 times from lv_font_roboto_16.o(.data)
 <LI><a href="#[7f]">lv_gauge_design</a> from lv_gauge.o(i.lv_gauge_design) referenced from lv_gauge.o(i.lv_gauge_create)
 <LI><a href="#[7e]">lv_gauge_signal</a> from lv_gauge.o(i.lv_gauge_signal) referenced from lv_gauge.o(i.lv_gauge_create)
 <LI><a href="#[89]">lv_img_decoder_built_in_close</a> from lv_img_decoder.o(i.lv_img_decoder_built_in_close) referenced from lv_img_decoder.o(i.lv_img_decoder_init)
 <LI><a href="#[86]">lv_img_decoder_built_in_info</a> from lv_img_decoder.o(i.lv_img_decoder_built_in_info) referenced from lv_img_decoder.o(i.lv_img_decoder_init)
 <LI><a href="#[87]">lv_img_decoder_built_in_open</a> from lv_img_decoder.o(i.lv_img_decoder_built_in_open) referenced from lv_img_decoder.o(i.lv_img_decoder_init)
 <LI><a href="#[88]">lv_img_decoder_built_in_read_line</a> from lv_img_decoder.o(i.lv_img_decoder_built_in_read_line) referenced from lv_img_decoder.o(i.lv_img_decoder_init)
 <LI><a href="#[85]">lv_img_design</a> from lv_img.o(i.lv_img_design) referenced from lv_img.o(i.lv_img_create)
 <LI><a href="#[84]">lv_img_signal</a> from lv_img.o(i.lv_img_signal) referenced from lv_img.o(i.lv_img_create)
 <LI><a href="#[8a]">lv_indev_read_task</a> from lv_indev.o(i.lv_indev_read_task) referenced from lv_hal_indev.o(i.lv_indev_drv_register)
 <LI><a href="#[8c]">lv_kb_def_event_cb</a> from lv_kb.o(i.lv_kb_def_event_cb) referenced from lv_kb.o(i.lv_kb_create)
 <LI><a href="#[8c]">lv_kb_def_event_cb</a> from lv_kb.o(i.lv_kb_def_event_cb) referenced 2 times from lv_kb.o(i.lv_kb_def_event_cb)
 <LI><a href="#[8b]">lv_kb_signal</a> from lv_kb.o(i.lv_kb_signal) referenced from lv_kb.o(i.lv_kb_create)
 <LI><a href="#[8d]">lv_label_design</a> from lv_label.o(i.lv_label_design) referenced from lv_label.o(i.lv_label_create)
 <LI><a href="#[8f]">lv_label_set_offset_x</a> from lv_label.o(i.lv_label_set_offset_x) referenced from lv_label.o(i.lv_label_refr_text)
 <LI><a href="#[8f]">lv_label_set_offset_x</a> from lv_label.o(i.lv_label_set_offset_x) referenced from lv_label.o(i.lv_label_set_long_mode)
 <LI><a href="#[90]">lv_label_set_offset_y</a> from lv_label.o(i.lv_label_set_offset_y) referenced from lv_label.o(i.lv_label_refr_text)
 <LI><a href="#[90]">lv_label_set_offset_y</a> from lv_label.o(i.lv_label_set_offset_y) referenced from lv_label.o(i.lv_label_set_long_mode)
 <LI><a href="#[8e]">lv_label_signal</a> from lv_label.o(i.lv_label_signal) referenced from lv_label.o(i.lv_label_create)
 <LI><a href="#[93]">lv_line_design</a> from lv_line.o(i.lv_line_design) referenced from lv_line.o(i.lv_line_create)
 <LI><a href="#[94]">lv_line_signal</a> from lv_line.o(i.lv_line_signal) referenced from lv_line.o(i.lv_line_create)
 <LI><a href="#[95]">lv_list_btn_signal</a> from lv_list.o(i.lv_list_btn_signal) referenced from lv_list.o(i.lv_list_add_btn)
 <LI><a href="#[96]">lv_list_signal</a> from lv_list.o(i.lv_list_signal) referenced from lv_list.o(i.lv_list_create)
 <LI><a href="#[81]">lv_ll_get_head</a> from lv_ll.o(i.lv_ll_get_head) referenced from lv_group.o(i.lv_group_focus_next)
 <LI><a href="#[80]">lv_ll_get_next</a> from lv_ll.o(i.lv_ll_get_next) referenced from lv_group.o(i.lv_group_focus_next)
 <LI><a href="#[82]">lv_ll_get_prev</a> from lv_ll.o(i.lv_ll_get_prev) referenced from lv_group.o(i.lv_group_focus_prev)
 <LI><a href="#[83]">lv_ll_get_tail</a> from lv_ll.o(i.lv_ll_get_tail) referenced from lv_group.o(i.lv_group_focus_prev)
 <LI><a href="#[98]">lv_lmeter_design</a> from lv_lmeter.o(i.lv_lmeter_design) referenced from lv_lmeter.o(i.lv_lmeter_create)
 <LI><a href="#[97]">lv_lmeter_signal</a> from lv_lmeter.o(i.lv_lmeter_signal) referenced from lv_lmeter.o(i.lv_lmeter_create)
 <LI><a href="#[99]">lv_mbox_btnm_event_cb</a> from lv_mbox.o(i.lv_mbox_btnm_event_cb) referenced from lv_mbox.o(i.lv_mbox_add_btns)
 <LI><a href="#[9e]">lv_mbox_close_ready_cb</a> from lv_mbox.o(i.lv_mbox_close_ready_cb) referenced from lv_mbox.o(i.lv_mbox_start_auto_close)
 <LI><a href="#[9b]">lv_mbox_default_event_cb</a> from lv_mbox.o(i.lv_mbox_default_event_cb) referenced from lv_mbox.o(i.lv_mbox_create)
 <LI><a href="#[9a]">lv_mbox_signal</a> from lv_mbox.o(i.lv_mbox_signal) referenced from lv_mbox.o(i.lv_mbox_create)
 <LI><a href="#[a0]">lv_obj_design</a> from lv_obj.o(i.lv_obj_design) referenced from lv_obj.o(i.lv_obj_create)
 <LI><a href="#[9c]">lv_obj_set_height</a> from lv_obj.o(i.lv_obj_set_height) referenced from lv_mbox.o(i.lv_mbox_start_auto_close)
 <LI><a href="#[9d]">lv_obj_set_width</a> from lv_obj.o(i.lv_obj_set_width) referenced from lv_mbox.o(i.lv_mbox_start_auto_close)
 <LI><a href="#[91]">lv_obj_set_x</a> from lv_obj.o(i.lv_obj_set_x) referenced from lv_label.o(i.lv_label_set_long_mode)
 <LI><a href="#[91]">lv_obj_set_x</a> from lv_obj.o(i.lv_obj_set_x) referenced from lv_page.o(i.lv_page_focus)
 <LI><a href="#[91]">lv_obj_set_x</a> from lv_obj.o(i.lv_obj_set_x) referenced from lv_page.o(i.lv_page_scroll_hor)
 <LI><a href="#[91]">lv_obj_set_x</a> from lv_obj.o(i.lv_obj_set_x) referenced from lv_tabview.o(i.lv_tabview_set_tab_act)
 <LI><a href="#[92]">lv_obj_set_y</a> from lv_obj.o(i.lv_obj_set_y) referenced from lv_label.o(i.lv_label_set_long_mode)
 <LI><a href="#[92]">lv_obj_set_y</a> from lv_obj.o(i.lv_obj_set_y) referenced from lv_page.o(i.lv_page_focus)
 <LI><a href="#[92]">lv_obj_set_y</a> from lv_obj.o(i.lv_obj_set_y) referenced from lv_page.o(i.lv_page_scroll_ver)
 <LI><a href="#[92]">lv_obj_set_y</a> from lv_obj.o(i.lv_obj_set_y) referenced from lv_roller.o(i.lv_roller_scrl_signal)
 <LI><a href="#[92]">lv_obj_set_y</a> from lv_obj.o(i.lv_obj_set_y) referenced from lv_roller.o(i.lv_roller_signal)
 <LI><a href="#[92]">lv_obj_set_y</a> from lv_obj.o(i.lv_obj_set_y) referenced from lv_tabview.o(i.lv_tabview_set_tab_act)
 <LI><a href="#[92]">lv_obj_set_y</a> from lv_obj.o(i.lv_obj_set_y) referenced from lv_roller.o(i.refr_height)
 <LI><a href="#[92]">lv_obj_set_y</a> from lv_obj.o(i.lv_obj_set_y) referenced from lv_roller.o(i.refr_position)
 <LI><a href="#[9f]">lv_obj_signal</a> from lv_obj.o(i.lv_obj_signal) referenced from lv_obj.o(i.lv_obj_create)
 <LI><a href="#[a5]">lv_page_design</a> from lv_page.o(i.lv_page_design) referenced from lv_page.o(i.lv_page_create)
 <LI><a href="#[a1]">lv_page_scrollable_signal</a> from lv_page.o(i.lv_page_scrollable_signal) referenced from lv_page.o(i.lv_page_create)
 <LI><a href="#[a4]">lv_page_signal</a> from lv_page.o(i.lv_page_signal) referenced from lv_page.o(i.lv_page_create)
 <LI><a href="#[ab]">lv_preload_design</a> from lv_preload.o(i.lv_preload_design) referenced from lv_preload.o(i.lv_preload_create)
 <LI><a href="#[ae]">lv_preload_set_arc_length</a> from lv_preload.o(i.lv_preload_set_arc_length) referenced from lv_preload.o(i.lv_preload_set_type)
 <LI><a href="#[aa]">lv_preload_signal</a> from lv_preload.o(i.lv_preload_signal) referenced from lv_preload.o(i.lv_preload_create)
 <LI><a href="#[ac]">lv_preload_spinner_anim</a> from lv_preload.o(i.lv_preload_spinner_anim) referenced from lv_preload.o(i.lv_preload_set_type)
 <LI><a href="#[b0]">lv_roller_design</a> from lv_roller.o(i.lv_roller_design) referenced from lv_roller.o(i.lv_roller_create)
 <LI><a href="#[b1]">lv_roller_scrl_signal</a> from lv_roller.o(i.lv_roller_scrl_signal) referenced from lv_roller.o(i.lv_roller_create)
 <LI><a href="#[af]">lv_roller_signal</a> from lv_roller.o(i.lv_roller_signal) referenced from lv_roller.o(i.lv_roller_create)
 <LI><a href="#[a2]">lv_scrl_design</a> from lv_page.o(i.lv_scrl_design) referenced from lv_page.o(i.lv_page_create)
 <LI><a href="#[b3]">lv_slider_design</a> from lv_slider.o(i.lv_slider_design) referenced from lv_slider.o(i.lv_slider_create)
 <LI><a href="#[b2]">lv_slider_signal</a> from lv_slider.o(i.lv_slider_signal) referenced from lv_slider.o(i.lv_slider_create)
 <LI><a href="#[b4]">lv_sw_signal</a> from lv_sw.o(i.lv_sw_signal) referenced from lv_sw.o(i.lv_sw_create)
 <LI><a href="#[ba]">lv_ta_design</a> from lv_ta.o(i.lv_ta_design) referenced from lv_ta.o(i.lv_ta_create)
 <LI><a href="#[bb]">lv_ta_scrollable_design</a> from lv_ta.o(i.lv_ta_scrollable_design) referenced from lv_ta.o(i.lv_ta_create)
 <LI><a href="#[b9]">lv_ta_scrollable_signal</a> from lv_ta.o(i.lv_ta_scrollable_signal) referenced from lv_ta.o(i.lv_ta_create)
 <LI><a href="#[b8]">lv_ta_signal</a> from lv_ta.o(i.lv_ta_signal) referenced from lv_ta.o(i.lv_ta_create)
 <LI><a href="#[be]">lv_table_design</a> from lv_table.o(i.lv_table_design) referenced from lv_table.o(i.lv_table_create)
 <LI><a href="#[bd]">lv_table_signal</a> from lv_table.o(i.lv_table_signal) referenced from lv_table.o(i.lv_table_create)
 <LI><a href="#[c1]">lv_tabview_signal</a> from lv_tabview.o(i.lv_tabview_signal) referenced from lv_tabview.o(i.lv_tabview_create)
 <LI><a href="#[6]">lv_txt_unicode_to_utf8</a> from lv_txt.o(i.lv_txt_unicode_to_utf8) referenced 2 times from lv_txt.o(.data)
 <LI><a href="#[7]">lv_txt_utf8_conv_wc</a> from lv_txt.o(i.lv_txt_utf8_conv_wc) referenced 2 times from lv_txt.o(.data)
 <LI><a href="#[a]">lv_txt_utf8_get_byte_id</a> from lv_txt.o(i.lv_txt_utf8_get_byte_id) referenced 2 times from lv_txt.o(.data)
 <LI><a href="#[b]">lv_txt_utf8_get_char_id</a> from lv_txt.o(i.lv_txt_utf8_get_char_id) referenced 2 times from lv_txt.o(.data)
 <LI><a href="#[c]">lv_txt_utf8_get_length</a> from lv_txt.o(i.lv_txt_utf8_get_length) referenced 2 times from lv_txt.o(.data)
 <LI><a href="#[8]">lv_txt_utf8_next</a> from lv_txt.o(i.lv_txt_utf8_next) referenced 2 times from lv_txt.o(.data)
 <LI><a href="#[9]">lv_txt_utf8_prev</a> from lv_txt.o(i.lv_txt_utf8_prev) referenced 2 times from lv_txt.o(.data)
 <LI><a href="#[5]">lv_txt_utf8_size</a> from lv_txt.o(i.lv_txt_utf8_size) referenced 2 times from lv_txt.o(.data)
 <LI><a href="#[53]">main</a> from main.o(i.main) referenced from entry9a.o(.ARM.Collect$$$$0000000B)
 <LI><a href="#[c6]">progress_task</a> from progress_win.o(i.progress_task) referenced from progress_win.o(i.progress_win_create)
 <LI><a href="#[b5]">pwd_char_hider_anim</a> from lv_ta.o(i.pwd_char_hider_anim) referenced from lv_ta.o(i.lv_ta_add_char)
 <LI><a href="#[b5]">pwd_char_hider_anim</a> from lv_ta.o(i.pwd_char_hider_anim) referenced from lv_ta.o(i.lv_ta_add_text)
 <LI><a href="#[b5]">pwd_char_hider_anim</a> from lv_ta.o(i.pwd_char_hider_anim) referenced from lv_ta.o(i.lv_ta_set_text)
 <LI><a href="#[b6]">pwd_char_hider_anim_ready</a> from lv_ta.o(i.pwd_char_hider_anim_ready) referenced from lv_ta.o(i.lv_ta_add_char)
 <LI><a href="#[b6]">pwd_char_hider_anim_ready</a> from lv_ta.o(i.pwd_char_hider_anim_ready) referenced from lv_ta.o(i.lv_ta_add_text)
 <LI><a href="#[b6]">pwd_char_hider_anim_ready</a> from lv_ta.o(i.pwd_char_hider_anim_ready) referenced from lv_ta.o(i.lv_ta_set_text)
 <LI><a href="#[a3]">scrl_def_event_cb</a> from lv_page.o(i.scrl_def_event_cb) referenced from lv_page.o(i.lv_page_create)
 <LI><a href="#[c7]">scroll_anim_ready_cb</a> from lv_roller.o(i.scroll_anim_ready_cb) referenced from lv_roller.o(i.refr_position)
 <LI><a href="#[c3]">style_mod</a> from lv_theme_night.o(i.style_mod) referenced from lv_theme_night.o(i.lv_theme_night_init)
 <LI><a href="#[c8]">style_mod_def</a> from lv_group.o(i.style_mod_def) referenced from lv_group.o(i.refresh_theme)
 <LI><a href="#[c4]">style_mod_edit</a> from lv_theme_night.o(i.style_mod_edit) referenced from lv_theme_night.o(i.lv_theme_night_init)
 <LI><a href="#[c9]">style_mod_edit_def</a> from lv_group.o(i.style_mod_edit_def) referenced from lv_group.o(i.refresh_theme)
 <LI><a href="#[c2]">tab_btnm_event_cb</a> from lv_tabview.o(i.tab_btnm_event_cb) referenced from lv_tabview.o(i.lv_tabview_create)
 <LI><a href="#[c0]">tabpage_scrl_signal</a> from lv_tabview.o(i.tabpage_scrl_signal) referenced from lv_tabview.o(i.lv_tabview_add_tab)
 <LI><a href="#[bf]">tabpage_signal</a> from lv_tabview.o(i.tabpage_signal) referenced from lv_tabview.o(i.lv_tabview_add_tab)
 <LI><a href="#[bf]">tabpage_signal</a> from lv_tabview.o(i.tabpage_signal) referenced from lv_tabview.o(i.tabview_realign)
 <LI><a href="#[5b]">task_cb</a> from gauge_win.o(i.task_cb) referenced from gauge_win.o(i.gauge_win_create)
 <LI><a href="#[a9]">touchpad_read</a> from lv_port_indev.o(i.touchpad_read) referenced from lv_port_indev.o(i.lv_port_indev_init)
 <LI><a href="#[2]">tp_adjust</a> from touch.o(i.tp_adjust) referenced 2 times from touch.o(.data)
 <LI><a href="#[0]">tp_init</a> from touch.o(i.tp_init) referenced 2 times from touch.o(.data)
 <LI><a href="#[1]">tp_scan</a> from touch.o(i.tp_scan) referenced 2 times from touch.o(.data)
 <LI><a href="#[5d]">unicode_list_compare</a> from lv_font_fmt_txt.o(i.unicode_list_compare) referenced from lv_font_fmt_txt.o(i.get_glyph_dsc_id)
</UL>
<P>
<H3>
Global Symbols
</H3>
<P><STRONG><a name="[55]"></a>__main</STRONG> (Thumb, 0 bytes, Stack size 0 bytes, entry.o(.ARM.Collect$$$$00000000))
<BR>[Address Reference Count : 1]<UL><LI> startup_stm32f10x_hd.o(.text)
</UL>
<P><STRONG><a name="[cc]"></a>_main_scatterload</STRONG> (Thumb, 0 bytes, Stack size 0 bytes, entry5.o(.ARM.Collect$$$$00000004))
<BR><BR>[Calls]<UL><LI><a href="#[cd]">&gt;&gt;</a>&nbsp;&nbsp;&nbsp;__scatterload
</UL>

<P><STRONG><a name="[eb]"></a>__main_after_scatterload</STRONG> (Thumb, 0 bytes, Stack size 0 bytes, entry5.o(.ARM.Collect$$$$00000004))
<BR><BR>[Called By]<UL><LI><a href="#[cd]">&gt;&gt;</a>&nbsp;&nbsp;&nbsp;__scatterload
</UL>

<P><STRONG><a name="[13]"></a>SVC_Handler</STRONG> (Thumb, 32 bytes, Stack size 0 bytes, port.o(.emb_text))
<BR>[Address Reference Count : 1]<UL><LI> startup_stm32f10x_hd.o(RESET)
</UL>
<P><STRONG><a name="[15]"></a>PendSV_Handler</STRONG> (Thumb, 72 bytes, Stack size 0 bytes, port.o(.emb_text))
<BR><BR>[Calls]<UL><LI><a href="#[ce]">&gt;&gt;</a>&nbsp;&nbsp;&nbsp;vTaskSwitchContext
</UL>
<BR>[Address Reference Count : 1]<UL><LI> startup_stm32f10x_hd.o(RESET)
</UL>
<P><STRONG><a name="[d]"></a>Reset_Handler</STRONG> (Thumb, 8 bytes, Stack size 0 bytes, startup_stm32f10x_hd.o(.text))
<BR>[Address Reference Count : 1]<UL><LI> startup_stm32f10x_hd.o(RESET)
</UL>
<P><STRONG><a name="[29]"></a>ADC1_2_IRQHandler</STRONG> (Thumb, 0 bytes, Stack size 0 bytes, startup_stm32f10x_hd.o(.text))
<BR><BR>[Calls]<UL><LI><a href="#[29]">&gt;&gt;</a>&nbsp;&nbsp;&nbsp;ADC1_2_IRQHandler
</UL>
<BR>[Called By]<UL><LI><a href="#[29]">&gt;&gt;</a>&nbsp;&nbsp;&nbsp;ADC1_2_IRQHandler
</UL>
<BR>[Address Reference Count : 1]<UL><LI> startup_stm32f10x_hd.o(RESET)
</UL>
<P><STRONG><a name="[46]"></a>ADC3_IRQHandler</STRONG> (Thumb, 0 bytes, Stack size 0 bytes, startup_stm32f10x_hd.o(.text))
<BR>[Address Reference Count : 1]<UL><LI> startup_stm32f10x_hd.o(RESET)
</UL>
<P><STRONG><a name="[2d]"></a>CAN1_SCE_IRQHandler</STRONG> (Thumb, 0 bytes, Stack size 0 bytes, startup_stm32f10x_hd.o(.text))
<BR>[Address Reference Count : 1]<UL><LI> startup_stm32f10x_hd.o(RESET)
</UL>
<P><STRONG><a name="[22]"></a>DMA1_Channel1_IRQHandler</STRONG> (Thumb, 0 bytes, Stack size 0 bytes, startup_stm32f10x_hd.o(.text))
<BR>[Address Reference Count : 1]<UL><LI> startup_stm32f10x_hd.o(RESET)
</UL>
<P><STRONG><a name="[23]"></a>DMA1_Channel2_IRQHandler</STRONG> (Thumb, 0 bytes, Stack size 0 bytes, startup_stm32f10x_hd.o(.text))
<BR>[Address Reference Count : 1]<UL><LI> startup_stm32f10x_hd.o(RESET)
</UL>
<P><STRONG><a name="[24]"></a>DMA1_Channel3_IRQHandler</STRONG> (Thumb, 0 bytes, Stack size 0 bytes, startup_stm32f10x_hd.o(.text))
<BR>[Address Reference Count : 1]<UL><LI> startup_stm32f10x_hd.o(RESET)
</UL>
<P><STRONG><a name="[25]"></a>DMA1_Channel4_IRQHandler</STRONG> (Thumb, 0 bytes, Stack size 0 bytes, startup_stm32f10x_hd.o(.text))
<BR>[Address Reference Count : 1]<UL><LI> startup_stm32f10x_hd.o(RESET)
</UL>
<P><STRONG><a name="[26]"></a>DMA1_Channel5_IRQHandler</STRONG> (Thumb, 0 bytes, Stack size 0 bytes, startup_stm32f10x_hd.o(.text))
<BR>[Address Reference Count : 1]<UL><LI> startup_stm32f10x_hd.o(RESET)
</UL>
<P><STRONG><a name="[27]"></a>DMA1_Channel6_IRQHandler</STRONG> (Thumb, 0 bytes, Stack size 0 bytes, startup_stm32f10x_hd.o(.text))
<BR>[Address Reference Count : 1]<UL><LI> startup_stm32f10x_hd.o(RESET)
</UL>
<P><STRONG><a name="[28]"></a>DMA1_Channel7_IRQHandler</STRONG> (Thumb, 0 bytes, Stack size 0 bytes, startup_stm32f10x_hd.o(.text))
<BR>[Address Reference Count : 1]<UL><LI> startup_stm32f10x_hd.o(RESET)
</UL>
<P><STRONG><a name="[4f]"></a>DMA2_Channel1_IRQHandler</STRONG> (Thumb, 0 bytes, Stack size 0 bytes, startup_stm32f10x_hd.o(.text))
<BR>[Address Reference Count : 1]<UL><LI> startup_stm32f10x_hd.o(RESET)
</UL>
<P><STRONG><a name="[50]"></a>DMA2_Channel2_IRQHandler</STRONG> (Thumb, 0 bytes, Stack size 0 bytes, startup_stm32f10x_hd.o(.text))
<BR>[Address Reference Count : 1]<UL><LI> startup_stm32f10x_hd.o(RESET)
</UL>
<P><STRONG><a name="[51]"></a>DMA2_Channel3_IRQHandler</STRONG> (Thumb, 0 bytes, Stack size 0 bytes, startup_stm32f10x_hd.o(.text))
<BR>[Address Reference Count : 1]<UL><LI> startup_stm32f10x_hd.o(RESET)
</UL>
<P><STRONG><a name="[52]"></a>DMA2_Channel4_5_IRQHandler</STRONG> (Thumb, 0 bytes, Stack size 0 bytes, startup_stm32f10x_hd.o(.text))
<BR>[Address Reference Count : 1]<UL><LI> startup_stm32f10x_hd.o(RESET)
</UL>
<P><STRONG><a name="[1d]"></a>EXTI0_IRQHandler</STRONG> (Thumb, 0 bytes, Stack size 0 bytes, startup_stm32f10x_hd.o(.text))
<BR>[Address Reference Count : 1]<UL><LI> startup_stm32f10x_hd.o(RESET)
</UL>
<P><STRONG><a name="[3f]"></a>EXTI15_10_IRQHandler</STRONG> (Thumb, 0 bytes, Stack size 0 bytes, startup_stm32f10x_hd.o(.text))
<BR>[Address Reference Count : 1]<UL><LI> startup_stm32f10x_hd.o(RESET)
</UL>
<P><STRONG><a name="[1e]"></a>EXTI1_IRQHandler</STRONG> (Thumb, 0 bytes, Stack size 0 bytes, startup_stm32f10x_hd.o(.text))
<BR>[Address Reference Count : 1]<UL><LI> startup_stm32f10x_hd.o(RESET)
</UL>
<P><STRONG><a name="[1f]"></a>EXTI2_IRQHandler</STRONG> (Thumb, 0 bytes, Stack size 0 bytes, startup_stm32f10x_hd.o(.text))
<BR>[Address Reference Count : 1]<UL><LI> startup_stm32f10x_hd.o(RESET)
</UL>
<P><STRONG><a name="[20]"></a>EXTI3_IRQHandler</STRONG> (Thumb, 0 bytes, Stack size 0 bytes, startup_stm32f10x_hd.o(.text))
<BR>[Address Reference Count : 1]<UL><LI> startup_stm32f10x_hd.o(RESET)
</UL>
<P><STRONG><a name="[21]"></a>EXTI4_IRQHandler</STRONG> (Thumb, 0 bytes, Stack size 0 bytes, startup_stm32f10x_hd.o(.text))
<BR>[Address Reference Count : 1]<UL><LI> startup_stm32f10x_hd.o(RESET)
</UL>
<P><STRONG><a name="[2e]"></a>EXTI9_5_IRQHandler</STRONG> (Thumb, 0 bytes, Stack size 0 bytes, startup_stm32f10x_hd.o(.text))
<BR>[Address Reference Count : 1]<UL><LI> startup_stm32f10x_hd.o(RESET)
</UL>
<P><STRONG><a name="[1b]"></a>FLASH_IRQHandler</STRONG> (Thumb, 0 bytes, Stack size 0 bytes, startup_stm32f10x_hd.o(.text))
<BR>[Address Reference Count : 1]<UL><LI> startup_stm32f10x_hd.o(RESET)
</UL>
<P><STRONG><a name="[47]"></a>FSMC_IRQHandler</STRONG> (Thumb, 0 bytes, Stack size 0 bytes, startup_stm32f10x_hd.o(.text))
<BR>[Address Reference Count : 1]<UL><LI> startup_stm32f10x_hd.o(RESET)
</UL>
<P><STRONG><a name="[37]"></a>I2C1_ER_IRQHandler</STRONG> (Thumb, 0 bytes, Stack size 0 bytes, startup_stm32f10x_hd.o(.text))
<BR>[Address Reference Count : 1]<UL><LI> startup_stm32f10x_hd.o(RESET)
</UL>
<P><STRONG><a name="[36]"></a>I2C1_EV_IRQHandler</STRONG> (Thumb, 0 bytes, Stack size 0 bytes, startup_stm32f10x_hd.o(.text))
<BR>[Address Reference Count : 1]<UL><LI> startup_stm32f10x_hd.o(RESET)
</UL>
<P><STRONG><a name="[39]"></a>I2C2_ER_IRQHandler</STRONG> (Thumb, 0 bytes, Stack size 0 bytes, startup_stm32f10x_hd.o(.text))
<BR>[Address Reference Count : 1]<UL><LI> startup_stm32f10x_hd.o(RESET)
</UL>
<P><STRONG><a name="[38]"></a>I2C2_EV_IRQHandler</STRONG> (Thumb, 0 bytes, Stack size 0 bytes, startup_stm32f10x_hd.o(.text))
<BR>[Address Reference Count : 1]<UL><LI> startup_stm32f10x_hd.o(RESET)
</UL>
<P><STRONG><a name="[18]"></a>PVD_IRQHandler</STRONG> (Thumb, 0 bytes, Stack size 0 bytes, startup_stm32f10x_hd.o(.text))
<BR>[Address Reference Count : 1]<UL><LI> startup_stm32f10x_hd.o(RESET)
</UL>
<P><STRONG><a name="[1c]"></a>RCC_IRQHandler</STRONG> (Thumb, 0 bytes, Stack size 0 bytes, startup_stm32f10x_hd.o(.text))
<BR>[Address Reference Count : 1]<UL><LI> startup_stm32f10x_hd.o(RESET)
</UL>
<P><STRONG><a name="[40]"></a>RTCAlarm_IRQHandler</STRONG> (Thumb, 0 bytes, Stack size 0 bytes, startup_stm32f10x_hd.o(.text))
<BR>[Address Reference Count : 1]<UL><LI> startup_stm32f10x_hd.o(RESET)
</UL>
<P><STRONG><a name="[1a]"></a>RTC_IRQHandler</STRONG> (Thumb, 0 bytes, Stack size 0 bytes, startup_stm32f10x_hd.o(.text))
<BR>[Address Reference Count : 1]<UL><LI> startup_stm32f10x_hd.o(RESET)
</UL>
<P><STRONG><a name="[48]"></a>SDIO_IRQHandler</STRONG> (Thumb, 0 bytes, Stack size 0 bytes, startup_stm32f10x_hd.o(.text))
<BR>[Address Reference Count : 1]<UL><LI> startup_stm32f10x_hd.o(RESET)
</UL>
<P><STRONG><a name="[3a]"></a>SPI1_IRQHandler</STRONG> (Thumb, 0 bytes, Stack size 0 bytes, startup_stm32f10x_hd.o(.text))
<BR>[Address Reference Count : 1]<UL><LI> startup_stm32f10x_hd.o(RESET)
</UL>
<P><STRONG><a name="[3b]"></a>SPI2_IRQHandler</STRONG> (Thumb, 0 bytes, Stack size 0 bytes, startup_stm32f10x_hd.o(.text))
<BR>[Address Reference Count : 1]<UL><LI> startup_stm32f10x_hd.o(RESET)
</UL>
<P><STRONG><a name="[4a]"></a>SPI3_IRQHandler</STRONG> (Thumb, 0 bytes, Stack size 0 bytes, startup_stm32f10x_hd.o(.text))
<BR>[Address Reference Count : 1]<UL><LI> startup_stm32f10x_hd.o(RESET)
</UL>
<P><STRONG><a name="[19]"></a>TAMPER_IRQHandler</STRONG> (Thumb, 0 bytes, Stack size 0 bytes, startup_stm32f10x_hd.o(.text))
<BR>[Address Reference Count : 1]<UL><LI> startup_stm32f10x_hd.o(RESET)
</UL>
<P><STRONG><a name="[2f]"></a>TIM1_BRK_IRQHandler</STRONG> (Thumb, 0 bytes, Stack size 0 bytes, startup_stm32f10x_hd.o(.text))
<BR>[Address Reference Count : 1]<UL><LI> startup_stm32f10x_hd.o(RESET)
</UL>
<P><STRONG><a name="[32]"></a>TIM1_CC_IRQHandler</STRONG> (Thumb, 0 bytes, Stack size 0 bytes, startup_stm32f10x_hd.o(.text))
<BR>[Address Reference Count : 1]<UL><LI> startup_stm32f10x_hd.o(RESET)
</UL>
<P><STRONG><a name="[31]"></a>TIM1_TRG_COM_IRQHandler</STRONG> (Thumb, 0 bytes, Stack size 0 bytes, startup_stm32f10x_hd.o(.text))
<BR>[Address Reference Count : 1]<UL><LI> startup_stm32f10x_hd.o(RESET)
</UL>
<P><STRONG><a name="[34]"></a>TIM3_IRQHandler</STRONG> (Thumb, 0 bytes, Stack size 0 bytes, startup_stm32f10x_hd.o(.text))
<BR>[Address Reference Count : 1]<UL><LI> startup_stm32f10x_hd.o(RESET)
</UL>
<P><STRONG><a name="[4e]"></a>TIM7_IRQHandler</STRONG> (Thumb, 0 bytes, Stack size 0 bytes, startup_stm32f10x_hd.o(.text))
<BR>[Address Reference Count : 1]<UL><LI> startup_stm32f10x_hd.o(RESET)
</UL>
<P><STRONG><a name="[42]"></a>TIM8_BRK_IRQHandler</STRONG> (Thumb, 0 bytes, Stack size 0 bytes, startup_stm32f10x_hd.o(.text))
<BR>[Address Reference Count : 1]<UL><LI> startup_stm32f10x_hd.o(RESET)
</UL>
<P><STRONG><a name="[45]"></a>TIM8_CC_IRQHandler</STRONG> (Thumb, 0 bytes, Stack size 0 bytes, startup_stm32f10x_hd.o(.text))
<BR>[Address Reference Count : 1]<UL><LI> startup_stm32f10x_hd.o(RESET)
</UL>
<P><STRONG><a name="[44]"></a>TIM8_TRG_COM_IRQHandler</STRONG> (Thumb, 0 bytes, Stack size 0 bytes, startup_stm32f10x_hd.o(.text))
<BR>[Address Reference Count : 1]<UL><LI> startup_stm32f10x_hd.o(RESET)
</UL>
<P><STRONG><a name="[43]"></a>TIM8_UP_IRQHandler</STRONG> (Thumb, 0 bytes, Stack size 0 bytes, startup_stm32f10x_hd.o(.text))
<BR>[Address Reference Count : 1]<UL><LI> startup_stm32f10x_hd.o(RESET)
</UL>
<P><STRONG><a name="[4b]"></a>UART4_IRQHandler</STRONG> (Thumb, 0 bytes, Stack size 0 bytes, startup_stm32f10x_hd.o(.text))
<BR>[Address Reference Count : 1]<UL><LI> startup_stm32f10x_hd.o(RESET)
</UL>
<P><STRONG><a name="[4c]"></a>UART5_IRQHandler</STRONG> (Thumb, 0 bytes, Stack size 0 bytes, startup_stm32f10x_hd.o(.text))
<BR>[Address Reference Count : 1]<UL><LI> startup_stm32f10x_hd.o(RESET)
</UL>
<P><STRONG><a name="[3d]"></a>USART2_IRQHandler</STRONG> (Thumb, 0 bytes, Stack size 0 bytes, startup_stm32f10x_hd.o(.text))
<BR>[Address Reference Count : 1]<UL><LI> startup_stm32f10x_hd.o(RESET)
</UL>
<P><STRONG><a name="[3e]"></a>USART3_IRQHandler</STRONG> (Thumb, 0 bytes, Stack size 0 bytes, startup_stm32f10x_hd.o(.text))
<BR>[Address Reference Count : 1]<UL><LI> startup_stm32f10x_hd.o(RESET)
</UL>
<P><STRONG><a name="[41]"></a>USBWakeUp_IRQHandler</STRONG> (Thumb, 0 bytes, Stack size 0 bytes, startup_stm32f10x_hd.o(.text))
<BR>[Address Reference Count : 1]<UL><LI> startup_stm32f10x_hd.o(RESET)
</UL>
<P><STRONG><a name="[2a]"></a>USB_HP_CAN1_TX_IRQHandler</STRONG> (Thumb, 0 bytes, Stack size 0 bytes, startup_stm32f10x_hd.o(.text))
<BR>[Address Reference Count : 1]<UL><LI> startup_stm32f10x_hd.o(RESET)
</UL>
<P><STRONG><a name="[2b]"></a>USB_LP_CAN1_RX0_IRQHandler</STRONG> (Thumb, 0 bytes, Stack size 0 bytes, startup_stm32f10x_hd.o(.text))
<BR>[Address Reference Count : 1]<UL><LI> startup_stm32f10x_hd.o(RESET)
</UL>
<P><STRONG><a name="[17]"></a>WWDG_IRQHandler</STRONG> (Thumb, 0 bytes, Stack size 0 bytes, startup_stm32f10x_hd.o(.text))
<BR>[Address Reference Count : 1]<UL><LI> startup_stm32f10x_hd.o(RESET)
</UL>
<P><STRONG><a name="[164]"></a>__aeabi_memcpy</STRONG> (Thumb, 36 bytes, Stack size 0 bytes, memcpya.o(.text))
<BR><BR>[Called By]<UL><LI><a href="#[372]">&gt;&gt;</a>&nbsp;&nbsp;&nbsp;lv_txt_ins
<LI><a href="#[390]">&gt;&gt;</a>&nbsp;&nbsp;&nbsp;node_set_prev
<LI><a href="#[391]">&gt;&gt;</a>&nbsp;&nbsp;&nbsp;node_set_next
<LI><a href="#[313]">&gt;&gt;</a>&nbsp;&nbsp;&nbsp;sw_mem_blend
<LI><a href="#[307]">&gt;&gt;</a>&nbsp;&nbsp;&nbsp;sw_color_fill
<LI><a href="#[7b]">&gt;&gt;</a>&nbsp;&nbsp;&nbsp;lv_disp_refr_task
<LI><a href="#[2c4]">&gt;&gt;</a>&nbsp;&nbsp;&nbsp;lv_mem_realloc
<LI><a href="#[368]">&gt;&gt;</a>&nbsp;&nbsp;&nbsp;lv_label_set_dot_tmp
<LI><a href="#[1bb]">&gt;&gt;</a>&nbsp;&nbsp;&nbsp;lv_chart_set_points
<LI><a href="#[209]">&gt;&gt;</a>&nbsp;&nbsp;&nbsp;lv_label_create
<LI><a href="#[2a4]">&gt;&gt;</a>&nbsp;&nbsp;&nbsp;lv_btnm_set_ctrl_map
<LI><a href="#[bb]">&gt;&gt;</a>&nbsp;&nbsp;&nbsp;lv_ta_scrollable_design
<LI><a href="#[26b]">&gt;&gt;</a>&nbsp;&nbsp;&nbsp;lv_ta_create
<LI><a href="#[13a]">&gt;&gt;</a>&nbsp;&nbsp;&nbsp;_WriteNoCheck
<LI><a href="#[13b]">&gt;&gt;</a>&nbsp;&nbsp;&nbsp;_WriteBlocking
</UL>

<P><STRONG><a name="[17b]"></a>__aeabi_memcpy4</STRONG> (Thumb, 0 bytes, Stack size 0 bytes, memcpya.o(.text))
<BR><BR>[Called By]<UL><LI><a href="#[273]">&gt;&gt;</a>&nbsp;&nbsp;&nbsp;lv_anim_create
<LI><a href="#[17a]">&gt;&gt;</a>&nbsp;&nbsp;&nbsp;anim_ready_handler
<LI><a href="#[34f]">&gt;&gt;</a>&nbsp;&nbsp;&nbsp;lv_indev_drv_register
<LI><a href="#[2f5]">&gt;&gt;</a>&nbsp;&nbsp;&nbsp;lv_disp_drv_register
<LI><a href="#[180]">&gt;&gt;</a>&nbsp;&nbsp;&nbsp;lv_style_copy
<LI><a href="#[1d5]">&gt;&gt;</a>&nbsp;&nbsp;&nbsp;draw_bg
<LI><a href="#[295]">&gt;&gt;</a>&nbsp;&nbsp;&nbsp;lv_btnm_create
<LI><a href="#[270]">&gt;&gt;</a>&nbsp;&nbsp;&nbsp;lv_btn_create
</UL>

<P><STRONG><a name="[d0]"></a>__aeabi_memset</STRONG> (Thumb, 14 bytes, Stack size 0 bytes, memseta.o(.text))
<BR><BR>[Called By]<UL><LI><a href="#[179]">&gt;&gt;</a>&nbsp;&nbsp;&nbsp;lv_mem_alloc
<LI><a href="#[178]">&gt;&gt;</a>&nbsp;&nbsp;&nbsp;lv_mem_free
<LI><a href="#[d1]">&gt;&gt;</a>&nbsp;&nbsp;&nbsp;memset
<LI><a href="#[cf]">&gt;&gt;</a>&nbsp;&nbsp;&nbsp;__aeabi_memclr
</UL>

<P><STRONG><a name="[cf]"></a>__aeabi_memclr</STRONG> (Thumb, 4 bytes, Stack size 0 bytes, memseta.o(.text))
<BR><BR>[Calls]<UL><LI><a href="#[d0]">&gt;&gt;</a>&nbsp;&nbsp;&nbsp;__aeabi_memset
</UL>
<BR>[Called By]<UL><LI><a href="#[390]">&gt;&gt;</a>&nbsp;&nbsp;&nbsp;node_set_prev
<LI><a href="#[391]">&gt;&gt;</a>&nbsp;&nbsp;&nbsp;node_set_next
<LI><a href="#[2f5]">&gt;&gt;</a>&nbsp;&nbsp;&nbsp;lv_disp_drv_register
<LI><a href="#[323]">&gt;&gt;</a>&nbsp;&nbsp;&nbsp;lv_draw_shadow_full
<LI><a href="#[7b]">&gt;&gt;</a>&nbsp;&nbsp;&nbsp;lv_disp_refr_task
<LI><a href="#[174]">&gt;&gt;</a>&nbsp;&nbsp;&nbsp;allocate_btn_areas_and_controls
</UL>

<P><STRONG><a name="[2f3]"></a>__aeabi_memclr4</STRONG> (Thumb, 0 bytes, Stack size 0 bytes, memseta.o(.text))
<BR><BR>[Called By]<UL><LI><a href="#[34f]">&gt;&gt;</a>&nbsp;&nbsp;&nbsp;lv_indev_drv_register
<LI><a href="#[34e]">&gt;&gt;</a>&nbsp;&nbsp;&nbsp;lv_indev_drv_init
<LI><a href="#[2f5]">&gt;&gt;</a>&nbsp;&nbsp;&nbsp;lv_disp_drv_register
<LI><a href="#[2f4]">&gt;&gt;</a>&nbsp;&nbsp;&nbsp;lv_disp_drv_init
<LI><a href="#[2f2]">&gt;&gt;</a>&nbsp;&nbsp;&nbsp;lv_disp_buf_init
<LI><a href="#[33a]">&gt;&gt;</a>&nbsp;&nbsp;&nbsp;lv_img_decoder_open
<LI><a href="#[337]">&gt;&gt;</a>&nbsp;&nbsp;&nbsp;lv_img_cache_invalidate_src
<LI><a href="#[339]">&gt;&gt;</a>&nbsp;&nbsp;&nbsp;lv_img_cache_open
<LI><a href="#[7b]">&gt;&gt;</a>&nbsp;&nbsp;&nbsp;lv_disp_refr_task
<LI><a href="#[33b]">&gt;&gt;</a>&nbsp;&nbsp;&nbsp;lv_img_cache_set_size
<LI><a href="#[38d]">&gt;&gt;</a>&nbsp;&nbsp;&nbsp;lv_obj_get_type
<LI><a href="#[3ec]">&gt;&gt;</a>&nbsp;&nbsp;&nbsp;lv_table_set_row_cnt
<LI><a href="#[3ed]">&gt;&gt;</a>&nbsp;&nbsp;&nbsp;lv_table_set_col_cnt
</UL>

<P><STRONG><a name="[d1]"></a>memset</STRONG> (Thumb, 18 bytes, Stack size 0 bytes, memseta.o(.text), UNUSED)
<BR><BR>[Calls]<UL><LI><a href="#[d0]">&gt;&gt;</a>&nbsp;&nbsp;&nbsp;__aeabi_memset
</UL>

<P><STRONG><a name="[176]"></a>strlen</STRONG> (Thumb, 14 bytes, Stack size 0 bytes, strlen.o(.text))
<BR><BR>[Called By]<UL><LI><a href="#[372]">&gt;&gt;</a>&nbsp;&nbsp;&nbsp;lv_txt_ins
<LI><a href="#[3e4]">&gt;&gt;</a>&nbsp;&nbsp;&nbsp;lv_txt_cut
<LI><a href="#[1a1]">&gt;&gt;</a>&nbsp;&nbsp;&nbsp;lv_roller_set_options
<LI><a href="#[371]">&gt;&gt;</a>&nbsp;&nbsp;&nbsp;lv_label_ins_text
<LI><a href="#[35e]">&gt;&gt;</a>&nbsp;&nbsp;&nbsp;lv_ta_del_char
<LI><a href="#[361]">&gt;&gt;</a>&nbsp;&nbsp;&nbsp;lv_ta_add_text
<LI><a href="#[35b]">&gt;&gt;</a>&nbsp;&nbsp;&nbsp;lv_ta_add_char
<LI><a href="#[182]">&gt;&gt;</a>&nbsp;&nbsp;&nbsp;lv_label_set_text
<LI><a href="#[209]">&gt;&gt;</a>&nbsp;&nbsp;&nbsp;lv_label_create
<LI><a href="#[26a]">&gt;&gt;</a>&nbsp;&nbsp;&nbsp;lv_img_set_src
<LI><a href="#[296]">&gt;&gt;</a>&nbsp;&nbsp;&nbsp;lv_btnm_set_map
<LI><a href="#[174]">&gt;&gt;</a>&nbsp;&nbsp;&nbsp;allocate_btn_areas_and_controls
<LI><a href="#[3f3]">&gt;&gt;</a>&nbsp;&nbsp;&nbsp;lv_tabview_add_tab
<LI><a href="#[3f0]">&gt;&gt;</a>&nbsp;&nbsp;&nbsp;lv_table_set_cell_value
<LI><a href="#[26f]">&gt;&gt;</a>&nbsp;&nbsp;&nbsp;lv_ta_set_pwd_mode
<LI><a href="#[26c]">&gt;&gt;</a>&nbsp;&nbsp;&nbsp;lv_ta_set_text
</UL>

<P><STRONG><a name="[175]"></a>strcmp</STRONG> (Thumb, 28 bytes, Stack size 0 bytes, strcmp.o(.text))
<BR><BR>[Called By]<UL><LI><a href="#[220]">&gt;&gt;</a>&nbsp;&nbsp;&nbsp;gt9xxx_init
<LI><a href="#[38a]">&gt;&gt;</a>&nbsp;&nbsp;&nbsp;lv_list_is_list_label
<LI><a href="#[389]">&gt;&gt;</a>&nbsp;&nbsp;&nbsp;lv_list_is_list_img
<LI><a href="#[38c]">&gt;&gt;</a>&nbsp;&nbsp;&nbsp;lv_list_is_list_btn
<LI><a href="#[35e]">&gt;&gt;</a>&nbsp;&nbsp;&nbsp;lv_ta_del_char
<LI><a href="#[361]">&gt;&gt;</a>&nbsp;&nbsp;&nbsp;lv_ta_add_text
<LI><a href="#[35b]">&gt;&gt;</a>&nbsp;&nbsp;&nbsp;lv_ta_add_char
<LI><a href="#[8c]">&gt;&gt;</a>&nbsp;&nbsp;&nbsp;lv_kb_def_event_cb
<LI><a href="#[296]">&gt;&gt;</a>&nbsp;&nbsp;&nbsp;lv_btnm_set_map
<LI><a href="#[2a0]">&gt;&gt;</a>&nbsp;&nbsp;&nbsp;lv_btnm_get_btn_text
<LI><a href="#[2a5]">&gt;&gt;</a>&nbsp;&nbsp;&nbsp;maps_are_identical
<LI><a href="#[6d]">&gt;&gt;</a>&nbsp;&nbsp;&nbsp;lv_btnm_design
<LI><a href="#[174]">&gt;&gt;</a>&nbsp;&nbsp;&nbsp;allocate_btn_areas_and_controls
<LI><a href="#[61]">&gt;&gt;</a>&nbsp;&nbsp;&nbsp;event_handler
</UL>

<P><STRONG><a name="[163]"></a>strcpy</STRONG> (Thumb, 18 bytes, Stack size 0 bytes, strcpy.o(.text))
<BR><BR>[Called By]<UL><LI><a href="#[1a1]">&gt;&gt;</a>&nbsp;&nbsp;&nbsp;lv_roller_set_options
<LI><a href="#[182]">&gt;&gt;</a>&nbsp;&nbsp;&nbsp;lv_label_set_text
<LI><a href="#[26a]">&gt;&gt;</a>&nbsp;&nbsp;&nbsp;lv_img_set_src
<LI><a href="#[1e3]">&gt;&gt;</a>&nbsp;&nbsp;&nbsp;draw_header
<LI><a href="#[3f3]">&gt;&gt;</a>&nbsp;&nbsp;&nbsp;lv_tabview_add_tab
<LI><a href="#[3f0]">&gt;&gt;</a>&nbsp;&nbsp;&nbsp;lv_table_set_cell_value
<LI><a href="#[26f]">&gt;&gt;</a>&nbsp;&nbsp;&nbsp;lv_ta_set_pwd_mode
<LI><a href="#[26c]">&gt;&gt;</a>&nbsp;&nbsp;&nbsp;lv_ta_set_text
<LI><a href="#[137]">&gt;&gt;</a>&nbsp;&nbsp;&nbsp;_DoInit
</UL>

<P><STRONG><a name="[d2]"></a>__aeabi_fadd</STRONG> (Thumb, 164 bytes, Stack size 0 bytes, fadd.o(.text))
<BR><BR>[Calls]<UL><LI><a href="#[d4]">&gt;&gt;</a>&nbsp;&nbsp;&nbsp;_float_round
<LI><a href="#[d3]">&gt;&gt;</a>&nbsp;&nbsp;&nbsp;_float_epilogue
</UL>
<BR>[Called By]<UL><LI><a href="#[1]">&gt;&gt;</a>&nbsp;&nbsp;&nbsp;tp_scan
<LI><a href="#[d6]">&gt;&gt;</a>&nbsp;&nbsp;&nbsp;__aeabi_frsub
<LI><a href="#[d5]">&gt;&gt;</a>&nbsp;&nbsp;&nbsp;__aeabi_fsub
</UL>

<P><STRONG><a name="[d5]"></a>__aeabi_fsub</STRONG> (Thumb, 6 bytes, Stack size 0 bytes, fadd.o(.text), UNUSED)
<BR><BR>[Calls]<UL><LI><a href="#[d2]">&gt;&gt;</a>&nbsp;&nbsp;&nbsp;__aeabi_fadd
</UL>

<P><STRONG><a name="[d6]"></a>__aeabi_frsub</STRONG> (Thumb, 6 bytes, Stack size 0 bytes, fadd.o(.text), UNUSED)
<BR><BR>[Calls]<UL><LI><a href="#[d2]">&gt;&gt;</a>&nbsp;&nbsp;&nbsp;__aeabi_fadd
</UL>

<P><STRONG><a name="[1f7]"></a>__aeabi_fmul</STRONG> (Thumb, 100 bytes, Stack size 0 bytes, fmul.o(.text))
<BR><BR>[Called By]<UL><LI><a href="#[41c]">&gt;&gt;</a>&nbsp;&nbsp;&nbsp;progress_set_val
<LI><a href="#[59]">&gt;&gt;</a>&nbsp;&nbsp;&nbsp;event_handler
<LI><a href="#[418]">&gt;&gt;</a>&nbsp;&nbsp;&nbsp;setting_tab_init
<LI><a href="#[1ef]">&gt;&gt;</a>&nbsp;&nbsp;&nbsp;quit_mbox_create
<LI><a href="#[227]">&gt;&gt;</a>&nbsp;&nbsp;&nbsp;home_tab_init
<LI><a href="#[1f2]">&gt;&gt;</a>&nbsp;&nbsp;&nbsp;login_win_create
<LI><a href="#[1ee]">&gt;&gt;</a>&nbsp;&nbsp;&nbsp;toast
</UL>

<P><STRONG><a name="[d7]"></a>__aeabi_fdiv</STRONG> (Thumb, 124 bytes, Stack size 0 bytes, fdiv.o(.text))
<BR><BR>[Calls]<UL><LI><a href="#[d4]">&gt;&gt;</a>&nbsp;&nbsp;&nbsp;_float_round
</UL>
<BR>[Called By]<UL><LI><a href="#[1]">&gt;&gt;</a>&nbsp;&nbsp;&nbsp;tp_scan
<LI><a href="#[2]">&gt;&gt;</a>&nbsp;&nbsp;&nbsp;tp_adjust
<LI><a href="#[59]">&gt;&gt;</a>&nbsp;&nbsp;&nbsp;event_handler
</UL>

<P><STRONG><a name="[d8]"></a>__aeabi_dmul</STRONG> (Thumb, 228 bytes, Stack size 0 bytes, dmul.o(.text))
<BR><BR>[Calls]<UL><LI><a href="#[d9]">&gt;&gt;</a>&nbsp;&nbsp;&nbsp;_double_epilogue
</UL>
<BR>[Called By]<UL><LI><a href="#[14f]">&gt;&gt;</a>&nbsp;&nbsp;&nbsp;TSpeed
<LI><a href="#[130]">&gt;&gt;</a>&nbsp;&nbsp;&nbsp;LCD_SSD_BackLightSet
<LI><a href="#[15d]">&gt;&gt;</a>&nbsp;&nbsp;&nbsp;pow
<LI><a href="#[168]">&gt;&gt;</a>&nbsp;&nbsp;&nbsp;__kernel_poly
<LI><a href="#[16f]">&gt;&gt;</a>&nbsp;&nbsp;&nbsp;_fp_digits
</UL>

<P><STRONG><a name="[da]"></a>__aeabi_ddiv</STRONG> (Thumb, 222 bytes, Stack size 0 bytes, ddiv.o(.text))
<BR><BR>[Calls]<UL><LI><a href="#[db]">&gt;&gt;</a>&nbsp;&nbsp;&nbsp;_double_round
</UL>
<BR>[Called By]<UL><LI><a href="#[14f]">&gt;&gt;</a>&nbsp;&nbsp;&nbsp;TSpeed
<LI><a href="#[2]">&gt;&gt;</a>&nbsp;&nbsp;&nbsp;tp_adjust
<LI><a href="#[15d]">&gt;&gt;</a>&nbsp;&nbsp;&nbsp;pow
<LI><a href="#[16b]">&gt;&gt;</a>&nbsp;&nbsp;&nbsp;__mathlib_dbl_invalid
<LI><a href="#[169]">&gt;&gt;</a>&nbsp;&nbsp;&nbsp;__mathlib_dbl_divzero
<LI><a href="#[16f]">&gt;&gt;</a>&nbsp;&nbsp;&nbsp;_fp_digits
</UL>

<P><STRONG><a name="[dc]"></a>__aeabi_i2f</STRONG> (Thumb, 18 bytes, Stack size 0 bytes, fflti.o(.text))
<BR><BR>[Calls]<UL><LI><a href="#[d3]">&gt;&gt;</a>&nbsp;&nbsp;&nbsp;_float_epilogue
</UL>
<BR>[Called By]<UL><LI><a href="#[1]">&gt;&gt;</a>&nbsp;&nbsp;&nbsp;tp_scan
<LI><a href="#[2]">&gt;&gt;</a>&nbsp;&nbsp;&nbsp;tp_adjust
<LI><a href="#[59]">&gt;&gt;</a>&nbsp;&nbsp;&nbsp;event_handler
<LI><a href="#[1ef]">&gt;&gt;</a>&nbsp;&nbsp;&nbsp;quit_mbox_create
<LI><a href="#[227]">&gt;&gt;</a>&nbsp;&nbsp;&nbsp;home_tab_init
<LI><a href="#[1ee]">&gt;&gt;</a>&nbsp;&nbsp;&nbsp;toast
</UL>

<P><STRONG><a name="[dd]"></a>__aeabi_ui2f</STRONG> (Thumb, 10 bytes, Stack size 0 bytes, ffltui.o(.text))
<BR><BR>[Calls]<UL><LI><a href="#[d3]">&gt;&gt;</a>&nbsp;&nbsp;&nbsp;_float_epilogue
</UL>
<BR>[Called By]<UL><LI><a href="#[41c]">&gt;&gt;</a>&nbsp;&nbsp;&nbsp;progress_set_val
<LI><a href="#[418]">&gt;&gt;</a>&nbsp;&nbsp;&nbsp;setting_tab_init
<LI><a href="#[1f2]">&gt;&gt;</a>&nbsp;&nbsp;&nbsp;login_win_create
</UL>

<P><STRONG><a name="[de]"></a>__aeabi_i2d</STRONG> (Thumb, 34 bytes, Stack size 0 bytes, dflti.o(.text))
<BR><BR>[Calls]<UL><LI><a href="#[d9]">&gt;&gt;</a>&nbsp;&nbsp;&nbsp;_double_epilogue
</UL>
<BR>[Called By]<UL><LI><a href="#[14f]">&gt;&gt;</a>&nbsp;&nbsp;&nbsp;TSpeed
<LI><a href="#[2]">&gt;&gt;</a>&nbsp;&nbsp;&nbsp;tp_adjust
<LI><a href="#[15d]">&gt;&gt;</a>&nbsp;&nbsp;&nbsp;pow
</UL>

<P><STRONG><a name="[df]"></a>__aeabi_ui2d</STRONG> (Thumb, 26 bytes, Stack size 0 bytes, dfltui.o(.text))
<BR><BR>[Calls]<UL><LI><a href="#[d9]">&gt;&gt;</a>&nbsp;&nbsp;&nbsp;_double_epilogue
</UL>
<BR>[Called By]<UL><LI><a href="#[130]">&gt;&gt;</a>&nbsp;&nbsp;&nbsp;LCD_SSD_BackLightSet
</UL>

<P><STRONG><a name="[152]"></a>__aeabi_f2iz</STRONG> (Thumb, 50 bytes, Stack size 0 bytes, ffixi.o(.text))
<BR><BR>[Called By]<UL><LI><a href="#[4d]">&gt;&gt;</a>&nbsp;&nbsp;&nbsp;TIM6_IRQHandler
<LI><a href="#[5b]">&gt;&gt;</a>&nbsp;&nbsp;&nbsp;task_cb
<LI><a href="#[59]">&gt;&gt;</a>&nbsp;&nbsp;&nbsp;event_handler
<LI><a href="#[1f4]">&gt;&gt;</a>&nbsp;&nbsp;&nbsp;gauge_win_create
<LI><a href="#[418]">&gt;&gt;</a>&nbsp;&nbsp;&nbsp;setting_tab_init
<LI><a href="#[1ef]">&gt;&gt;</a>&nbsp;&nbsp;&nbsp;quit_mbox_create
<LI><a href="#[227]">&gt;&gt;</a>&nbsp;&nbsp;&nbsp;home_tab_init
<LI><a href="#[1f2]">&gt;&gt;</a>&nbsp;&nbsp;&nbsp;login_win_create
<LI><a href="#[1ee]">&gt;&gt;</a>&nbsp;&nbsp;&nbsp;toast
</UL>

<P><STRONG><a name="[41d]"></a>__aeabi_f2uiz</STRONG> (Thumb, 40 bytes, Stack size 0 bytes, ffixui.o(.text))
<BR><BR>[Called By]<UL><LI><a href="#[1]">&gt;&gt;</a>&nbsp;&nbsp;&nbsp;tp_scan
<LI><a href="#[41c]">&gt;&gt;</a>&nbsp;&nbsp;&nbsp;progress_set_val
</UL>

<P><STRONG><a name="[e0]"></a>__aeabi_d2iz</STRONG> (Thumb, 62 bytes, Stack size 0 bytes, dfixi.o(.text))
<BR><BR>[Calls]<UL><LI><a href="#[e1]">&gt;&gt;</a>&nbsp;&nbsp;&nbsp;__aeabi_llsr
</UL>
<BR>[Called By]<UL><LI><a href="#[14f]">&gt;&gt;</a>&nbsp;&nbsp;&nbsp;TSpeed
</UL>

<P><STRONG><a name="[e2]"></a>__aeabi_d2uiz</STRONG> (Thumb, 50 bytes, Stack size 0 bytes, dfixui.o(.text))
<BR><BR>[Calls]<UL><LI><a href="#[e1]">&gt;&gt;</a>&nbsp;&nbsp;&nbsp;__aeabi_llsr
</UL>
<BR>[Called By]<UL><LI><a href="#[130]">&gt;&gt;</a>&nbsp;&nbsp;&nbsp;LCD_SSD_BackLightSet
</UL>

<P><STRONG><a name="[15e]"></a>__aeabi_f2d</STRONG> (Thumb, 38 bytes, Stack size 0 bytes, f2d.o(.text))
<BR><BR>[Called By]<UL><LI><a href="#[14f]">&gt;&gt;</a>&nbsp;&nbsp;&nbsp;TSpeed
<LI><a href="#[5b]">&gt;&gt;</a>&nbsp;&nbsp;&nbsp;task_cb
</UL>

<P><STRONG><a name="[425]"></a>__aeabi_cdcmple</STRONG> (Thumb, 48 bytes, Stack size 0 bytes, cdcmple.o(.text))
<BR><BR>[Called By]<UL><LI><a href="#[2]">&gt;&gt;</a>&nbsp;&nbsp;&nbsp;tp_adjust
</UL>

<P><STRONG><a name="[170]"></a>__aeabi_cdrcmple</STRONG> (Thumb, 48 bytes, Stack size 0 bytes, cdrcmple.o(.text))
<BR><BR>[Called By]<UL><LI><a href="#[2]">&gt;&gt;</a>&nbsp;&nbsp;&nbsp;tp_adjust
<LI><a href="#[15d]">&gt;&gt;</a>&nbsp;&nbsp;&nbsp;pow
<LI><a href="#[16f]">&gt;&gt;</a>&nbsp;&nbsp;&nbsp;_fp_digits
</UL>

<P><STRONG><a name="[e3]"></a>__aeabi_d2f</STRONG> (Thumb, 56 bytes, Stack size 0 bytes, d2f.o(.text))
<BR><BR>[Calls]<UL><LI><a href="#[d4]">&gt;&gt;</a>&nbsp;&nbsp;&nbsp;_float_round
</UL>
<BR>[Called By]<UL><LI><a href="#[14f]">&gt;&gt;</a>&nbsp;&nbsp;&nbsp;TSpeed
</UL>

<P><STRONG><a name="[423]"></a>__aeabi_cfcmple</STRONG> (Thumb, 20 bytes, Stack size 0 bytes, cfcmple.o(.text))
<BR><BR>[Called By]<UL><LI><a href="#[5b]">&gt;&gt;</a>&nbsp;&nbsp;&nbsp;task_cb
</UL>

<P><STRONG><a name="[173]"></a>__aeabi_uidivmod</STRONG> (Thumb, 44 bytes, Stack size 0 bytes, uidiv.o(.text), UNUSED)
<BR><BR>[Called By]<UL><LI><a href="#[166]">&gt;&gt;</a>&nbsp;&nbsp;&nbsp;_printf_core
</UL>

<P><STRONG><a name="[e4]"></a>__aeabi_uldivmod</STRONG> (Thumb, 98 bytes, Stack size 0 bytes, uldiv.o(.text), UNUSED)
<BR><BR>[Calls]<UL><LI><a href="#[e5]">&gt;&gt;</a>&nbsp;&nbsp;&nbsp;__aeabi_llsl
<LI><a href="#[e1]">&gt;&gt;</a>&nbsp;&nbsp;&nbsp;__aeabi_llsr
</UL>
<BR>[Called By]<UL><LI><a href="#[166]">&gt;&gt;</a>&nbsp;&nbsp;&nbsp;_printf_core
<LI><a href="#[16f]">&gt;&gt;</a>&nbsp;&nbsp;&nbsp;_fp_digits
</UL>

<P><STRONG><a name="[e1]"></a>__aeabi_llsr</STRONG> (Thumb, 32 bytes, Stack size 0 bytes, llushr.o(.text))
<BR><BR>[Called By]<UL><LI><a href="#[e0]">&gt;&gt;</a>&nbsp;&nbsp;&nbsp;__aeabi_d2iz
<LI><a href="#[e2]">&gt;&gt;</a>&nbsp;&nbsp;&nbsp;__aeabi_d2uiz
<LI><a href="#[e4]">&gt;&gt;</a>&nbsp;&nbsp;&nbsp;__aeabi_uldivmod
<LI><a href="#[ec]">&gt;&gt;</a>&nbsp;&nbsp;&nbsp;_dsqrt
<LI><a href="#[d9]">&gt;&gt;</a>&nbsp;&nbsp;&nbsp;_double_epilogue
<LI><a href="#[ea]">&gt;&gt;</a>&nbsp;&nbsp;&nbsp;__aeabi_d2ulz
</UL>

<P><STRONG><a name="[d4]"></a>_float_round</STRONG> (Thumb, 18 bytes, Stack size 0 bytes, fepilogue.o(.text))
<BR><BR>[Called By]<UL><LI><a href="#[e3]">&gt;&gt;</a>&nbsp;&nbsp;&nbsp;__aeabi_d2f
<LI><a href="#[d7]">&gt;&gt;</a>&nbsp;&nbsp;&nbsp;__aeabi_fdiv
<LI><a href="#[d2]">&gt;&gt;</a>&nbsp;&nbsp;&nbsp;__aeabi_fadd
</UL>

<P><STRONG><a name="[d3]"></a>_float_epilogue</STRONG> (Thumb, 92 bytes, Stack size 0 bytes, fepilogue.o(.text))
<BR><BR>[Called By]<UL><LI><a href="#[dc]">&gt;&gt;</a>&nbsp;&nbsp;&nbsp;__aeabi_i2f
<LI><a href="#[d2]">&gt;&gt;</a>&nbsp;&nbsp;&nbsp;__aeabi_fadd
<LI><a href="#[dd]">&gt;&gt;</a>&nbsp;&nbsp;&nbsp;__aeabi_ui2f
</UL>

<P><STRONG><a name="[db]"></a>_double_round</STRONG> (Thumb, 30 bytes, Stack size 0 bytes, depilogue.o(.text))
<BR><BR>[Called By]<UL><LI><a href="#[da]">&gt;&gt;</a>&nbsp;&nbsp;&nbsp;__aeabi_ddiv
<LI><a href="#[e6]">&gt;&gt;</a>&nbsp;&nbsp;&nbsp;__aeabi_dadd
<LI><a href="#[ec]">&gt;&gt;</a>&nbsp;&nbsp;&nbsp;_dsqrt
<LI><a href="#[d9]">&gt;&gt;</a>&nbsp;&nbsp;&nbsp;_double_epilogue
</UL>

<P><STRONG><a name="[d9]"></a>_double_epilogue</STRONG> (Thumb, 156 bytes, Stack size 0 bytes, depilogue.o(.text))
<BR><BR>[Calls]<UL><LI><a href="#[e5]">&gt;&gt;</a>&nbsp;&nbsp;&nbsp;__aeabi_llsl
<LI><a href="#[e1]">&gt;&gt;</a>&nbsp;&nbsp;&nbsp;__aeabi_llsr
<LI><a href="#[db]">&gt;&gt;</a>&nbsp;&nbsp;&nbsp;_double_round
</UL>
<BR>[Called By]<UL><LI><a href="#[de]">&gt;&gt;</a>&nbsp;&nbsp;&nbsp;__aeabi_i2d
<LI><a href="#[df]">&gt;&gt;</a>&nbsp;&nbsp;&nbsp;__aeabi_ui2d
<LI><a href="#[d8]">&gt;&gt;</a>&nbsp;&nbsp;&nbsp;__aeabi_dmul
<LI><a href="#[e6]">&gt;&gt;</a>&nbsp;&nbsp;&nbsp;__aeabi_dadd
</UL>

<P><STRONG><a name="[e6]"></a>__aeabi_dadd</STRONG> (Thumb, 322 bytes, Stack size 0 bytes, dadd.o(.text))
<BR><BR>[Calls]<UL><LI><a href="#[e7]">&gt;&gt;</a>&nbsp;&nbsp;&nbsp;__aeabi_lasr
<LI><a href="#[e5]">&gt;&gt;</a>&nbsp;&nbsp;&nbsp;__aeabi_llsl
<LI><a href="#[db]">&gt;&gt;</a>&nbsp;&nbsp;&nbsp;_double_round
<LI><a href="#[d9]">&gt;&gt;</a>&nbsp;&nbsp;&nbsp;_double_epilogue
</UL>
<BR>[Called By]<UL><LI><a href="#[e8]">&gt;&gt;</a>&nbsp;&nbsp;&nbsp;__aeabi_dsub
<LI><a href="#[e9]">&gt;&gt;</a>&nbsp;&nbsp;&nbsp;__aeabi_drsub
<LI><a href="#[15d]">&gt;&gt;</a>&nbsp;&nbsp;&nbsp;pow
<LI><a href="#[168]">&gt;&gt;</a>&nbsp;&nbsp;&nbsp;__kernel_poly
<LI><a href="#[16a]">&gt;&gt;</a>&nbsp;&nbsp;&nbsp;__mathlib_dbl_infnan2
<LI><a href="#[16f]">&gt;&gt;</a>&nbsp;&nbsp;&nbsp;_fp_digits
</UL>

<P><STRONG><a name="[e8]"></a>__aeabi_dsub</STRONG> (Thumb, 6 bytes, Stack size 0 bytes, dadd.o(.text))
<BR><BR>[Calls]<UL><LI><a href="#[e6]">&gt;&gt;</a>&nbsp;&nbsp;&nbsp;__aeabi_dadd
</UL>
<BR>[Called By]<UL><LI><a href="#[15d]">&gt;&gt;</a>&nbsp;&nbsp;&nbsp;pow
</UL>

<P><STRONG><a name="[e9]"></a>__aeabi_drsub</STRONG> (Thumb, 6 bytes, Stack size 0 bytes, dadd.o(.text))
<BR><BR>[Calls]<UL><LI><a href="#[e6]">&gt;&gt;</a>&nbsp;&nbsp;&nbsp;__aeabi_dadd
</UL>
<BR>[Called By]<UL><LI><a href="#[15d]">&gt;&gt;</a>&nbsp;&nbsp;&nbsp;pow
</UL>

<P><STRONG><a name="[16d]"></a>__ARM_scalbn</STRONG> (Thumb, 46 bytes, Stack size 0 bytes, dscalb.o(.text))
<BR><BR>[Called By]<UL><LI><a href="#[15d]">&gt;&gt;</a>&nbsp;&nbsp;&nbsp;pow
<LI><a href="#[16e]">&gt;&gt;</a>&nbsp;&nbsp;&nbsp;__mathlib_dbl_underflow
<LI><a href="#[16c]">&gt;&gt;</a>&nbsp;&nbsp;&nbsp;__mathlib_dbl_overflow
</UL>

<P><STRONG><a name="[ea]"></a>__aeabi_d2ulz</STRONG> (Thumb, 48 bytes, Stack size 0 bytes, dfixul.o(.text), UNUSED)
<BR><BR>[Calls]<UL><LI><a href="#[e5]">&gt;&gt;</a>&nbsp;&nbsp;&nbsp;__aeabi_llsl
<LI><a href="#[e1]">&gt;&gt;</a>&nbsp;&nbsp;&nbsp;__aeabi_llsr
</UL>
<BR>[Called By]<UL><LI><a href="#[16f]">&gt;&gt;</a>&nbsp;&nbsp;&nbsp;_fp_digits
</UL>

<P><STRONG><a name="[cd]"></a>__scatterload</STRONG> (Thumb, 28 bytes, Stack size 0 bytes, init.o(.text))
<BR><BR>[Calls]<UL><LI><a href="#[eb]">&gt;&gt;</a>&nbsp;&nbsp;&nbsp;__main_after_scatterload
</UL>
<BR>[Called By]<UL><LI><a href="#[cc]">&gt;&gt;</a>&nbsp;&nbsp;&nbsp;_main_scatterload
</UL>

<P><STRONG><a name="[e5]"></a>__aeabi_llsl</STRONG> (Thumb, 30 bytes, Stack size 0 bytes, llshl.o(.text))
<BR><BR>[Called By]<UL><LI><a href="#[e6]">&gt;&gt;</a>&nbsp;&nbsp;&nbsp;__aeabi_dadd
<LI><a href="#[e4]">&gt;&gt;</a>&nbsp;&nbsp;&nbsp;__aeabi_uldivmod
<LI><a href="#[d9]">&gt;&gt;</a>&nbsp;&nbsp;&nbsp;_double_epilogue
<LI><a href="#[ea]">&gt;&gt;</a>&nbsp;&nbsp;&nbsp;__aeabi_d2ulz
</UL>

<P><STRONG><a name="[e7]"></a>__aeabi_lasr</STRONG> (Thumb, 36 bytes, Stack size 0 bytes, llsshr.o(.text))
<BR><BR>[Called By]<UL><LI><a href="#[e6]">&gt;&gt;</a>&nbsp;&nbsp;&nbsp;__aeabi_dadd
</UL>

<P><STRONG><a name="[ec]"></a>_dsqrt</STRONG> (Thumb, 162 bytes, Stack size 0 bytes, dsqrt.o(.text))
<BR><BR>[Calls]<UL><LI><a href="#[e1]">&gt;&gt;</a>&nbsp;&nbsp;&nbsp;__aeabi_llsr
<LI><a href="#[db]">&gt;&gt;</a>&nbsp;&nbsp;&nbsp;_double_round
</UL>
<BR>[Called By]<UL><LI><a href="#[41a]">&gt;&gt;</a>&nbsp;&nbsp;&nbsp;sqrt
</UL>

<P><STRONG><a name="[ed]"></a>AT24CXX_Init</STRONG> (Thumb, 8 bytes, Stack size 0 bytes, 24cxx.o(i.AT24CXX_Init))
<BR><BR>[Calls]<UL><LI><a href="#[ee]">&gt;&gt;</a>&nbsp;&nbsp;&nbsp;IIC_Init
</UL>
<BR>[Called By]<UL><LI><a href="#[0]">&gt;&gt;</a>&nbsp;&nbsp;&nbsp;tp_init
</UL>

<P><STRONG><a name="[ef]"></a>AT24CXX_Read</STRONG> (Thumb, 34 bytes, Stack size 0 bytes, 24cxx.o(i.AT24CXX_Read))
<BR><BR>[Calls]<UL><LI><a href="#[f0]">&gt;&gt;</a>&nbsp;&nbsp;&nbsp;AT24CXX_ReadOneByte
</UL>
<BR>[Called By]<UL><LI><a href="#[428]">&gt;&gt;</a>&nbsp;&nbsp;&nbsp;tp_get_adjust_data
</UL>

<P><STRONG><a name="[f0]"></a>AT24CXX_ReadOneByte</STRONG> (Thumb, 88 bytes, Stack size 0 bytes, 24cxx.o(i.AT24CXX_ReadOneByte))
<BR><BR>[Calls]<UL><LI><a href="#[f3]">&gt;&gt;</a>&nbsp;&nbsp;&nbsp;IIC_Wait_Ack
<LI><a href="#[f5]">&gt;&gt;</a>&nbsp;&nbsp;&nbsp;IIC_Stop
<LI><a href="#[f1]">&gt;&gt;</a>&nbsp;&nbsp;&nbsp;IIC_Start
<LI><a href="#[f2]">&gt;&gt;</a>&nbsp;&nbsp;&nbsp;IIC_Send_Byte
<LI><a href="#[f4]">&gt;&gt;</a>&nbsp;&nbsp;&nbsp;IIC_Read_Byte
</UL>
<BR>[Called By]<UL><LI><a href="#[428]">&gt;&gt;</a>&nbsp;&nbsp;&nbsp;tp_get_adjust_data
<LI><a href="#[ef]">&gt;&gt;</a>&nbsp;&nbsp;&nbsp;AT24CXX_Read
</UL>

<P><STRONG><a name="[f6]"></a>AT24CXX_Write</STRONG> (Thumb, 36 bytes, Stack size 0 bytes, 24cxx.o(i.AT24CXX_Write))
<BR><BR>[Calls]<UL><LI><a href="#[f7]">&gt;&gt;</a>&nbsp;&nbsp;&nbsp;AT24CXX_WriteOneByte
</UL>
<BR>[Called By]<UL><LI><a href="#[427]">&gt;&gt;</a>&nbsp;&nbsp;&nbsp;tp_save_adjust_data
</UL>

<P><STRONG><a name="[f7]"></a>AT24CXX_WriteOneByte</STRONG> (Thumb, 80 bytes, Stack size 0 bytes, 24cxx.o(i.AT24CXX_WriteOneByte))
<BR><BR>[Calls]<UL><LI><a href="#[f3]">&gt;&gt;</a>&nbsp;&nbsp;&nbsp;IIC_Wait_Ack
<LI><a href="#[f5]">&gt;&gt;</a>&nbsp;&nbsp;&nbsp;IIC_Stop
<LI><a href="#[f1]">&gt;&gt;</a>&nbsp;&nbsp;&nbsp;IIC_Start
<LI><a href="#[f2]">&gt;&gt;</a>&nbsp;&nbsp;&nbsp;IIC_Send_Byte
<LI><a href="#[f8]">&gt;&gt;</a>&nbsp;&nbsp;&nbsp;delay_ms
</UL>
<BR>[Called By]<UL><LI><a href="#[427]">&gt;&gt;</a>&nbsp;&nbsp;&nbsp;tp_save_adjust_data
<LI><a href="#[f6]">&gt;&gt;</a>&nbsp;&nbsp;&nbsp;AT24CXX_Write
</UL>

<P><STRONG><a name="[f9]"></a>BEEP_Init</STRONG> (Thumb, 50 bytes, Stack size 0 bytes, beep.o(i.BEEP_Init))
<BR><BR>[Calls]<UL><LI><a href="#[fc]">&gt;&gt;</a>&nbsp;&nbsp;&nbsp;GPIO_ResetBits
<LI><a href="#[fa]">&gt;&gt;</a>&nbsp;&nbsp;&nbsp;RCC_APB2PeriphClockCmd
<LI><a href="#[fb]">&gt;&gt;</a>&nbsp;&nbsp;&nbsp;GPIO_Init
</UL>
<BR>[Called By]<UL><LI><a href="#[53]">&gt;&gt;</a>&nbsp;&nbsp;&nbsp;main
</UL>

<P><STRONG><a name="[11]"></a>BusFault_Handler</STRONG> (Thumb, 4 bytes, Stack size 0 bytes, stm32f10x_it.o(i.BusFault_Handler))
<BR>[Address Reference Count : 1]<UL><LI> startup_stm32f10x_hd.o(RESET)
</UL>
<P><STRONG><a name="[2c]"></a>CAN1_RX1_IRQHandler</STRONG> (Thumb, 78 bytes, Stack size 0 bytes, stm32f10x_it.o(i.CAN1_RX1_IRQHandler))
<BR><BR>[Calls]<UL><LI><a href="#[fd]">&gt;&gt;</a>&nbsp;&nbsp;&nbsp;CAN_Receive
<LI><a href="#[fe]">&gt;&gt;</a>&nbsp;&nbsp;&nbsp;CAN_ClearITPendingBit
</UL>
<BR>[Address Reference Count : 1]<UL><LI> startup_stm32f10x_hd.o(RESET)
</UL>
<P><STRONG><a name="[ff]"></a>CAN_ABSCONTROL_Configuration</STRONG> (Thumb, 20 bytes, Stack size 0 bytes, can_config.o(i.CAN_ABSCONTROL_Configuration))
<BR><BR>[Calls]<UL><LI><a href="#[103]">&gt;&gt;</a>&nbsp;&nbsp;&nbsp;NVIC1_Configuration
<LI><a href="#[102]">&gt;&gt;</a>&nbsp;&nbsp;&nbsp;NVIC0_Configuration
<LI><a href="#[100]">&gt;&gt;</a>&nbsp;&nbsp;&nbsp;CanInit
<LI><a href="#[101]">&gt;&gt;</a>&nbsp;&nbsp;&nbsp;CanFilter_ABS_Configure
</UL>
<BR>[Called By]<UL><LI><a href="#[53]">&gt;&gt;</a>&nbsp;&nbsp;&nbsp;main
</UL>

<P><STRONG><a name="[fe]"></a>CAN_ClearITPendingBit</STRONG> (Thumb, 162 bytes, Stack size 0 bytes, stm32f10x_can.o(i.CAN_ClearITPendingBit))
<BR><BR>[Called By]<UL><LI><a href="#[2c]">&gt;&gt;</a>&nbsp;&nbsp;&nbsp;CAN1_RX1_IRQHandler
</UL>

<P><STRONG><a name="[104]"></a>CAN_DeInit</STRONG> (Thumb, 50 bytes, Stack size 0 bytes, stm32f10x_can.o(i.CAN_DeInit))
<BR><BR>[Calls]<UL><LI><a href="#[105]">&gt;&gt;</a>&nbsp;&nbsp;&nbsp;RCC_APB1PeriphResetCmd
</UL>
<BR>[Called By]<UL><LI><a href="#[100]">&gt;&gt;</a>&nbsp;&nbsp;&nbsp;CanInit
</UL>

<P><STRONG><a name="[112]"></a>CAN_FilterInit</STRONG> (Thumb, 258 bytes, Stack size 0 bytes, stm32f10x_can.o(i.CAN_FilterInit))
<BR><BR>[Called By]<UL><LI><a href="#[101]">&gt;&gt;</a>&nbsp;&nbsp;&nbsp;CanFilter_ABS_Configure
</UL>

<P><STRONG><a name="[111]"></a>CAN_ITConfig</STRONG> (Thumb, 18 bytes, Stack size 0 bytes, stm32f10x_can.o(i.CAN_ITConfig))
<BR><BR>[Called By]<UL><LI><a href="#[101]">&gt;&gt;</a>&nbsp;&nbsp;&nbsp;CanFilter_ABS_Configure
</UL>

<P><STRONG><a name="[115]"></a>CAN_Init</STRONG> (Thumb, 276 bytes, Stack size 0 bytes, stm32f10x_can.o(i.CAN_Init))
<BR><BR>[Called By]<UL><LI><a href="#[100]">&gt;&gt;</a>&nbsp;&nbsp;&nbsp;CanInit
</UL>

<P><STRONG><a name="[fd]"></a>CAN_Receive</STRONG> (Thumb, 240 bytes, Stack size 0 bytes, stm32f10x_can.o(i.CAN_Receive))
<BR><BR>[Called By]<UL><LI><a href="#[2c]">&gt;&gt;</a>&nbsp;&nbsp;&nbsp;CAN1_RX1_IRQHandler
</UL>

<P><STRONG><a name="[114]"></a>CAN_StructInit</STRONG> (Thumb, 32 bytes, Stack size 0 bytes, stm32f10x_can.o(i.CAN_StructInit))
<BR><BR>[Called By]<UL><LI><a href="#[100]">&gt;&gt;</a>&nbsp;&nbsp;&nbsp;CanInit
</UL>

<P><STRONG><a name="[106]"></a>CT_Delay</STRONG> (Thumb, 10 bytes, Stack size 0 bytes, ctiic.o(i.CT_Delay))
<BR><BR>[Calls]<UL><LI><a href="#[107]">&gt;&gt;</a>&nbsp;&nbsp;&nbsp;delay_us
</UL>
<BR>[Called By]<UL><LI><a href="#[110]">&gt;&gt;</a>&nbsp;&nbsp;&nbsp;CT_IIC_Wait_Ack
<LI><a href="#[10f]">&gt;&gt;</a>&nbsp;&nbsp;&nbsp;CT_IIC_Stop
<LI><a href="#[10e]">&gt;&gt;</a>&nbsp;&nbsp;&nbsp;CT_IIC_Start
<LI><a href="#[10d]">&gt;&gt;</a>&nbsp;&nbsp;&nbsp;CT_IIC_Send_Byte
<LI><a href="#[10c]">&gt;&gt;</a>&nbsp;&nbsp;&nbsp;CT_IIC_Read_Byte
<LI><a href="#[10b]">&gt;&gt;</a>&nbsp;&nbsp;&nbsp;CT_IIC_NAck
<LI><a href="#[108]">&gt;&gt;</a>&nbsp;&nbsp;&nbsp;CT_IIC_Ack
</UL>

<P><STRONG><a name="[108]"></a>CT_IIC_Ack</STRONG> (Thumb, 66 bytes, Stack size 0 bytes, ctiic.o(i.CT_IIC_Ack))
<BR><BR>[Calls]<UL><LI><a href="#[106]">&gt;&gt;</a>&nbsp;&nbsp;&nbsp;CT_Delay
</UL>
<BR>[Called By]<UL><LI><a href="#[10c]">&gt;&gt;</a>&nbsp;&nbsp;&nbsp;CT_IIC_Read_Byte
</UL>

<P><STRONG><a name="[109]"></a>CT_IIC_Init</STRONG> (Thumb, 72 bytes, Stack size 0 bytes, ctiic.o(i.CT_IIC_Init))
<BR><BR>[Calls]<UL><LI><a href="#[fa]">&gt;&gt;</a>&nbsp;&nbsp;&nbsp;RCC_APB2PeriphClockCmd
<LI><a href="#[10a]">&gt;&gt;</a>&nbsp;&nbsp;&nbsp;GPIO_SetBits
<LI><a href="#[fb]">&gt;&gt;</a>&nbsp;&nbsp;&nbsp;GPIO_Init
</UL>
<BR>[Called By]<UL><LI><a href="#[220]">&gt;&gt;</a>&nbsp;&nbsp;&nbsp;gt9xxx_init
<LI><a href="#[1ff]">&gt;&gt;</a>&nbsp;&nbsp;&nbsp;ft5206_init
</UL>

<P><STRONG><a name="[10b]"></a>CT_IIC_NAck</STRONG> (Thumb, 66 bytes, Stack size 0 bytes, ctiic.o(i.CT_IIC_NAck))
<BR><BR>[Calls]<UL><LI><a href="#[106]">&gt;&gt;</a>&nbsp;&nbsp;&nbsp;CT_Delay
</UL>
<BR>[Called By]<UL><LI><a href="#[10c]">&gt;&gt;</a>&nbsp;&nbsp;&nbsp;CT_IIC_Read_Byte
</UL>

<P><STRONG><a name="[10c]"></a>CT_IIC_Read_Byte</STRONG> (Thumb, 94 bytes, Stack size 0 bytes, ctiic.o(i.CT_IIC_Read_Byte))
<BR><BR>[Calls]<UL><LI><a href="#[10b]">&gt;&gt;</a>&nbsp;&nbsp;&nbsp;CT_IIC_NAck
<LI><a href="#[108]">&gt;&gt;</a>&nbsp;&nbsp;&nbsp;CT_IIC_Ack
<LI><a href="#[106]">&gt;&gt;</a>&nbsp;&nbsp;&nbsp;CT_Delay
<LI><a href="#[107]">&gt;&gt;</a>&nbsp;&nbsp;&nbsp;delay_us
</UL>
<BR>[Called By]<UL><LI><a href="#[221]">&gt;&gt;</a>&nbsp;&nbsp;&nbsp;gt9xxx_rd_reg
<LI><a href="#[201]">&gt;&gt;</a>&nbsp;&nbsp;&nbsp;ft5206_rd_reg
</UL>

<P><STRONG><a name="[10d]"></a>CT_IIC_Send_Byte</STRONG> (Thumb, 82 bytes, Stack size 0 bytes, ctiic.o(i.CT_IIC_Send_Byte))
<BR><BR>[Calls]<UL><LI><a href="#[106]">&gt;&gt;</a>&nbsp;&nbsp;&nbsp;CT_Delay
</UL>
<BR>[Called By]<UL><LI><a href="#[222]">&gt;&gt;</a>&nbsp;&nbsp;&nbsp;gt9xxx_wr_reg
<LI><a href="#[221]">&gt;&gt;</a>&nbsp;&nbsp;&nbsp;gt9xxx_rd_reg
<LI><a href="#[200]">&gt;&gt;</a>&nbsp;&nbsp;&nbsp;ft5206_wr_reg
<LI><a href="#[201]">&gt;&gt;</a>&nbsp;&nbsp;&nbsp;ft5206_rd_reg
</UL>

<P><STRONG><a name="[10e]"></a>CT_IIC_Start</STRONG> (Thumb, 62 bytes, Stack size 0 bytes, ctiic.o(i.CT_IIC_Start))
<BR><BR>[Calls]<UL><LI><a href="#[106]">&gt;&gt;</a>&nbsp;&nbsp;&nbsp;CT_Delay
<LI><a href="#[107]">&gt;&gt;</a>&nbsp;&nbsp;&nbsp;delay_us
</UL>
<BR>[Called By]<UL><LI><a href="#[222]">&gt;&gt;</a>&nbsp;&nbsp;&nbsp;gt9xxx_wr_reg
<LI><a href="#[221]">&gt;&gt;</a>&nbsp;&nbsp;&nbsp;gt9xxx_rd_reg
<LI><a href="#[200]">&gt;&gt;</a>&nbsp;&nbsp;&nbsp;ft5206_wr_reg
<LI><a href="#[201]">&gt;&gt;</a>&nbsp;&nbsp;&nbsp;ft5206_rd_reg
</UL>

<P><STRONG><a name="[10f]"></a>CT_IIC_Stop</STRONG> (Thumb, 56 bytes, Stack size 0 bytes, ctiic.o(i.CT_IIC_Stop))
<BR><BR>[Calls]<UL><LI><a href="#[106]">&gt;&gt;</a>&nbsp;&nbsp;&nbsp;CT_Delay
<LI><a href="#[107]">&gt;&gt;</a>&nbsp;&nbsp;&nbsp;delay_us
</UL>
<BR>[Called By]<UL><LI><a href="#[222]">&gt;&gt;</a>&nbsp;&nbsp;&nbsp;gt9xxx_wr_reg
<LI><a href="#[221]">&gt;&gt;</a>&nbsp;&nbsp;&nbsp;gt9xxx_rd_reg
<LI><a href="#[200]">&gt;&gt;</a>&nbsp;&nbsp;&nbsp;ft5206_wr_reg
<LI><a href="#[201]">&gt;&gt;</a>&nbsp;&nbsp;&nbsp;ft5206_rd_reg
<LI><a href="#[110]">&gt;&gt;</a>&nbsp;&nbsp;&nbsp;CT_IIC_Wait_Ack
</UL>

<P><STRONG><a name="[110]"></a>CT_IIC_Wait_Ack</STRONG> (Thumb, 82 bytes, Stack size 0 bytes, ctiic.o(i.CT_IIC_Wait_Ack))
<BR><BR>[Calls]<UL><LI><a href="#[10f]">&gt;&gt;</a>&nbsp;&nbsp;&nbsp;CT_IIC_Stop
<LI><a href="#[106]">&gt;&gt;</a>&nbsp;&nbsp;&nbsp;CT_Delay
</UL>
<BR>[Called By]<UL><LI><a href="#[222]">&gt;&gt;</a>&nbsp;&nbsp;&nbsp;gt9xxx_wr_reg
<LI><a href="#[221]">&gt;&gt;</a>&nbsp;&nbsp;&nbsp;gt9xxx_rd_reg
<LI><a href="#[200]">&gt;&gt;</a>&nbsp;&nbsp;&nbsp;ft5206_wr_reg
<LI><a href="#[201]">&gt;&gt;</a>&nbsp;&nbsp;&nbsp;ft5206_rd_reg
</UL>

<P><STRONG><a name="[101]"></a>CanFilter_ABS_Configure</STRONG> (Thumb, 72 bytes, Stack size 0 bytes, can_config.o(i.CanFilter_ABS_Configure))
<BR><BR>[Calls]<UL><LI><a href="#[111]">&gt;&gt;</a>&nbsp;&nbsp;&nbsp;CAN_ITConfig
<LI><a href="#[112]">&gt;&gt;</a>&nbsp;&nbsp;&nbsp;CAN_FilterInit
</UL>
<BR>[Called By]<UL><LI><a href="#[ff]">&gt;&gt;</a>&nbsp;&nbsp;&nbsp;CAN_ABSCONTROL_Configuration
</UL>

<P><STRONG><a name="[100]"></a>CanInit</STRONG> (Thumb, 88 bytes, Stack size 0 bytes, can_config.o(i.CanInit))
<BR><BR>[Calls]<UL><LI><a href="#[114]">&gt;&gt;</a>&nbsp;&nbsp;&nbsp;CAN_StructInit
<LI><a href="#[115]">&gt;&gt;</a>&nbsp;&nbsp;&nbsp;CAN_Init
<LI><a href="#[104]">&gt;&gt;</a>&nbsp;&nbsp;&nbsp;CAN_DeInit
<LI><a href="#[113]">&gt;&gt;</a>&nbsp;&nbsp;&nbsp;RCC_APB1PeriphClockCmd
</UL>
<BR>[Called By]<UL><LI><a href="#[ff]">&gt;&gt;</a>&nbsp;&nbsp;&nbsp;CAN_ABSCONTROL_Configuration
</UL>

<P><STRONG><a name="[14]"></a>DebugMon_Handler</STRONG> (Thumb, 2 bytes, Stack size 0 bytes, stm32f10x_it.o(i.DebugMon_Handler))
<BR>[Address Reference Count : 1]<UL><LI> startup_stm32f10x_hd.o(RESET)
</UL>
<P><STRONG><a name="[119]"></a>FSMC_NORSRAMCmd</STRONG> (Thumb, 46 bytes, Stack size 0 bytes, stm32f10x_fsmc.o(i.FSMC_NORSRAMCmd))
<BR><BR>[Called By]<UL><LI><a href="#[12c]">&gt;&gt;</a>&nbsp;&nbsp;&nbsp;LCD_Init
<LI><a href="#[116]">&gt;&gt;</a>&nbsp;&nbsp;&nbsp;FSMC_SRAM_Init
</UL>

<P><STRONG><a name="[118]"></a>FSMC_NORSRAMInit</STRONG> (Thumb, 230 bytes, Stack size 0 bytes, stm32f10x_fsmc.o(i.FSMC_NORSRAMInit))
<BR><BR>[Called By]<UL><LI><a href="#[12c]">&gt;&gt;</a>&nbsp;&nbsp;&nbsp;LCD_Init
<LI><a href="#[116]">&gt;&gt;</a>&nbsp;&nbsp;&nbsp;FSMC_SRAM_Init
</UL>

<P><STRONG><a name="[116]"></a>FSMC_SRAM_Init</STRONG> (Thumb, 182 bytes, Stack size 0 bytes, sram.o(i.FSMC_SRAM_Init))
<BR><BR>[Calls]<UL><LI><a href="#[117]">&gt;&gt;</a>&nbsp;&nbsp;&nbsp;RCC_AHBPeriphClockCmd
<LI><a href="#[118]">&gt;&gt;</a>&nbsp;&nbsp;&nbsp;FSMC_NORSRAMInit
<LI><a href="#[119]">&gt;&gt;</a>&nbsp;&nbsp;&nbsp;FSMC_NORSRAMCmd
<LI><a href="#[fa]">&gt;&gt;</a>&nbsp;&nbsp;&nbsp;RCC_APB2PeriphClockCmd
<LI><a href="#[fb]">&gt;&gt;</a>&nbsp;&nbsp;&nbsp;GPIO_Init
</UL>
<BR>[Called By]<UL><LI><a href="#[53]">&gt;&gt;</a>&nbsp;&nbsp;&nbsp;main
</UL>

<P><STRONG><a name="[fb]"></a>GPIO_Init</STRONG> (Thumb, 278 bytes, Stack size 0 bytes, stm32f10x_gpio.o(i.GPIO_Init))
<BR><BR>[Called By]<UL><LI><a href="#[109]">&gt;&gt;</a>&nbsp;&nbsp;&nbsp;CT_IIC_Init
<LI><a href="#[220]">&gt;&gt;</a>&nbsp;&nbsp;&nbsp;gt9xxx_init
<LI><a href="#[1ff]">&gt;&gt;</a>&nbsp;&nbsp;&nbsp;ft5206_init
<LI><a href="#[0]">&gt;&gt;</a>&nbsp;&nbsp;&nbsp;tp_init
<LI><a href="#[ee]">&gt;&gt;</a>&nbsp;&nbsp;&nbsp;IIC_Init
<LI><a href="#[416]">&gt;&gt;</a>&nbsp;&nbsp;&nbsp;uart_init
<LI><a href="#[148]">&gt;&gt;</a>&nbsp;&nbsp;&nbsp;TIM4_EncoderMode_Config
<LI><a href="#[145]">&gt;&gt;</a>&nbsp;&nbsp;&nbsp;TIM3_PWM_Init
<LI><a href="#[133]">&gt;&gt;</a>&nbsp;&nbsp;&nbsp;LED_Init
<LI><a href="#[12c]">&gt;&gt;</a>&nbsp;&nbsp;&nbsp;LCD_Init
<LI><a href="#[11c]">&gt;&gt;</a>&nbsp;&nbsp;&nbsp;KEY_Init
<LI><a href="#[116]">&gt;&gt;</a>&nbsp;&nbsp;&nbsp;FSMC_SRAM_Init
<LI><a href="#[f9]">&gt;&gt;</a>&nbsp;&nbsp;&nbsp;BEEP_Init
</UL>

<P><STRONG><a name="[11e]"></a>GPIO_ReadInputDataBit</STRONG> (Thumb, 18 bytes, Stack size 0 bytes, stm32f10x_gpio.o(i.GPIO_ReadInputDataBit))
<BR><BR>[Called By]<UL><LI><a href="#[1]">&gt;&gt;</a>&nbsp;&nbsp;&nbsp;tp_scan
<LI><a href="#[42a]">&gt;&gt;</a>&nbsp;&nbsp;&nbsp;tp_read_ad
<LI><a href="#[11d]">&gt;&gt;</a>&nbsp;&nbsp;&nbsp;KEY_Scan
</UL>

<P><STRONG><a name="[fc]"></a>GPIO_ResetBits</STRONG> (Thumb, 4 bytes, Stack size 0 bytes, stm32f10x_gpio.o(i.GPIO_ResetBits))
<BR><BR>[Called By]<UL><LI><a href="#[220]">&gt;&gt;</a>&nbsp;&nbsp;&nbsp;gt9xxx_init
<LI><a href="#[1ff]">&gt;&gt;</a>&nbsp;&nbsp;&nbsp;ft5206_init
<LI><a href="#[42b]">&gt;&gt;</a>&nbsp;&nbsp;&nbsp;tp_write_byte
<LI><a href="#[42a]">&gt;&gt;</a>&nbsp;&nbsp;&nbsp;tp_read_ad
<LI><a href="#[f9]">&gt;&gt;</a>&nbsp;&nbsp;&nbsp;BEEP_Init
</UL>

<P><STRONG><a name="[10a]"></a>GPIO_SetBits</STRONG> (Thumb, 4 bytes, Stack size 0 bytes, stm32f10x_gpio.o(i.GPIO_SetBits))
<BR><BR>[Called By]<UL><LI><a href="#[109]">&gt;&gt;</a>&nbsp;&nbsp;&nbsp;CT_IIC_Init
<LI><a href="#[220]">&gt;&gt;</a>&nbsp;&nbsp;&nbsp;gt9xxx_init
<LI><a href="#[1ff]">&gt;&gt;</a>&nbsp;&nbsp;&nbsp;ft5206_init
<LI><a href="#[42b]">&gt;&gt;</a>&nbsp;&nbsp;&nbsp;tp_write_byte
<LI><a href="#[42a]">&gt;&gt;</a>&nbsp;&nbsp;&nbsp;tp_read_ad
<LI><a href="#[ee]">&gt;&gt;</a>&nbsp;&nbsp;&nbsp;IIC_Init
<LI><a href="#[133]">&gt;&gt;</a>&nbsp;&nbsp;&nbsp;LED_Init
</UL>

<P><STRONG><a name="[149]"></a>GPIO_StructInit</STRONG> (Thumb, 16 bytes, Stack size 0 bytes, stm32f10x_gpio.o(i.GPIO_StructInit))
<BR><BR>[Called By]<UL><LI><a href="#[148]">&gt;&gt;</a>&nbsp;&nbsp;&nbsp;TIM4_EncoderMode_Config
</UL>

<P><STRONG><a name="[f]"></a>HardFault_Handler</STRONG> (Thumb, 4 bytes, Stack size 0 bytes, stm32f10x_it.o(i.HardFault_Handler))
<BR>[Address Reference Count : 1]<UL><LI> startup_stm32f10x_hd.o(RESET)
</UL>
<P><STRONG><a name="[11a]"></a>IIC_Ack</STRONG> (Thumb, 66 bytes, Stack size 0 bytes, myiic.o(i.IIC_Ack))
[...]
<BR><BR>[Calls]<UL><LI><a href="#[180]">&gt;&gt;</a>&nbsp;&nbsp;&nbsp;lv_style_copy
</UL>
<BR>[Called By]<UL><LI><a href="#[224]">&gt;&gt;</a>&nbsp;&nbsp;&nbsp;lv_theme_night_init
</UL>

<P><STRONG><a name="[194]"></a>calendar_init</STRONG> (Thumb, 424 bytes, Stack size 0 bytes, lv_theme_night.o(i.calendar_init))
<BR><BR>[Calls]<UL><LI><a href="#[181]">&gt;&gt;</a>&nbsp;&nbsp;&nbsp;lv_color_hsv_to_rgb
<LI><a href="#[180]">&gt;&gt;</a>&nbsp;&nbsp;&nbsp;lv_style_copy
<LI><a href="#[18a]">&gt;&gt;</a>&nbsp;&nbsp;&nbsp;lv_color_hex3
</UL>
<BR>[Called By]<UL><LI><a href="#[224]">&gt;&gt;</a>&nbsp;&nbsp;&nbsp;lv_theme_night_init
</UL>

<P><STRONG><a name="[1a9]"></a>cb_init</STRONG> (Thumb, 406 bytes, Stack size 0 bytes, lv_theme_night.o(i.cb_init))
<BR><BR>[Calls]<UL><LI><a href="#[181]">&gt;&gt;</a>&nbsp;&nbsp;&nbsp;lv_color_hsv_to_rgb
<LI><a href="#[180]">&gt;&gt;</a>&nbsp;&nbsp;&nbsp;lv_style_copy
<LI><a href="#[18a]">&gt;&gt;</a>&nbsp;&nbsp;&nbsp;lv_color_hex3
</UL>
<BR>[Called By]<UL><LI><a href="#[224]">&gt;&gt;</a>&nbsp;&nbsp;&nbsp;lv_theme_night_init
</UL>

<P><STRONG><a name="[40b]"></a>chart_init</STRONG> (Thumb, 10 bytes, Stack size 0 bytes, lv_theme_night.o(i.chart_init))
<BR><BR>[Called By]<UL><LI><a href="#[224]">&gt;&gt;</a>&nbsp;&nbsp;&nbsp;lv_theme_night_init
</UL>

<P><STRONG><a name="[405]"></a>cont_init</STRONG> (Thumb, 8 bytes, Stack size 0 bytes, lv_theme_night.o(i.cont_init))
<BR><BR>[Called By]<UL><LI><a href="#[224]">&gt;&gt;</a>&nbsp;&nbsp;&nbsp;lv_theme_night_init
</UL>

<P><STRONG><a name="[1c8]"></a>ddlist_init</STRONG> (Thumb, 112 bytes, Stack size 0 bytes, lv_theme_night.o(i.ddlist_init))
<BR><BR>[Calls]<UL><LI><a href="#[181]">&gt;&gt;</a>&nbsp;&nbsp;&nbsp;lv_color_hsv_to_rgb
<LI><a href="#[180]">&gt;&gt;</a>&nbsp;&nbsp;&nbsp;lv_style_copy
</UL>
<BR>[Called By]<UL><LI><a href="#[224]">&gt;&gt;</a>&nbsp;&nbsp;&nbsp;lv_theme_night_init
</UL>

<P><STRONG><a name="[202]"></a>gauge_init</STRONG> (Thumb, 88 bytes, Stack size 0 bytes, lv_theme_night.o(i.gauge_init))
<BR><BR>[Calls]<UL><LI><a href="#[181]">&gt;&gt;</a>&nbsp;&nbsp;&nbsp;lv_color_hsv_to_rgb
<LI><a href="#[180]">&gt;&gt;</a>&nbsp;&nbsp;&nbsp;lv_style_copy
<LI><a href="#[18a]">&gt;&gt;</a>&nbsp;&nbsp;&nbsp;lv_color_hex3
</UL>
<BR>[Called By]<UL><LI><a href="#[224]">&gt;&gt;</a>&nbsp;&nbsp;&nbsp;lv_theme_night_init
</UL>

<P><STRONG><a name="[406]"></a>img_init</STRONG> (Thumb, 14 bytes, Stack size 0 bytes, lv_theme_night.o(i.img_init))
<BR><BR>[Called By]<UL><LI><a href="#[224]">&gt;&gt;</a>&nbsp;&nbsp;&nbsp;lv_theme_night_init
</UL>

<P><STRONG><a name="[40c]"></a>kb_init</STRONG> (Thumb, 42 bytes, Stack size 0 bytes, lv_theme_night.o(i.kb_init))
<BR><BR>[Called By]<UL><LI><a href="#[224]">&gt;&gt;</a>&nbsp;&nbsp;&nbsp;lv_theme_night_init
</UL>

<P><STRONG><a name="[256]"></a>label_init</STRONG> (Thumb, 110 bytes, Stack size 0 bytes, lv_theme_night.o(i.label_init))
<BR><BR>[Calls]<UL><LI><a href="#[181]">&gt;&gt;</a>&nbsp;&nbsp;&nbsp;lv_color_hsv_to_rgb
<LI><a href="#[180]">&gt;&gt;</a>&nbsp;&nbsp;&nbsp;lv_style_copy
</UL>
<BR>[Called By]<UL><LI><a href="#[224]">&gt;&gt;</a>&nbsp;&nbsp;&nbsp;lv_theme_night_init
</UL>

<P><STRONG><a name="[257]"></a>led_init</STRONG> (Thumb, 124 bytes, Stack size 0 bytes, lv_theme_night.o(i.led_init))
<BR><BR>[Calls]<UL><LI><a href="#[181]">&gt;&gt;</a>&nbsp;&nbsp;&nbsp;lv_color_hsv_to_rgb
<LI><a href="#[180]">&gt;&gt;</a>&nbsp;&nbsp;&nbsp;lv_style_copy
</UL>
<BR>[Called By]<UL><LI><a href="#[224]">&gt;&gt;</a>&nbsp;&nbsp;&nbsp;lv_theme_night_init
</UL>

<P><STRONG><a name="[407]"></a>line_init</STRONG> (Thumb, 8 bytes, Stack size 0 bytes, lv_theme_night.o(i.line_init))
<BR><BR>[Called By]<UL><LI><a href="#[224]">&gt;&gt;</a>&nbsp;&nbsp;&nbsp;lv_theme_night_init
</UL>

<P><STRONG><a name="[265]"></a>list_init</STRONG> (Thumb, 460 bytes, Stack size 0 bytes, lv_theme_night.o(i.list_init))
<BR><BR>[Calls]<UL><LI><a href="#[181]">&gt;&gt;</a>&nbsp;&nbsp;&nbsp;lv_color_hsv_to_rgb
<LI><a href="#[180]">&gt;&gt;</a>&nbsp;&nbsp;&nbsp;lv_style_copy
</UL>
<BR>[Called By]<UL><LI><a href="#[224]">&gt;&gt;</a>&nbsp;&nbsp;&nbsp;lv_theme_night_init
</UL>

<P><STRONG><a name="[266]"></a>lmeter_init</STRONG> (Thumb, 124 bytes, Stack size 0 bytes, lv_theme_night.o(i.lmeter_init))
<BR><BR>[Calls]<UL><LI><a href="#[181]">&gt;&gt;</a>&nbsp;&nbsp;&nbsp;lv_color_hsv_to_rgb
<LI><a href="#[180]">&gt;&gt;</a>&nbsp;&nbsp;&nbsp;lv_style_copy
<LI><a href="#[18a]">&gt;&gt;</a>&nbsp;&nbsp;&nbsp;lv_color_hex3
</UL>
<BR>[Called By]<UL><LI><a href="#[224]">&gt;&gt;</a>&nbsp;&nbsp;&nbsp;lv_theme_night_init
</UL>

<P><STRONG><a name="[18a]"></a>lv_color_hex3</STRONG> (Thumb, 92 bytes, Stack size 0 bytes, lv_theme_night.o(i.lv_color_hex3))
<BR><BR>[Called By]<UL><LI><a href="#[415]">&gt;&gt;</a>&nbsp;&nbsp;&nbsp;win_init
<LI><a href="#[40e]">&gt;&gt;</a>&nbsp;&nbsp;&nbsp;page_init
<LI><a href="#[40d]">&gt;&gt;</a>&nbsp;&nbsp;&nbsp;mbox_init
<LI><a href="#[266]">&gt;&gt;</a>&nbsp;&nbsp;&nbsp;lmeter_init
<LI><a href="#[202]">&gt;&gt;</a>&nbsp;&nbsp;&nbsp;gauge_init
<LI><a href="#[1a9]">&gt;&gt;</a>&nbsp;&nbsp;&nbsp;cb_init
<LI><a href="#[194]">&gt;&gt;</a>&nbsp;&nbsp;&nbsp;calendar_init
<LI><a href="#[189]">&gt;&gt;</a>&nbsp;&nbsp;&nbsp;btn_init
</UL>

<P><STRONG><a name="[40d]"></a>mbox_init</STRONG> (Thumb, 134 bytes, Stack size 0 bytes, lv_theme_night.o(i.mbox_init))
<BR><BR>[Calls]<UL><LI><a href="#[181]">&gt;&gt;</a>&nbsp;&nbsp;&nbsp;lv_color_hsv_to_rgb
<LI><a href="#[180]">&gt;&gt;</a>&nbsp;&nbsp;&nbsp;lv_style_copy
<LI><a href="#[18a]">&gt;&gt;</a>&nbsp;&nbsp;&nbsp;lv_color_hex3
</UL>
<BR>[Called By]<UL><LI><a href="#[224]">&gt;&gt;</a>&nbsp;&nbsp;&nbsp;lv_theme_night_init
</UL>

<P><STRONG><a name="[40e]"></a>page_init</STRONG> (Thumb, 104 bytes, Stack size 0 bytes, lv_theme_night.o(i.page_init))
<BR><BR>[Calls]<UL><LI><a href="#[181]">&gt;&gt;</a>&nbsp;&nbsp;&nbsp;lv_color_hsv_to_rgb
<LI><a href="#[180]">&gt;&gt;</a>&nbsp;&nbsp;&nbsp;lv_style_copy
<LI><a href="#[18a]">&gt;&gt;</a>&nbsp;&nbsp;&nbsp;lv_color_hex3
</UL>
<BR>[Called By]<UL><LI><a href="#[224]">&gt;&gt;</a>&nbsp;&nbsp;&nbsp;lv_theme_night_init
</UL>

<P><STRONG><a name="[40a]"></a>preload_init</STRONG> (Thumb, 10 bytes, Stack size 0 bytes, lv_theme_night.o(i.preload_init))
<BR><BR>[Called By]<UL><LI><a href="#[224]">&gt;&gt;</a>&nbsp;&nbsp;&nbsp;lv_theme_night_init
</UL>

<P><STRONG><a name="[411]"></a>roller_init</STRONG> (Thumb, 104 bytes, Stack size 0 bytes, lv_theme_night.o(i.roller_init))
<BR><BR>[Calls]<UL><LI><a href="#[181]">&gt;&gt;</a>&nbsp;&nbsp;&nbsp;lv_color_hsv_to_rgb
<LI><a href="#[180]">&gt;&gt;</a>&nbsp;&nbsp;&nbsp;lv_style_copy
</UL>
<BR>[Called By]<UL><LI><a href="#[224]">&gt;&gt;</a>&nbsp;&nbsp;&nbsp;lv_theme_night_init
</UL>

<P><STRONG><a name="[408]"></a>slider_init</STRONG> (Thumb, 40 bytes, Stack size 0 bytes, lv_theme_night.o(i.slider_init))
<BR><BR>[Calls]<UL><LI><a href="#[180]">&gt;&gt;</a>&nbsp;&nbsp;&nbsp;lv_style_copy
</UL>
<BR>[Called By]<UL><LI><a href="#[224]">&gt;&gt;</a>&nbsp;&nbsp;&nbsp;lv_theme_night_init
</UL>

<P><STRONG><a name="[410]"></a>spinbox_init</STRONG> (Thumb, 28 bytes, Stack size 0 bytes, lv_theme_night.o(i.spinbox_init))
<BR><BR>[Called By]<UL><LI><a href="#[224]">&gt;&gt;</a>&nbsp;&nbsp;&nbsp;lv_theme_night_init
</UL>

<P><STRONG><a name="[c3]"></a>style_mod</STRONG> (Thumb, 46 bytes, Stack size 0 bytes, lv_theme_night.o(i.style_mod))
<BR><BR>[Calls]<UL><LI><a href="#[181]">&gt;&gt;</a>&nbsp;&nbsp;&nbsp;lv_color_hsv_to_rgb
</UL>
<BR>[Address Reference Count : 1]<UL><LI> lv_theme_night.o(i.lv_theme_night_init)
</UL>
<P><STRONG><a name="[c4]"></a>style_mod_edit</STRONG> (Thumb, 36 bytes, Stack size 0 bytes, lv_theme_night.o(i.style_mod_edit))
<BR>[Address Reference Count : 1]<UL><LI> lv_theme_night.o(i.lv_theme_night_init)
</UL>
<P><STRONG><a name="[409]"></a>sw_init</STRONG> (Thumb, 28 bytes, Stack size 0 bytes, lv_theme_night.o(i.sw_init))
<BR><BR>[Called By]<UL><LI><a href="#[224]">&gt;&gt;</a>&nbsp;&nbsp;&nbsp;lv_theme_night_init
</UL>

<P><STRONG><a name="[40f]"></a>ta_init</STRONG> (Thumb, 30 bytes, Stack size 0 bytes, lv_theme_night.o(i.ta_init))
<BR><BR>[Called By]<UL><LI><a href="#[224]">&gt;&gt;</a>&nbsp;&nbsp;&nbsp;lv_theme_night_init
</UL>

<P><STRONG><a name="[414]"></a>table_init</STRONG> (Thumb, 48 bytes, Stack size 0 bytes, lv_theme_night.o(i.table_init))
<BR><BR>[Calls]<UL><LI><a href="#[180]">&gt;&gt;</a>&nbsp;&nbsp;&nbsp;lv_style_copy
</UL>
<BR>[Called By]<UL><LI><a href="#[224]">&gt;&gt;</a>&nbsp;&nbsp;&nbsp;lv_theme_night_init
</UL>

<P><STRONG><a name="[412]"></a>tabview_init</STRONG> (Thumb, 46 bytes, Stack size 0 bytes, lv_theme_night.o(i.tabview_init))
<BR><BR>[Called By]<UL><LI><a href="#[224]">&gt;&gt;</a>&nbsp;&nbsp;&nbsp;lv_theme_night_init
</UL>

<P><STRONG><a name="[413]"></a>tileview_init</STRONG> (Thumb, 26 bytes, Stack size 0 bytes, lv_theme_night.o(i.tileview_init))
<BR><BR>[Called By]<UL><LI><a href="#[224]">&gt;&gt;</a>&nbsp;&nbsp;&nbsp;lv_theme_night_init
</UL>

<P><STRONG><a name="[415]"></a>win_init</STRONG> (Thumb, 224 bytes, Stack size 0 bytes, lv_theme_night.o(i.win_init))
<BR><BR>[Calls]<UL><LI><a href="#[181]">&gt;&gt;</a>&nbsp;&nbsp;&nbsp;lv_color_hsv_to_rgb
<LI><a href="#[180]">&gt;&gt;</a>&nbsp;&nbsp;&nbsp;lv_style_copy
<LI><a href="#[18a]">&gt;&gt;</a>&nbsp;&nbsp;&nbsp;lv_color_hex3
</UL>
<BR>[Called By]<UL><LI><a href="#[224]">&gt;&gt;</a>&nbsp;&nbsp;&nbsp;lv_theme_night_init
</UL>

<P><STRONG><a name="[a8]"></a>disp_flush</STRONG> (Thumb, 38 bytes, Stack size 0 bytes, lv_port_disp.o(i.disp_flush))
<BR><BR>[Calls]<UL><LI><a href="#[122]">&gt;&gt;</a>&nbsp;&nbsp;&nbsp;LCD_Color_Fill
<LI><a href="#[1d4]">&gt;&gt;</a>&nbsp;&nbsp;&nbsp;lv_disp_flush_ready
</UL>
<BR>[Address Reference Count : 1]<UL><LI> lv_port_disp.o(i.lv_port_disp_init)
</UL>
<P><STRONG><a name="[a9]"></a>touchpad_read</STRONG> (Thumb, 74 bytes, Stack size 0 bytes, lv_port_indev.o(i.touchpad_read))
<BR>[Address Reference Count : 1]<UL><LI> lv_port_indev.o(i.lv_port_indev_init)
</UL>
<P><STRONG><a name="[5c]"></a>back_btn_event_handler</STRONG> (Thumb, 76 bytes, Stack size 0 bytes, gui_app.o(i.back_btn_event_handler))
<BR><BR>[Calls]<UL><LI><a href="#[185]">&gt;&gt;</a>&nbsp;&nbsp;&nbsp;lv_obj_get_event_cb
<LI><a href="#[186]">&gt;&gt;</a>&nbsp;&nbsp;&nbsp;lv_obj_del
<LI><a href="#[184]">&gt;&gt;</a>&nbsp;&nbsp;&nbsp;lv_obj_get_parent
<LI><a href="#[183]">&gt;&gt;</a>&nbsp;&nbsp;&nbsp;lv_label_set_recolor
<LI><a href="#[182]">&gt;&gt;</a>&nbsp;&nbsp;&nbsp;lv_label_set_text
</UL>
<BR>[Address Reference Count : 1]<UL><LI> gui_app.o(i.general_win_create)
</UL>
<P><STRONG><a name="[226]"></a>lv_scr_act</STRONG> (Thumb, 14 bytes, Stack size 0 bytes, gui_app.o(i.lv_scr_act))
<BR><BR>[Calls]<UL><LI><a href="#[1eb]">&gt;&gt;</a>&nbsp;&nbsp;&nbsp;lv_disp_get_default
<LI><a href="#[1ec]">&gt;&gt;</a>&nbsp;&nbsp;&nbsp;lv_disp_get_scr_act
</UL>
<BR>[Called By]<UL><LI><a href="#[223]">&gt;&gt;</a>&nbsp;&nbsp;&nbsp;gui_app_start
<LI><a href="#[1ee]">&gt;&gt;</a>&nbsp;&nbsp;&nbsp;toast
</UL>

<P><STRONG><a name="[61]"></a>event_handler</STRONG> (Thumb, 204 bytes, Stack size 0 bytes, login_win.o(i.event_handler))
<BR><BR>[Calls]<UL><LI><a href="#[186]">&gt;&gt;</a>&nbsp;&nbsp;&nbsp;lv_obj_del
<LI><a href="#[1eb]">&gt;&gt;</a>&nbsp;&nbsp;&nbsp;lv_disp_get_default
<LI><a href="#[1ec]">&gt;&gt;</a>&nbsp;&nbsp;&nbsp;lv_disp_get_scr_act
<LI><a href="#[1e9]">&gt;&gt;</a>&nbsp;&nbsp;&nbsp;lv_ta_set_cursor_type
<LI><a href="#[1ab]">&gt;&gt;</a>&nbsp;&nbsp;&nbsp;lv_ta_get_text
<LI><a href="#[8c]">&gt;&gt;</a>&nbsp;&nbsp;&nbsp;lv_kb_def_event_cb
<LI><a href="#[1ea]">&gt;&gt;</a>&nbsp;&nbsp;&nbsp;kb_create
<LI><a href="#[1ed]">&gt;&gt;</a>&nbsp;&nbsp;&nbsp;main_win_create
<LI><a href="#[1ee]">&gt;&gt;</a>&nbsp;&nbsp;&nbsp;toast
<LI><a href="#[175]">&gt;&gt;</a>&nbsp;&nbsp;&nbsp;strcmp
</UL>
<BR>[Address Reference Count : 2]<UL><LI> login_win.o(i.kb_create)
<LI> login_win.o(i.login_win_create)
</UL>
<P><STRONG><a name="[60]"></a>event_handler</STRONG> (Thumb, 220 bytes, Stack size 0 bytes, main_win.o(i.event_handler))
<BR><BR>[Calls]<UL><LI><a href="#[186]">&gt;&gt;</a>&nbsp;&nbsp;&nbsp;lv_obj_del
<LI><a href="#[1f0]">&gt;&gt;</a>&nbsp;&nbsp;&nbsp;lv_event_get_data
<LI><a href="#[184]">&gt;&gt;</a>&nbsp;&nbsp;&nbsp;lv_obj_get_parent
<LI><a href="#[1f3]">&gt;&gt;</a>&nbsp;&nbsp;&nbsp;progress_win_create
<LI><a href="#[1f4]">&gt;&gt;</a>&nbsp;&nbsp;&nbsp;gauge_win_create
<LI><a href="#[1ac]">&gt;&gt;</a>&nbsp;&nbsp;&nbsp;chart_win_create
<LI><a href="#[195]">&gt;&gt;</a>&nbsp;&nbsp;&nbsp;calendar_win_create
<LI><a href="#[1ef]">&gt;&gt;</a>&nbsp;&nbsp;&nbsp;quit_mbox_create
<LI><a href="#[1f1]">&gt;&gt;</a>&nbsp;&nbsp;&nbsp;lv_scr_act
<LI><a href="#[1f2]">&gt;&gt;</a>&nbsp;&nbsp;&nbsp;login_win_create
<LI><a href="#[1ee]">&gt;&gt;</a>&nbsp;&nbsp;&nbsp;toast
</UL>
<BR>[Address Reference Count : 3]<UL><LI> main_win.o(i.home_tab_init)
<LI> main_win.o(i.quit_mbox_create)
<LI> main_win.o(i.setting_tab_init)
</UL>
<P><STRONG><a name="[1f1]"></a>lv_scr_act</STRONG> (Thumb, 14 bytes, Stack size 0 bytes, main_win.o(i.lv_scr_act))
<BR><BR>[Calls]<UL><LI><a href="#[1eb]">&gt;&gt;</a>&nbsp;&nbsp;&nbsp;lv_disp_get_default
<LI><a href="#[1ec]">&gt;&gt;</a>&nbsp;&nbsp;&nbsp;lv_disp_get_scr_act
</UL>
<BR>[Called By]<UL><LI><a href="#[60]">&gt;&gt;</a>&nbsp;&nbsp;&nbsp;event_handler
</UL>

<P><STRONG><a name="[58]"></a>event_handler</STRONG> (Thumb, 70 bytes, Stack size 0 bytes, calendar_win.o(i.event_handler))
<BR><BR>[Calls]<UL><LI><a href="#[1a2]">&gt;&gt;</a>&nbsp;&nbsp;&nbsp;lv_roller_set_selected
<LI><a href="#[19b]">&gt;&gt;</a>&nbsp;&nbsp;&nbsp;lv_calendar_set_today_date
<LI><a href="#[19c]">&gt;&gt;</a>&nbsp;&nbsp;&nbsp;lv_calendar_set_showed_date
<LI><a href="#[1f5]">&gt;&gt;</a>&nbsp;&nbsp;&nbsp;lv_calendar_get_pressed_date
</UL>
<BR>[Address Reference Count : 1]<UL><LI> calendar_win.o(i.calendar_win_create)
</UL>
<P><STRONG><a name="[59]"></a>event_handler</STRONG> (Thumb, 214 bytes, Stack size 0 bytes, chart_win.o(i.event_handler))
<BR><BR>[Calls]<UL><LI><a href="#[152]">&gt;&gt;</a>&nbsp;&nbsp;&nbsp;__aeabi_f2iz
<LI><a href="#[dc]">&gt;&gt;</a>&nbsp;&nbsp;&nbsp;__aeabi_i2f
<LI><a href="#[d7]">&gt;&gt;</a>&nbsp;&nbsp;&nbsp;__aeabi_fdiv
<LI><a href="#[1ae]">&gt;&gt;</a>&nbsp;&nbsp;&nbsp;lv_chart_set_type
<LI><a href="#[1f8]">&gt;&gt;</a>&nbsp;&nbsp;&nbsp;lv_chart_refresh
<LI><a href="#[1fa]">&gt;&gt;</a>&nbsp;&nbsp;&nbsp;lv_btn_get_state
<LI><a href="#[1f9]">&gt;&gt;</a>&nbsp;&nbsp;&nbsp;lv_bar_get_value
<LI><a href="#[1f7]">&gt;&gt;</a>&nbsp;&nbsp;&nbsp;__aeabi_fmul
<LI><a href="#[1f6]">&gt;&gt;</a>&nbsp;&nbsp;&nbsp;lv_slider_get_value
</UL>
<BR>[Address Reference Count : 1]<UL><LI> chart_win.o(i.chart_win_create)
</UL>
<P><STRONG><a name="[5a]"></a>event_handler</STRONG> (Thumb, 32 bytes, Stack size 0 bytes, gauge_win.o(i.event_handler))
<BR><BR>[Calls]<UL><LI><a href="#[1fb]">&gt;&gt;</a>&nbsp;&nbsp;&nbsp;lv_task_del
</UL>
<BR>[Address Reference Count : 1]<UL><LI> gauge_win.o(i.gauge_win_create)
</UL>
<P><STRONG><a name="[c5]"></a>event_handler</STRONG> (Thumb, 32 bytes, Stack size 0 bytes, progress_win.o(i.event_handler))
<BR><BR>[Calls]<UL><LI><a href="#[1fb]">&gt;&gt;</a>&nbsp;&nbsp;&nbsp;lv_task_del
</UL>
<BR>[Address Reference Count : 1]<UL><LI> progress_win.o(i.progress_win_create)
</UL>
<P><STRONG><a name="[41c]"></a>progress_set_val</STRONG> (Thumb, 80 bytes, Stack size 0 bytes, progress_win.o(i.progress_set_val))
<BR><BR>[Calls]<UL><LI><a href="#[41d]">&gt;&gt;</a>&nbsp;&nbsp;&nbsp;__aeabi_f2uiz
<LI><a href="#[283]">&gt;&gt;</a>&nbsp;&nbsp;&nbsp;lv_arc_set_angles
<LI><a href="#[2d7]">&gt;&gt;</a>&nbsp;&nbsp;&nbsp;lv_obj_realign
<LI><a href="#[182]">&gt;&gt;</a>&nbsp;&nbsp;&nbsp;lv_label_set_text
<LI><a href="#[1bf]">&gt;&gt;</a>&nbsp;&nbsp;&nbsp;lv_bar_set_value
<LI><a href="#[dd]">&gt;&gt;</a>&nbsp;&nbsp;&nbsp;__aeabi_ui2f
<LI><a href="#[1f7]">&gt;&gt;</a>&nbsp;&nbsp;&nbsp;__aeabi_fmul
<LI><a href="#[41e]">&gt;&gt;</a>&nbsp;&nbsp;&nbsp;__2sprintf
</UL>
<BR>[Called By]<UL><LI><a href="#[c6]">&gt;&gt;</a>&nbsp;&nbsp;&nbsp;progress_task
<LI><a href="#[1f3]">&gt;&gt;</a>&nbsp;&nbsp;&nbsp;progress_win_create
</UL>

<P><STRONG><a name="[c6]"></a>progress_task</STRONG> (Thumb, 36 bytes, Stack size 0 bytes, progress_win.o(i.progress_task))
<BR><BR>[Calls]<UL><LI><a href="#[41c]">&gt;&gt;</a>&nbsp;&nbsp;&nbsp;progress_set_val
</UL>
<BR>[Address Reference Count : 1]<UL><LI> progress_win.o(i.progress_win_create)
</UL>
<P><STRONG><a name="[137]"></a>_DoInit</STRONG> (Thumb, 72 bytes, Stack size 0 bytes, segger_rtt.o(i._DoInit))
<BR><BR>[Calls]<UL><LI><a href="#[163]">&gt;&gt;</a>&nbsp;&nbsp;&nbsp;strcpy
</UL>
<BR>[Called By]<UL><LI><a href="#[136]">&gt;&gt;</a>&nbsp;&nbsp;&nbsp;SEGGER_RTT_Write
</UL>

<P><STRONG><a name="[139]"></a>_GetAvailWriteSpace</STRONG> (Thumb, 28 bytes, Stack size 0 bytes, segger_rtt.o(i._GetAvailWriteSpace))
<BR><BR>[Called By]<UL><LI><a href="#[138]">&gt;&gt;</a>&nbsp;&nbsp;&nbsp;SEGGER_RTT_WriteNoLock
</UL>

<P><STRONG><a name="[13b]"></a>_WriteBlocking</STRONG> (Thumb, 114 bytes, Stack size 0 bytes, segger_rtt.o(i._WriteBlocking))
<BR><BR>[Calls]<UL><LI><a href="#[164]">&gt;&gt;</a>&nbsp;&nbsp;&nbsp;__aeabi_memcpy
</UL>
<BR>[Called By]<UL><LI><a href="#[138]">&gt;&gt;</a>&nbsp;&nbsp;&nbsp;SEGGER_RTT_WriteNoLock
</UL>

<P><STRONG><a name="[13a]"></a>_WriteNoCheck</STRONG> (Thumb, 76 bytes, Stack size 0 bytes, segger_rtt.o(i._WriteNoCheck))
<BR><BR>[Calls]<UL><LI><a href="#[164]">&gt;&gt;</a>&nbsp;&nbsp;&nbsp;__aeabi_memcpy
</UL>
<BR>[Called By]<UL><LI><a href="#[138]">&gt;&gt;</a>&nbsp;&nbsp;&nbsp;SEGGER_RTT_WriteNoLock
</UL>

<P><STRONG><a name="[433]"></a>__set_PRIMASK</STRONG> (Thumb, 6 bytes, Stack size 0 bytes, trcevent.o(i.__set_PRIMASK))
<BR><BR>[Called By]<UL><LI><a href="#[435]">&gt;&gt;</a>&nbsp;&nbsp;&nbsp;xTraceEventEndOffline
<LI><a href="#[432]">&gt;&gt;</a>&nbsp;&nbsp;&nbsp;xTraceEventBeginRawOffline
</UL>

<P><STRONG><a name="[16f]"></a>_fp_digits</STRONG> (Thumb, 366 bytes, Stack size 0 bytes, printfa.o(i._fp_digits), UNUSED)
<BR><BR>[Calls]<UL><LI><a href="#[da]">&gt;&gt;</a>&nbsp;&nbsp;&nbsp;__aeabi_ddiv
<LI><a href="#[170]">&gt;&gt;</a>&nbsp;&nbsp;&nbsp;__aeabi_cdrcmple
<LI><a href="#[d8]">&gt;&gt;</a>&nbsp;&nbsp;&nbsp;__aeabi_dmul
<LI><a href="#[e6]">&gt;&gt;</a>&nbsp;&nbsp;&nbsp;__aeabi_dadd
<LI><a href="#[e4]">&gt;&gt;</a>&nbsp;&nbsp;&nbsp;__aeabi_uldivmod
<LI><a href="#[ea]">&gt;&gt;</a>&nbsp;&nbsp;&nbsp;__aeabi_d2ulz
</UL>
<BR>[Called By]<UL><LI><a href="#[166]">&gt;&gt;</a>&nbsp;&nbsp;&nbsp;_printf_core
</UL>

<P><STRONG><a name="[166]"></a>_printf_core</STRONG> (Thumb, 1704 bytes, Stack size 0 bytes, printfa.o(i._printf_core), UNUSED)
<BR><BR>[Calls]<UL><LI><a href="#[e4]">&gt;&gt;</a>&nbsp;&nbsp;&nbsp;__aeabi_uldivmod
<LI><a href="#[173]">&gt;&gt;</a>&nbsp;&nbsp;&nbsp;__aeabi_uidivmod
<LI><a href="#[171]">&gt;&gt;</a>&nbsp;&nbsp;&nbsp;_printf_pre_padding
<LI><a href="#[172]">&gt;&gt;</a>&nbsp;&nbsp;&nbsp;_printf_post_padding
<LI><a href="#[16f]">&gt;&gt;</a>&nbsp;&nbsp;&nbsp;_fp_digits
</UL>
<BR>[Called By]<UL><LI><a href="#[167]">&gt;&gt;</a>&nbsp;&nbsp;&nbsp;__0sprintf
<LI><a href="#[165]">&gt;&gt;</a>&nbsp;&nbsp;&nbsp;__0printf
</UL>

<P><STRONG><a name="[172]"></a>_printf_post_padding</STRONG> (Thumb, 36 bytes, Stack size 0 bytes, printfa.o(i._printf_post_padding), UNUSED)
<BR><BR>[Called By]<UL><LI><a href="#[166]">&gt;&gt;</a>&nbsp;&nbsp;&nbsp;_printf_core
</UL>

<P><STRONG><a name="[171]"></a>_printf_pre_padding</STRONG> (Thumb, 46 bytes, Stack size 0 bytes, printfa.o(i._printf_pre_padding), UNUSED)
<BR><BR>[Called By]<UL><LI><a href="#[166]">&gt;&gt;</a>&nbsp;&nbsp;&nbsp;_printf_core
</UL>

<P><STRONG><a name="[57]"></a>_sputc</STRONG> (Thumb, 10 bytes, Stack size 0 bytes, printfa.o(i._sputc))
<BR><BR>[Called By]<UL><LI><a href="#[167]">&gt;&gt;</a>&nbsp;&nbsp;&nbsp;__0sprintf
</UL>
<BR>[Address Reference Count : 1]<UL><LI> printfa.o(i.__0sprintf)
</UL><P>
<H3>
Undefined Global Symbols
</H3><HR></body></html>
