Component: ARM Compiler 5.06 update 7 (build 960) Tool: armlink [4d3601]

==============================================================================

Section Cross References

    main.o(.text) refers to _printf_percent.o(.ARM.Collect$$_printf_percent$$00000000) for _printf_percent
    main.o(.text) refers to _printf_d.o(.ARM.Collect$$_printf_percent$$00000009) for _printf_d
    main.o(.text) refers to _printf_dec.o(.text) for _printf_int_dec
    main.o(.text) refers to delay.o(.text) for delay_init
    main.o(.text) refers to misc.o(.text) for NVIC_PriorityGroupConfig
    main.o(.text) refers to usart.o(.text) for uart_init
    main.o(.text) refers to led.o(.text) for LED_Init
    main.o(.text) refers to beep.o(.text) for BEEP_Init
    main.o(.text) refers to timer.o(.text) for TIM2_Int_Init
    main.o(.text) refers to noretval__2printf.o(.text) for __2printf
    main.o(.text) refers to main.o(.data) for pscValue
    main.o(.text) refers to timer.o(.bss) for highNumberArray
    main.o(.text) refers to timer.o(.data) for highNumberArrayLen
    system_stm32f10x.o(.text) refers to system_stm32f10x.o(.data) for SystemCoreClock
    quicksort.o(.text) refers to dflt_clz.o(x$fpl$dflt) for __aeabi_i2d
    quicksort.o(.text) refers to ddiv.o(x$fpl$ddiv) for __aeabi_ddiv
    quicksort.o(.text) refers to dfix.o(x$fpl$dfix) for __aeabi_d2iz
    led.o(.text) refers to stm32f10x_rcc.o(.text) for RCC_APB2PeriphClockCmd
    led.o(.text) refers to stm32f10x_gpio.o(.text) for GPIO_Init
    key.o(.text) refers to stm32f10x_rcc.o(.text) for RCC_APB2PeriphClockCmd
    key.o(.text) refers to stm32f10x_gpio.o(.text) for GPIO_Init
    key.o(.text) refers to delay.o(.text) for delay_ms
    key.o(.text) refers to key.o(.data) for key_up
    lcd.o(.text) refers to _printf_percent.o(.ARM.Collect$$_printf_percent$$00000000) for _printf_percent
    lcd.o(.text) refers to _printf_x.o(.ARM.Collect$$_printf_percent$$0000000C) for _printf_x
    lcd.o(.text) refers to _printf_hex_int.o(.text) for _printf_longlong_hex
    lcd.o(.text) refers to delay.o(.text) for delay_us
    lcd.o(.text) refers to lcd.o(.bss) for lcddev
    lcd.o(.text) refers to dflt_clz.o(x$fpl$dfltu) for __aeabi_ui2d
    lcd.o(.text) refers to dmul.o(x$fpl$dmul) for __aeabi_dmul
    lcd.o(.text) refers to dfixu.o(x$fpl$dfixu) for __aeabi_d2uiz
    lcd.o(.text) refers to lcd.o(.data) for POINT_COLOR
    lcd.o(.text) refers to stm32f10x_rcc.o(.text) for RCC_AHBPeriphClockCmd
    lcd.o(.text) refers to stm32f10x_gpio.o(.text) for GPIO_Init
    lcd.o(.text) refers to stm32f10x_fsmc.o(.text) for FSMC_NORSRAMInit
    lcd.o(.text) refers to noretval__2printf.o(.text) for __2printf
    lcd.o(.text) refers to lcd.o(.constdata) for asc2_1206
    myiic.o(.text) refers to stm32f10x_rcc.o(.text) for RCC_APB2PeriphClockCmd
    myiic.o(.text) refers to stm32f10x_gpio.o(.text) for GPIO_Init
    myiic.o(.text) refers to delay.o(.text) for delay_us
    24cxx.o(.text) refers to myiic.o(.text) for IIC_Init
    24cxx.o(.text) refers to delay.o(.text) for delay_ms
    spi.o(.text) refers to stm32f10x_spi.o(.text) for SPI_I2S_GetFlagStatus
    spi.o(.text) refers to stm32f10x_rcc.o(.text) for RCC_APB2PeriphClockCmd
    spi.o(.text) refers to stm32f10x_gpio.o(.text) for GPIO_Init
    w25qxx.o(.text) refers to _printf_percent.o(.ARM.Collect$$_printf_percent$$00000000) for _printf_percent
    w25qxx.o(.text) refers to _printf_x.o(.ARM.Collect$$_printf_percent$$0000000C) for _printf_x
    w25qxx.o(.text) refers to _printf_hex_int.o(.text) for _printf_longlong_hex
    w25qxx.o(.text) refers to spi.o(.text) for SPI2_ReadWriteByte
    w25qxx.o(.text) refers to stm32f10x_rcc.o(.text) for RCC_APB2PeriphClockCmd
    w25qxx.o(.text) refers to stm32f10x_gpio.o(.text) for GPIO_Init
    w25qxx.o(.text) refers to noretval__2printf.o(.text) for __2printf
    w25qxx.o(.text) refers to delay.o(.text) for delay_us
    w25qxx.o(.text) refers to w25qxx.o(.data) for W25QXX_TYPE
    w25qxx.o(.text) refers to w25qxx.o(.bss) for W25QXX_BUFFER
    touch.o(.text) refers to _printf_percent.o(.ARM.Collect$$_printf_percent$$00000000) for _printf_percent
    touch.o(.text) refers to _printf_d.o(.ARM.Collect$$_printf_percent$$00000009) for _printf_d
    touch.o(.text) refers to _printf_dec.o(.text) for _printf_int_dec
    touch.o(.text) refers to _printf_f.o(.ARM.Collect$$_printf_percent$$00000003) for _printf_f
    touch.o(.text) refers to printf1.o(x$fpl$printf1) for _printf_fp_dec
    touch.o(.text) refers to stm32f10x_gpio.o(.text) for GPIO_SetBits
    touch.o(.text) refers to delay.o(.text) for delay_us
    touch.o(.text) refers to lcd.o(.text) for LCD_DrawLine
    touch.o(.text) refers to fflt_clz.o(x$fpl$fflt) for __aeabi_i2f
    touch.o(.text) refers to fdiv.o(x$fpl$fdiv) for __aeabi_fdiv
    touch.o(.text) refers to faddsub_clz.o(x$fpl$fadd) for __aeabi_fadd
    touch.o(.text) refers to ffixu.o(x$fpl$ffixu) for __aeabi_f2uiz
    touch.o(.text) refers to touch.o(.data) for tp_dev
[...]
    ..\STM32F10x_FWLib\src\stm32f10x_spi.c   0x00000000   Number         0  stm32f10x_spi.o ABSOLUTE
    ..\STM32F10x_FWLib\src\stm32f10x_tim.c   0x00000000   Number         0  stm32f10x_tim.o ABSOLUTE
    ..\STM32F10x_FWLib\src\stm32f10x_usart.c 0x00000000   Number         0  stm32f10x_usart.o ABSOLUTE
    ..\SYSTEM\delay\delay.c                  0x00000000   Number         0  delay.o ABSOLUTE
    ..\SYSTEM\sys\sys.c                      0x00000000   Number         0  sys.o ABSOLUTE
    ..\SYSTEM\usart\usart.c                  0x00000000   Number         0  usart.o ABSOLUTE
    ..\\CORE\\core_cm3.c                     0x00000000   Number         0  core_cm3.o ABSOLUTE
    ..\\SYSTEM\\sys\\sys.c                   0x00000000   Number         0  sys.o ABSOLUTE
    dc.s                                     0x00000000   Number         0  dc.o ABSOLUTE
    main.c                                   0x00000000   Number         0  main.o ABSOLUTE
    quickSort.c                              0x00000000   Number         0  quicksort.o ABSOLUTE
    stm32f10x_it.c                           0x00000000   Number         0  stm32f10x_it.o ABSOLUTE
    system_stm32f10x.c                       0x00000000   Number         0  system_stm32f10x.o ABSOLUTE
    RESET                                    0x08000000   Section      304  startup_stm32f10x_hd.o(RESET)
    !!!main                                  0x08000130   Section        8  __main.o(!!!main)
    !!!scatter                               0x08000138   Section       52  __scatter.o(!!!scatter)
    !!handler_copy                           0x0800016c   Section       26  __scatter_copy.o(!!handler_copy)
    !!handler_zi                             0x08000188   Section       28  __scatter_zi.o(!!handler_zi)
    .ARM.Collect$$_printf_percent$$00000000  0x080001a4   Section        0  _printf_percent.o(.ARM.Collect$$_printf_percent$$00000000)
    .ARM.Collect$$_printf_percent$$00000003  0x080001a4   Section        6  _printf_f.o(.ARM.Collect$$_printf_percent$$00000003)
    .ARM.Collect$$_printf_percent$$00000009  0x080001aa   Section        6  _printf_d.o(.ARM.Collect$$_printf_percent$$00000009)
    .ARM.Collect$$_printf_percent$$00000017  0x080001b0   Section        4  _printf_percent_end.o(.ARM.Collect$$_printf_percent$$00000017)
    .ARM.Collect$$libinit$$00000000          0x080001b4   Section        2  libinit.o(.ARM.Collect$$libinit$$00000000)
    .ARM.Collect$$libinit$$00000002          0x080001b6   Section        0  libinit2.o(.ARM.Collect$$libinit$$00000002)
    .ARM.Collect$$libinit$$00000004          0x080001b6   Section        0  libinit2.o(.ARM.Collect$$libinit$$00000004)
    .ARM.Collect$$libinit$$0000000A          0x080001b6   Section        0  libinit2.o(.ARM.Collect$$libinit$$0000000A)
    .ARM.Collect$$libinit$$0000000C          0x080001b6   Section        0  libinit2.o(.ARM.Collect$$libinit$$0000000C)
    .ARM.Collect$$libinit$$0000000E          0x080001b6   Section        0  libinit2.o(.ARM.Collect$$libinit$$0000000E)
    .ARM.Collect$$libinit$$0000000F          0x080001b6   Section        6  libinit2.o(.ARM.Collect$$libinit$$0000000F)
    .ARM.Collect$$libinit$$00000011          0x080001bc   Section        0  libinit2.o(.ARM.Collect$$libinit$$00000011)
    .ARM.Collect$$libinit$$00000013          0x080001bc   Section        0  libinit2.o(.ARM.Collect$$libinit$$00000013)
    .ARM.Collect$$libinit$$00000015          0x080001bc   Section        0  libinit2.o(.ARM.Collect$$libinit$$00000015)
    .ARM.Collect$$libinit$$00000016          0x080001bc   Section       10  libinit2.o(.ARM.Collect$$libinit$$00000016)
    .ARM.Collect$$libinit$$00000017          0x080001c6   Section        0  libinit2.o(.ARM.Collect$$libinit$$00000017)
    .ARM.Collect$$libinit$$00000019          0x080001c6   Section        0  libinit2.o(.ARM.Collect$$libinit$$00000019)
    .ARM.Collect$$libinit$$0000001B          0x080001c6   Section        0  libinit2.o(.ARM.Collect$$libinit$$0000001B)
    .ARM.Collect$$libinit$$0000001D          0x080001c6   Section        0  libinit2.o(.ARM.Collect$$libinit$$0000001D)
    .ARM.Collect$$libinit$$0000001F          0x080001c6   Section        0  libinit2.o(.ARM.Collect$$libinit$$0000001F)
    .ARM.Collect$$libinit$$00000021          0x080001c6   Section        0  libinit2.o(.ARM.Collect$$libinit$$00000021)
    .ARM.Collect$$libinit$$00000023          0x080001c6   Section        0  libinit2.o(.ARM.Collect$$libinit$$00000023)
    .ARM.Collect$$libinit$$00000025          0x080001c6   Section        0  libinit2.o(.ARM.Collect$$libinit$$00000025)
    .ARM.Collect$$libinit$$0000002C          0x080001c6   Section        0  libinit2.o(.ARM.Collect$$libinit$$0000002C)
    .ARM.Collect$$libinit$$0000002E          0x080001c6   Section        0  libinit2.o(.ARM.Collect$$libinit$$0000002E)
    .ARM.Collect$$libinit$$00000030          0x080001c6   Section        0  libinit2.o(.ARM.Collect$$libinit$$00000030)
    .ARM.Collect$$libinit$$00000032          0x080001c6   Section        0  libinit2.o(.ARM.Collect$$libinit$$00000032)
    .ARM.Collect$$libinit$$00000033          0x080001c6   Section        2  libinit2.o(.ARM.Collect$$libinit$$00000033)
    .ARM.Collect$$libshutdown$$00000000      0x080001c8   Section        2  libshutdown.o(.ARM.Collect$$libshutdown$$00000000)
    .ARM.Collect$$libshutdown$$00000002      0x080001ca   Section        0  libshutdown2.o(.ARM.Collect$$libshutdown$$00000002)
    .ARM.Collect$$libshutdown$$00000004      0x080001ca   Section        0  libshutdown2.o(.ARM.Collect$$libshutdown$$00000004)
    .ARM.Collect$$libshutdown$$00000006      0x080001ca   Section        0  libshutdown2.o(.ARM.Collect$$libshutdown$$00000006)
    .ARM.Collect$$libshutdown$$00000009      0x080001ca   Section        0  libshutdown2.o(.ARM.Collect$$libshutdown$$00000009)
    .ARM.Collect$$libshutdown$$0000000C      0x080001ca   Section        0  libshutdown2.o(.ARM.Collect$$libshutdown$$0000000C)
    .ARM.Collect$$libshutdown$$0000000E      0x080001ca   Section        0  libshutdown2.o(.ARM.Collect$$libshutdown$$0000000E)
    .ARM.Collect$$libshutdown$$00000011      0x080001ca   Section        0  libshutdown2.o(.ARM.Collect$$libshutdown$$00000011)
    .ARM.Collect$$libshutdown$$00000012      0x080001ca   Section        2  libshutdown2.o(.ARM.Collect$$libshutdown$$00000012)
    .ARM.Collect$$rtentry$$00000000          0x080001cc   Section        0  __rtentry.o(.ARM.Collect$$rtentry$$00000000)
    .ARM.Collect$$rtentry$$00000002          0x080001cc   Section        0  __rtentry2.o(.ARM.Collect$$rtentry$$00000002)
    .ARM.Collect$$rtentry$$00000004          0x080001cc   Section        6  __rtentry4.o(.ARM.Collect$$rtentry$$00000004)
    .ARM.Collect$$rtentry$$00000009          0x080001d2   Section        0  __rtentry2.o(.ARM.Collect$$rtentry$$00000009)
    .ARM.Collect$$rtentry$$0000000A          0x080001d2   Section        4  __rtentry2.o(.ARM.Collect$$rtentry$$0000000A)
    .ARM.Collect$$rtentry$$0000000C          0x080001d6   Section        0  __rtentry2.o(.ARM.Collect$$rtentry$$0000000C)
    .ARM.Collect$$rtentry$$0000000D          0x080001d6   Section        8  __rtentry2.o(.ARM.Collect$$rtentry$$0000000D)
    .ARM.Collect$$rtexit$$00000000           0x080001de   Section        2  rtexit.o(.ARM.Collect$$rtexit$$00000000)
    .ARM.Collect$$rtexit$$00000002           0x080001e0   Section        0  rtexit2.o(.ARM.Collect$$rtexit$$00000002)
    .ARM.Collect$$rtexit$$00000003           0x080001e0   Section        4  rtexit2.o(.ARM.Collect$$rtexit$$00000003)
    .ARM.Collect$$rtexit$$00000004           0x080001e4   Section        6  rtexit2.o(.ARM.Collect$$rtexit$$00000004)
    .text                                    0x080001ec   Section        0  main.o(.text)
    .text                                    0x0800028c   Section        0  stm32f10x_it.o(.text)
    .text                                    0x080002a8   Section        0  system_stm32f10x.o(.text)
    SetSysClockTo72                          0x080002a9   Thumb Code   214  system_stm32f10x.o(.text)
    SetSysClock                              0x0800037f   Thumb Code     8  system_stm32f10x.o(.text)
    .text                                    0x08000488   Section        0  quicksort.o(.text)
    .text                                    0x08000528   Section        0  led.o(.text)
    .text                                    0x08000574   Section        0  timer.o(.text)
    .text                                    0x08000a54   Section        0  beep.o(.text)
    .text                                    0x08000a8c   Section        0  delay.o(.text)
    .text                                    0x08000b60   Section        0  usart.o(.text)
    .text                                    0x08000ca0   Section       64  startup_stm32f10x_hd.o(.text)
    .text                                    0x08000ce0   Section        0  misc.o(.text)
    .text                                    0x08000dbc   Section        0  stm32f10x_gpio.o(.text)
    .text                                    0x08001118   Section        0  stm32f10x_rcc.o(.text)
    .text                                    0x080014bc   Section        0  stm32f10x_usart.o(.text)
    .text                                    0x080018c4   Section        0  stm32f10x_tim.o(.text)
    TI4_Config                               0x08001d6b   Thumb Code   130  stm32f10x_tim.o(.text)
    TI3_Config                               0x08001dff   Thumb Code   122  stm32f10x_tim.o(.text)
    TI2_Config                               0x08001e93   Thumb Code   130  stm32f10x_tim.o(.text)
    TI1_Config                               0x08001f27   Thumb Code   108  stm32f10x_tim.o(.text)
    .text                                    0x080026de   Section        2  use_no_semi_2.o(.text)
    .text                                    0x080026e0   Section        0  noretval__2printf.o(.text)
    .text                                    0x080026f8   Section        0  _printf_dec.o(.text)
    .text                                    0x08002770   Section        0  __printf_flags_wp.o(.text)
    .text                                    0x080028a8   Section      128  strcmpv7m.o(.text)
    .text                                    0x08002928   Section        0  heapauxi.o(.text)
    .text                                    0x0800292e   Section        2  use_no_semi.o(.text)
    .text                                    0x08002930   Section        0  _rserrno.o(.text)
    .text                                    0x08002946   Section        0  _printf_intcommon.o(.text)
    .text                                    0x080029f8   Section        0  _printf_fp_dec.o(.text)
    _fp_digits                               0x080029fb   Thumb Code   432  _printf_fp_dec.o(.text)
    .text                                    0x08002e18   Section        0  _printf_char_common.o(.text)
    _printf_input_char                       0x08002e19   Thumb Code    10  _printf_char_common.o(.text)
    .text                                    0x08002e48   Section        0  _printf_char_file.o(.text)
    .text                                    0x08002e6c   Section        8  rt_locale_intlibspace.o(.text)
    .text                                    0x08002e74   Section        8  rt_errno_addr_intlibspace.o(.text)
    .text                                    0x08002e7c   Section      138  lludiv10.o(.text)
    .text                                    0x08002f08   Section        0  _printf_fp_infnan.o(.text)
    .text                                    0x08002f88   Section        0  bigflt0.o(.text)
    .text                                    0x0800306c   Section        0  ferror.o(.text)
    .text                                    0x08003074   Section        8  libspace.o(.text)
    .text                                    0x0800307c   Section       74  sys_stackheap_outer.o(.text)
    .text                                    0x080030c6   Section        0  exit.o(.text)
    CL$$btod_d2e                             0x080030d8   Section       62  btod.o(CL$$btod_d2e)
    CL$$btod_d2e_denorm_low                  0x08003116   Section       70  btod.o(CL$$btod_d2e_denorm_low)
    CL$$btod_d2e_norm_op1                    0x0800315c   Section       96  btod.o(CL$$btod_d2e_norm_op1)
    CL$$btod_div_common                      0x080031bc   Section      824  btod.o(CL$$btod_div_common)
    CL$$btod_e2e                             0x080034f4   Section      220  btod.o(CL$$btod_e2e)
    CL$$btod_ediv                            0x080035d0   Section       42  btod.o(CL$$btod_ediv)
    CL$$btod_emul                            0x080035fa   Section       42  btod.o(CL$$btod_emul)
    CL$$btod_mult_common                     0x08003624   Section      580  btod.o(CL$$btod_mult_common)
    i.__ARM_fpclassify                       0x08003868   Section        0  fpclassify.o(i.__ARM_fpclassify)
    i.__kernel_poly                          0x08003890   Section        0  poly.o(i.__kernel_poly)
    i.__mathlib_dbl_divzero                  0x0800393c   Section        0  dunder.o(i.__mathlib_dbl_divzero)
    i.__mathlib_dbl_infnan2                  0x0800394c   Section        0  dunder.o(i.__mathlib_dbl_infnan2)
    i.__mathlib_dbl_invalid                  0x08003950   Section        0  dunder.o(i.__mathlib_dbl_invalid)
    i.__mathlib_dbl_overflow                 0x0800395c   Section        0  dunder.o(i.__mathlib_dbl_overflow)
    i.__mathlib_dbl_underflow                0x0800396c   Section        0  dunder.o(i.__mathlib_dbl_underflow)
    i._is_digit                              0x0800397c   Section        0  __printf_wp.o(i._is_digit)
    i.pow                                    0x0800398c   Section        0  pow.o(i.pow)
    i.sqrt                                   0x08004364   Section        0  sqrt.o(i.sqrt)
    locale$$code                             0x080043b0   Section       44  lc_numeric_c.o(locale$$code)
    x$fpl$d2f                                0x080043dc   Section       98  d2f.o(x$fpl$d2f)
    x$fpl$dadd                               0x08004440   Section      336  daddsub_clz.o(x$fpl$dadd)
    _dadd1                                   0x08004451   Thumb Code     0  daddsub_clz.o(x$fpl$dadd)
    x$fpl$dcheck1                            0x08004590   Section       16  dcheck1.o(x$fpl$dcheck1)
    x$fpl$dcmpinf                            0x080045a0   Section       24  dcmpi.o(x$fpl$dcmpinf)
    x$fpl$ddiv                               0x080045b8   Section      688  ddiv.o(x$fpl$ddiv)
    ddiv_entry                               0x080045bf   Thumb Code     0  ddiv.o(x$fpl$ddiv)
    x$fpl$dfix                               0x08004868   Section       94  dfix.o(x$fpl$dfix)
    x$fpl$dflt                               0x080048c6   Section       46  dflt_clz.o(x$fpl$dflt)
    x$fpl$dleqf                              0x080048f4   Section      120  dleqf.o(x$fpl$dleqf)
    x$fpl$dmul                               0x0800496c   Section      340  dmul.o(x$fpl$dmul)
    x$fpl$dnaninf                            0x08004ac0   Section      156  dnaninf.o(x$fpl$dnaninf)
    x$fpl$dretinf                            0x08004b5c   Section       12  dretinf.o(x$fpl$dretinf)
    x$fpl$drleqf                             0x08004b68   Section      108  drleqf.o(x$fpl$drleqf)
    x$fpl$drsb                               0x08004bd4   Section       22  daddsub_clz.o(x$fpl$drsb)
    x$fpl$dsqrt                              0x08004bec   Section      460  dsqrt_noumaal.o(x$fpl$dsqrt)
    x$fpl$dsub                               0x08004db8   Section      468  daddsub_clz.o(x$fpl$dsub)
    _dsub1                                   0x08004dc9   Thumb Code     0  daddsub_clz.o(x$fpl$dsub)
    x$fpl$f2d                                0x08004f8c   Section       86  f2d.o(x$fpl$f2d)
    x$fpl$ffixu                              0x08004fe4   Section       62  ffixu.o(x$fpl$ffixu)
    x$fpl$fnaninf                            0x08005022   Section      140  fnaninf.o(x$fpl$fnaninf)
    x$fpl$fretinf                            0x080050ae   Section       10  fretinf.o(x$fpl$fretinf)
    x$fpl$printf1                            0x080050b8   Section        4  printf1.o(x$fpl$printf1)
    x$fpl$retnan                             0x080050bc   Section      100  retnan.o(x$fpl$retnan)
    x$fpl$scalbn                             0x08005120   Section       92  scalbn.o(x$fpl$scalbn)
    x$fpl$trapveneer                         0x0800517c   Section       48  trapv.o(x$fpl$trapveneer)
    .constdata                               0x080051ac   Section       17  __printf_flags_wp.o(.constdata)
    x$fpl$usenofp                            0x080051ac   Section        0  usenofp.o(x$fpl$usenofp)
    maptable                                 0x080051ac   Data          17  __printf_flags_wp.o(.constdata)
    .constdata                               0x080051c0   Section      136  pow.o(.constdata)
    bp                                       0x080051c0   Data          16  pow.o(.constdata)
    dp_h                                     0x080051d0   Data          16  pow.o(.constdata)
    dp_l                                     0x080051e0   Data          16  pow.o(.constdata)
    L                                        0x080051f0   Data          48  pow.o(.constdata)
    P                                        0x08005220   Data          40  pow.o(.constdata)
    .constdata                               0x08005248   Section        8  qnan.o(.constdata)
    .constdata                               0x08005250   Section      148  bigflt0.o(.constdata)
    tenpwrs_x                                0x08005250   Data          60  bigflt0.o(.constdata)
    tenpwrs_i                                0x0800528c   Data          64  bigflt0.o(.constdata)
    locale$$data                             0x08005304   Section       28  lc_numeric_c.o(locale$$data)
    __lcnum_c_name                           0x08005308   Data           2  lc_numeric_c.o(locale$$data)
    __lcnum_c_start                          0x08005310   Data           0  lc_numeric_c.o(locale$$data)
    __lcnum_c_point                          0x0800531c   Data           0  lc_numeric_c.o(locale$$data)
    __lcnum_c_thousands                      0x0800531e   Data           0  lc_numeric_c.o(locale$$data)
    __lcnum_c_grouping                       0x0800531f   Data           0  lc_numeric_c.o(locale$$data)
    __lcnum_c_end                            0x08005320   Data           0  lc_numeric_c.o(locale$$data)
    .data                                    0x20000000   Section        6  main.o(.data)
    .data                                    0x20000008   Section       20  system_stm32f10x.o(.data)
    .data                                    0x2000001c   Section       24  timer.o(.data)
    counter                                  0x20000030   Data           4  timer.o(.data)
    .data                                    0x20000034   Section        4  delay.o(.data)
    fac_us                                   0x20000034   Data           1  delay.o(.data)
    fac_ms                                   0x20000036   Data           2  delay.o(.data)
    .data                                    0x20000038   Section        6  usart.o(.data)
    .data                                    0x2000003e   Section       20  stm32f10x_rcc.o(.data)
    APBAHBPrescTable                         0x2000003e   Data          16  stm32f10x_rcc.o(.data)
    ADCPrescTable                            0x2000004e   Data           4  stm32f10x_rcc.o(.data)
    .bss                                     0x20000054   Section       20  timer.o(.bss)
    .bss                                     0x20000068   Section      200  usart.o(.bss)
    .bss                                     0x20000130   Section       96  libspace.o(.bss)
    HEAP                                     0x20000190   Section      512  startup_stm32f10x_hd.o(HEAP)
    Heap_Mem                                 0x20000190   Data         512  startup_stm32f10x_hd.o(HEAP)
    STACK                                    0x20000390   Section     2048  startup_stm32f10x_hd.o(STACK)
    Stack_Mem                                0x20000390   Data        2048  startup_stm32f10x_hd.o(STACK)
    __initial_sp                             0x20000b90   Data           0  startup_stm32f10x_hd.o(STACK)
    .ARM.__AT_0x68000000                     0x68000000   Section    768000  lv_port_disp.o(.ARM.__AT_0x68000000)
    color_buf                                0x68000000   Data       768000  lv_port_disp.o(.ARM.__AT_0x68000000)

    Global Symbols

    Symbol Name                              Value     Ov Type        Size  Object(Section)

    BuildAttributes$$THM_ISAv4$P$D$K$B$S$PE$A:L22UL41UL21$X:L11$S22US41US21$IEEE1$IW$USESV6$~STKCKD$USESV7$~SHL$OTIME$ROPI$IEEEX$EBA8$UX$STANDARDLIB$REQ8$PRES8$EABIv2 0x00000000   Number         0  anon$$obj.o ABSOLUTE
    __ARM_use_no_argv                        0x00000000   Number         0  main.o ABSOLUTE
    _printf_flags                            0x00000000   Number         0  printf_stubs.o ABSOLUTE
    _printf_return_value                     0x00000000   Number         0  printf_stubs.o ABSOLUTE
    _printf_sizespec                         0x00000000   Number         0  printf_stubs.o ABSOLUTE
    _printf_widthprec                        0x00000000   Number         0  printf_stubs.o ABSOLUTE
    __ARM_exceptions_init                     - Undefined Weak Reference
    __alloca_initialize                       - Undefined Weak Reference
    __arm_fini_                               - Undefined Weak Reference
    __arm_preinit_                            - Undefined Weak Reference
    __cpp_initialize__aeabi_                  - Undefined Weak Reference
    __cxa_finalize                            - Undefined Weak Reference
    __sigvec_lookup                           - Undefined Weak Reference
    _atexit_init                              - Undefined Weak Reference
    _call_atexit_fns                          - Undefined Weak Reference
    _clock_init                               - Undefined Weak Reference
    _fp_trap_init                             - Undefined Weak Reference
    _fp_trap_shutdown                         - Undefined Weak Reference
    _get_lc_collate                           - Undefined Weak Reference
    _get_lc_ctype                             - Undefined Weak Reference
    _get_lc_monetary                          - Undefined Weak Reference
    _get_lc_time                              - Undefined Weak Reference
    _getenv_init                              - Undefined Weak Reference
    _handle_redirection                       - Undefined Weak Reference
    _init_alloc                               - Undefined Weak Reference
    _init_user_alloc                          - Undefined Weak Reference
    _initio                                   - Undefined Weak Reference
    _mutex_acquire                            - Undefined Weak Reference
    _mutex_release                            - Undefined Weak Reference
    _printf_mbtowc                            - Undefined Weak Reference
    _printf_post_padding                      - Undefined Weak Reference
    _printf_pre_padding                       - Undefined Weak Reference
    _printf_truncate_signed                   - Undefined Weak Reference
    _printf_truncate_unsigned                 - Undefined Weak Reference
    _rand_init                                - Undefined Weak Reference
    _signal_finish                            - Undefined Weak Reference
    _signal_init                              - Undefined Weak Reference
    _terminate_alloc                          - Undefined Weak Reference
    _terminate_user_alloc                     - Undefined Weak Reference
    _terminateio                              - Undefined Weak Reference
    __Vectors_Size                           0x00000130   Number         0  startup_stm32f10x_hd.o ABSOLUTE
    __Vectors                                0x08000000   Data           4  startup_stm32f10x_hd.o(RESET)
    __Vectors_End                            0x08000130   Data           0  startup_stm32f10x_hd.o(RESET)
    __main                                   0x08000131   Thumb Code     8  __main.o(!!!main)
    __scatterload                            0x08000139   Thumb Code     0  __scatter.o(!!!scatter)
    __scatterload_rt2                        0x08000139   Thumb Code    44  __scatter.o(!!!scatter)
    __scatterload_rt2_thumb_only             0x08000139   Thumb Code     0  __scatter.o(!!!scatter)
    __scatterload_null                       0x08000147   Thumb Code     0  __scatter.o(!!!scatter)
    __scatterload_copy                       0x0800016d   Thumb Code    26  __scatter_copy.o(!!handler_copy)
    __scatterload_zeroinit                   0x08000189   Thumb Code    28  __scatter_zi.o(!!handler_zi)
    _printf_f                                0x080001a5   Thumb Code     0  _printf_f.o(.ARM.Collect$$_printf_percent$$00000003)
    _printf_percent                          0x080001a5   Thumb Code     0  _printf_percent.o(.ARM.Collect$$_printf_percent$$00000000)
    _printf_d                                0x080001ab   Thumb Code     0  _printf_d.o(.ARM.Collect$$_printf_percent$$00000009)
    _printf_percent_end                      0x080001b1   Thumb Code     0  _printf_percent_end.o(.ARM.Collect$$_printf_percent$$00000017)
    __rt_lib_init                            0x080001b5   Thumb Code     0  libinit.o(.ARM.Collect$$libinit$$00000000)
    __rt_lib_init_fp_1                       0x080001b7   Thumb Code     0  libinit2.o(.ARM.Collect$$libinit$$00000002)
    __rt_lib_init_heap_1                     0x080001b7   Thumb Code     0  libinit2.o(.ARM.Collect$$libinit$$0000000A)
    __rt_lib_init_lc_common                  0x080001b7   Thumb Code     0  libinit2.o(.ARM.Collect$$libinit$$0000000F)
    __rt_lib_init_preinit_1                  0x080001b7   Thumb Code     0  libinit2.o(.ARM.Collect$$libinit$$00000004)
    __rt_lib_init_rand_1                     0x080001b7   Thumb Code     0  libinit2.o(.ARM.Collect$$libinit$$0000000E)
    __rt_lib_init_user_alloc_1               0x080001b7   Thumb Code     0  libinit2.o(.ARM.Collect$$libinit$$0000000C)
    __rt_lib_init_lc_collate_1               0x080001bd   Thumb Code     0  libinit2.o(.ARM.Collect$$libinit$$00000011)
    __rt_lib_init_lc_ctype_1                 0x080001bd   Thumb Code     0  libinit2.o(.ARM.Collect$$libinit$$00000013)
    __rt_lib_init_lc_monetary_1              0x080001bd   Thumb Code     0  libinit2.o(.ARM.Collect$$libinit$$00000015)
    __rt_lib_init_lc_numeric_2               0x080001bd   Thumb Code     0  libinit2.o(.ARM.Collect$$libinit$$00000016)
    __rt_lib_init_alloca_1                   0x080001c7   Thumb Code     0  libinit2.o(.ARM.Collect$$libinit$$0000002E)
    __rt_lib_init_argv_1                     0x080001c7   Thumb Code     0  libinit2.o(.ARM.Collect$$libinit$$0000002C)
    __rt_lib_init_atexit_1                   0x080001c7   Thumb Code     0  libinit2.o(.ARM.Collect$$libinit$$0000001B)
    __rt_lib_init_clock_1                    0x080001c7   Thumb Code     0  libinit2.o(.ARM.Collect$$libinit$$00000021)
    __rt_lib_init_cpp_1                      0x080001c7   Thumb Code     0  libinit2.o(.ARM.Collect$$libinit$$00000032)
    __rt_lib_init_exceptions_1               0x080001c7   Thumb Code     0  libinit2.o(.ARM.Collect$$libinit$$00000030)
    __rt_lib_init_fp_trap_1                  0x080001c7   Thumb Code     0  libinit2.o(.ARM.Collect$$libinit$$0000001F)
    __rt_lib_init_getenv_1                   0x080001c7   Thumb Code     0  libinit2.o(.ARM.Collect$$libinit$$00000023)
    __rt_lib_init_lc_numeric_1               0x080001c7   Thumb Code     0  libinit2.o(.ARM.Collect$$libinit$$00000017)
    __rt_lib_init_lc_time_1                  0x080001c7   Thumb Code     0  libinit2.o(.ARM.Collect$$libinit$$00000019)
    __rt_lib_init_return                     0x080001c7   Thumb Code     0  libinit2.o(.ARM.Collect$$libinit$$00000033)
    __rt_lib_init_signal_1                   0x080001c7   Thumb Code     0  libinit2.o(.ARM.Collect$$libinit$$0000001D)
    __rt_lib_init_stdio_1                    0x080001c7   Thumb Code     0  libinit2.o(.ARM.Collect$$libinit$$00000025)
    __rt_lib_shutdown                        0x080001c9   Thumb Code     0  libshutdown.o(.ARM.Collect$$libshutdown$$00000000)
    __rt_lib_shutdown_cpp_1                  0x080001cb   Thumb Code     0  libshutdown2.o(.ARM.Collect$$libshutdown$$00000004)
    __rt_lib_shutdown_fini_1                 0x080001cb   Thumb Code     0  libshutdown2.o(.ARM.Collect$$libshutdown$$00000002)
    __rt_lib_shutdown_fp_trap_1              0x080001cb   Thumb Code     0  libshutdown2.o(.ARM.Collect$$libshutdown$$00000009)
    __rt_lib_shutdown_heap_1                 0x080001cb   Thumb Code     0  libshutdown2.o(.ARM.Collect$$libshutdown$$00000011)
    __rt_lib_shutdown_return                 0x080001cb   Thumb Code     0  libshutdown2.o(.ARM.Collect$$libshutdown$$00000012)
    __rt_lib_shutdown_signal_1               0x080001cb   Thumb Code     0  libshutdown2.o(.ARM.Collect$$libshutdown$$0000000C)
    __rt_lib_shutdown_stdio_1                0x080001cb   Thumb Code     0  libshutdown2.o(.ARM.Collect$$libshutdown$$00000006)
    __rt_lib_shutdown_user_alloc_1           0x080001cb   Thumb Code     0  libshutdown2.o(.ARM.Collect$$libshutdown$$0000000E)
    __rt_entry                               0x080001cd   Thumb Code     0  __rtentry.o(.ARM.Collect$$rtentry$$00000000)
    __rt_entry_presh_1                       0x080001cd   Thumb Code     0  __rtentry2.o(.ARM.Collect$$rtentry$$00000002)
    __rt_entry_sh                            0x080001cd   Thumb Code     0  __rtentry4.o(.ARM.Collect$$rtentry$$00000004)
    __rt_entry_li                            0x080001d3   Thumb Code     0  __rtentry2.o(.ARM.Collect$$rtentry$$0000000A)
    __rt_entry_postsh_1                      0x080001d3   Thumb Code     0  __rtentry2.o(.ARM.Collect$$rtentry$$00000009)
    __rt_entry_main                          0x080001d7   Thumb Code     0  __rtentry2.o(.ARM.Collect$$rtentry$$0000000D)
    __rt_entry_postli_1                      0x080001d7   Thumb Code     0  __rtentry2.o(.ARM.Collect$$rtentry$$0000000C)
    __rt_exit                                0x080001df   Thumb Code     0  rtexit.o(.ARM.Collect$$rtexit$$00000000)
    __rt_exit_ls                             0x080001e1   Thumb Code     0  rtexit2.o(.ARM.Collect$$rtexit$$00000003)
    __rt_exit_prels_1                        0x080001e1   Thumb Code     0  rtexit2.o(.ARM.Collect$$rtexit$$00000002)
    __rt_exit_exit                           0x080001e5   Thumb Code     0  rtexit2.o(.ARM.Collect$$rtexit$$00000004)
    main                                     0x080001ed   Thumb Code   114  main.o(.text)
    NMI_Handler                              0x0800028d   Thumb Code     2  stm32f10x_it.o(.text)
    HardFault_Handler                        0x0800028f   Thumb Code     4  stm32f10x_it.o(.text)
    MemManage_Handler                        0x08000293   Thumb Code     4  stm32f10x_it.o(.text)
    BusFault_Handler                         0x08000297   Thumb Code     4  stm32f10x_it.o(.text)
    UsageFault_Handler                       0x0800029b   Thumb Code     4  stm32f10x_it.o(.text)
    SVC_Handler                              0x0800029f   Thumb Code     2  stm32f10x_it.o(.text)
    DebugMon_Handler                         0x080002a1   Thumb Code     2  stm32f10x_it.o(.text)
    PendSV_Handler                           0x080002a3   Thumb Code     2  stm32f10x_it.o(.text)
    SysTick_Handler                          0x080002a5   Thumb Code     2  stm32f10x_it.o(.text)
    SystemInit                               0x08000387   Thumb Code    78  system_stm32f10x.o(.text)
    SystemCoreClockUpdate                    0x080003d5   Thumb Code   142  system_stm32f10x.o(.text)
    quickSort                                0x08000489   Thumb Code   158  quicksort.o(.text)
    LED_Init                                 0x08000529   Thumb Code    68  led.o(.text)
    read_encoder                             0x08000575   Thumb Code    32  timer.o(.text)
    Mspeed                                   0x08000595   Thumb Code   140  timer.o(.text)
    TSpeed                                   0x08000621   Thumb Code   210  timer.o(.text)
    TIM2_Int_Init                            0x080006f3   Thumb Code    96  timer.o(.text)
    TIM2_IRQHandler                          0x08000753   Thumb Code    32  timer.o(.text)
    TIM3_Int_Init                            0x08000773   Thumb Code    90  timer.o(.text)
    TIM3_IRQHandler                          0x080007cd   Thumb Code    38  timer.o(.text)
    TIM3_PWM_Init                            0x080007f3   Thumb Code   122  timer.o(.text)
    TIM4_EncoderMode_Config                  0x0800086d   Thumb Code   188  timer.o(.text)
    TIM4_IRQHandler                          0x08000929   Thumb Code   278  timer.o(.text)
    BEEP_Init                                0x08000a55   Thumb Code    50  beep.o(.text)
    delay_init                               0x08000a8d   Thumb Code    50  delay.o(.text)
    delay_us                                 0x08000abf   Thumb Code    72  delay.o(.text)
    delay_ms                                 0x08000b07   Thumb Code    72  delay.o(.text)
    _sys_exit                                0x08000b61   Thumb Code     4  usart.o(.text)
    fputc                                    0x08000b65   Thumb Code    24  usart.o(.text)
    uart_init                                0x08000b7d   Thumb Code   152  usart.o(.text)
    USART1_IRQHandler                        0x08000c15   Thumb Code   122  usart.o(.text)
    Reset_Handler                            0x08000ca1   Thumb Code     8  startup_stm32f10x_hd.o(.text)
    ADC1_2_IRQHandler                        0x08000cbb   Thumb Code     0  startup_stm32f10x_hd.o(.text)
    ADC3_IRQHandler                          0x08000cbb   Thumb Code     0  startup_stm32f10x_hd.o(.text)
    CAN1_RX1_IRQHandler                      0x08000cbb   Thumb Code     0  startup_stm32f10x_hd.o(.text)
    CAN1_SCE_IRQHandler                      0x08000cbb   Thumb Code     0  startup_stm32f10x_hd.o(.text)
    DMA1_Channel1_IRQHandler                 0x08000cbb   Thumb Code     0  startup_stm32f10x_hd.o(.text)
    DMA1_Channel2_IRQHandler                 0x08000cbb   Thumb Code     0  startup_stm32f10x_hd.o(.text)
    DMA1_Channel3_IRQHandler                 0x08000cbb   Thumb Code     0  startup_stm32f10x_hd.o(.text)
    DMA1_Channel4_IRQHandler                 0x08000cbb   Thumb Code     0  startup_stm32f10x_hd.o(.text)
    DMA1_Channel5_IRQHandler                 0x08000cbb   Thumb Code     0  startup_stm32f10x_hd.o(.text)
    DMA1_Channel6_IRQHandler                 0x08000cbb   Thumb Code     0  startup_stm32f10x_hd.o(.text)
    DMA1_Channel7_IRQHandler                 0x08000cbb   Thumb Code     0  startup_stm32f10x_hd.o(.text)
    DMA2_Channel1_IRQHandler                 0x08000cbb   Thumb Code     0  startup_stm32f10x_hd.o(.text)
    DMA2_Channel2_IRQHandler                 0x08000cbb   Thumb Code     0  startup_stm32f10x_hd.o(.text)
    DMA2_Channel3_IRQHandler                 0x08000cbb   Thumb Code     0  startup_stm32f10x_hd.o(.text)
    DMA2_Channel4_5_IRQHandler               0x08000cbb   Thumb Code     0  startup_stm32f10x_hd.o(.text)
    EXTI0_IRQHandler                         0x08000cbb   Thumb Code     0  startup_stm32f10x_hd.o(.text)
    EXTI15_10_IRQHandler                     0x08000cbb   Thumb Code     0  startup_stm32f10x_hd.o(.text)
    EXTI1_IRQHandler                         0x08000cbb   Thumb Code     0  startup_stm32f10x_hd.o(.text)
    EXTI2_IRQHandler                         0x08000cbb   Thumb Code     0  startup_stm32f10x_hd.o(.text)
    EXTI3_IRQHandler                         0x08000cbb   Thumb Code     0  startup_stm32f10x_hd.o(.text)
    EXTI4_IRQHandler                         0x08000cbb   Thumb Code     0  startup_stm32f10x_hd.o(.text)
    EXTI9_5_IRQHandler                       0x08000cbb   Thumb Code     0  startup_stm32f10x_hd.o(.text)
    FLASH_IRQHandler                         0x08000cbb   Thumb Code     0  startup_stm32f10x_hd.o(.text)
    FSMC_IRQHandler                          0x08000cbb   Thumb Code     0  startup_stm32f10x_hd.o(.text)
    I2C1_ER_IRQHandler                       0x08000cbb   Thumb Code     0  startup_stm32f10x_hd.o(.text)
    I2C1_EV_IRQHandler                       0x08000cbb   Thumb Code     0  startup_stm32f10x_hd.o(.text)
    I2C2_ER_IRQHandler                       0x08000cbb   Thumb Code     0  startup_stm32f10x_hd.o(.text)
    I2C2_EV_IRQHandler                       0x08000cbb   Thumb Code     0  startup_stm32f10x_hd.o(.text)
    PVD_IRQHandler                           0x08000cbb   Thumb Code     0  startup_stm32f10x_hd.o(.text)
    RCC_IRQHandler                           0x08000cbb   Thumb Code     0  startup_stm32f10x_hd.o(.text)
    RTCAlarm_IRQHandler                      0x08000cbb   Thumb Code     0  startup_stm32f10x_hd.o(.text)
    RTC_IRQHandler                           0x08000cbb   Thumb Code     0  startup_stm32f10x_hd.o(.text)
    SDIO_IRQHandler                          0x08000cbb   Thumb Code     0  startup_stm32f10x_hd.o(.text)
    SPI1_IRQHandler                          0x08000cbb   Thumb Code     0  startup_stm32f10x_hd.o(.text)
    SPI2_IRQHandler                          0x08000cbb   Thumb Code     0  startup_stm32f10x_hd.o(.text)
    SPI3_IRQHandler                          0x08000cbb   Thumb Code     0  startup_stm32f10x_hd.o(.text)
    TAMPER_IRQHandler                        0x08000cbb   Thumb Code     0  startup_stm32f10x_hd.o(.text)
    TIM1_BRK_IRQHandler                      0x08000cbb   Thumb Code     0  startup_stm32f10x_hd.o(.text)
    TIM1_CC_IRQHandler                       0x08000cbb   Thumb Code     0  startup_stm32f10x_hd.o(.text)
    TIM1_TRG_COM_IRQHandler                  0x08000cbb   Thumb Code     0  startup_stm32f10x_hd.o(.text)
    TIM1_UP_IRQHandler                       0x08000cbb   Thumb Code     0  startup_stm32f10x_hd.o(.text)
    TIM5_IRQHandler                          0x08000cbb   Thumb Code     0  startup_stm32f10x_hd.o(.text)
    TIM6_IRQHandler                          0x08000cbb   Thumb Code     0  startup_stm32f10x_hd.o(.text)
    TIM7_IRQHandler                          0x08000cbb   Thumb Code     0  startup_stm32f10x_hd.o(.text)
    TIM8_BRK_IRQHandler                      0x08000cbb   Thumb Code     0  startup_stm32f10x_hd.o(.text)
    TIM8_CC_IRQHandler                       0x08000cbb   Thumb Code     0  startup_stm32f10x_hd.o(.text)
    TIM8_TRG_COM_IRQHandler                  0x08000cbb   Thumb Code     0  startup_stm32f10x_hd.o(.text)
    TIM8_UP_IRQHandler                       0x08000cbb   Thumb Code     0  startup_stm32f10x_hd.o(.text)
    UART4_IRQHandler                         0x08000cbb   Thumb Code     0  startup_stm32f10x_hd.o(.text)
    UART5_IRQHandler                         0x08000cbb   Thumb Code     0  startup_stm32f10x_hd.o(.text)
    USART2_IRQHandler                        0x08000cbb   Thumb Code     0  startup_stm32f10x_hd.o(.text)
    USART3_IRQHandler                        0x08000cbb   Thumb Code     0  startup_stm32f10x_hd.o(.text)
    USBWakeUp_IRQHandler                     0x08000cbb   Thumb Code     0  startup_stm32f10x_hd.o(.text)
    USB_HP_CAN1_TX_IRQHandler                0x08000cbb   Thumb Code     0  startup_stm32f10x_hd.o(.text)
    USB_LP_CAN1_RX0_IRQHandler               0x08000cbb   Thumb Code     0  startup_stm32f10x_hd.o(.text)
    WWDG_IRQHandler                          0x08000cbb   Thumb Code     0  startup_stm32f10x_hd.o(.text)
    __user_initial_stackheap                 0x08000cbd   Thumb Code     0  startup_stm32f10x_hd.o(.text)
    NVIC_PriorityGroupConfig                 0x08000ce1   Thumb Code    10  misc.o(.text)
    NVIC_Init                                0x08000ceb   Thumb Code   100  misc.o(.text)
    NVIC_SetVectorTable                      0x08000d4f   Thumb Code    14  misc.o(.text)
    NVIC_SystemLPConfig                      0x08000d5d   Thumb Code    34  misc.o(.text)
    SysTick_CLKSourceConfig                  0x08000d7f   Thumb Code    40  misc.o(.text)
    GPIO_DeInit                              0x08000dbd   Thumb Code   172  stm32f10x_gpio.o(.text)
    GPIO_AFIODeInit                          0x08000e69   Thumb Code    20  stm32f10x_gpio.o(.text)
    GPIO_Init                                0x08000e7d   Thumb Code   278  stm32f10x_gpio.o(.text)
    GPIO_StructInit                          0x08000f93   Thumb Code    16  stm32f10x_gpio.o(.text)
    GPIO_ReadInputDataBit                    0x08000fa3   Thumb Code    18  stm32f10x_gpio.o(.text)
    GPIO_ReadInputData                       0x08000fb5   Thumb Code     8  stm32f10x_gpio.o(.text)
    GPIO_ReadOutputDataBit                   0x08000fbd   Thumb Code    18  stm32f10x_gpio.o(.text)
    GPIO_ReadOutputData                      0x08000fcf   Thumb Code     8  stm32f10x_gpio.o(.text)
    GPIO_SetBits                             0x08000fd7   Thumb Code     4  stm32f10x_gpio.o(.text)
    GPIO_ResetBits                           0x08000fdb   Thumb Code     4  stm32f10x_gpio.o(.text)
    GPIO_WriteBit                            0x08000fdf   Thumb Code    10  stm32f10x_gpio.o(.text)
    GPIO_Write                               0x08000fe9   Thumb Code     4  stm32f10x_gpio.o(.text)
    GPIO_PinLockConfig                       0x08000fed   Thumb Code    18  stm32f10x_gpio.o(.text)
    GPIO_EventOutputConfig                   0x08000fff   Thumb Code    26  stm32f10x_gpio.o(.text)
    GPIO_EventOutputCmd                      0x08001019   Thumb Code     6  stm32f10x_gpio.o(.text)
    GPIO_PinRemapConfig                      0x0800101f   Thumb Code   138  stm32f10x_gpio.o(.text)
    GPIO_EXTILineConfig                      0x080010a9   Thumb Code    66  stm32f10x_gpio.o(.text)
    GPIO_ETH_MediaInterfaceConfig            0x080010eb   Thumb Code     8  stm32f10x_gpio.o(.text)
    RCC_DeInit                               0x08001119   Thumb Code    64  stm32f10x_rcc.o(.text)
    RCC_HSEConfig                            0x08001159   Thumb Code    70  stm32f10x_rcc.o(.text)
    RCC_GetFlagStatus                        0x0800119f   Thumb Code    56  stm32f10x_rcc.o(.text)
    RCC_WaitForHSEStartUp                    0x080011d7   Thumb Code    56  stm32f10x_rcc.o(.text)
    RCC_AdjustHSICalibrationValue            0x0800120f   Thumb Code    20  stm32f10x_rcc.o(.text)
    RCC_HSICmd                               0x08001223   Thumb Code     6  stm32f10x_rcc.o(.text)
    RCC_PLLConfig                            0x08001229   Thumb Code    24  stm32f10x_rcc.o(.text)
    RCC_PLLCmd                               0x08001241   Thumb Code     6  stm32f10x_rcc.o(.text)
    RCC_SYSCLKConfig                         0x08001247   Thumb Code    18  stm32f10x_rcc.o(.text)
    RCC_GetSYSCLKSource                      0x08001259   Thumb Code    10  stm32f10x_rcc.o(.text)
    RCC_HCLKConfig                           0x08001263   Thumb Code    18  stm32f10x_rcc.o(.text)
    RCC_PCLK1Config                          0x08001275   Thumb Code    18  stm32f10x_rcc.o(.text)
    RCC_PCLK2Config                          0x08001287   Thumb Code    20  stm32f10x_rcc.o(.text)
    RCC_ITConfig                             0x0800129b   Thumb Code    26  stm32f10x_rcc.o(.text)
    RCC_USBCLKConfig                         0x080012b5   Thumb Code     8  stm32f10x_rcc.o(.text)
    RCC_ADCCLKConfig                         0x080012bd   Thumb Code    18  stm32f10x_rcc.o(.text)
    RCC_LSEConfig                            0x080012cf   Thumb Code    50  stm32f10x_rcc.o(.text)
    RCC_LSICmd                               0x08001301   Thumb Code     6  stm32f10x_rcc.o(.text)
    RCC_RTCCLKConfig                         0x08001307   Thumb Code    12  stm32f10x_rcc.o(.text)
    RCC_RTCCLKCmd                            0x08001313   Thumb Code     8  stm32f10x_rcc.o(.text)
    RCC_GetClocksFreq                        0x0800131b   Thumb Code   192  stm32f10x_rcc.o(.text)
    RCC_AHBPeriphClockCmd                    0x080013db   Thumb Code    26  stm32f10x_rcc.o(.text)
    RCC_APB2PeriphClockCmd                   0x080013f5   Thumb Code    26  stm32f10x_rcc.o(.text)
    RCC_APB1PeriphClockCmd                   0x0800140f   Thumb Code    26  stm32f10x_rcc.o(.text)
    RCC_APB2PeriphResetCmd                   0x08001429   Thumb Code    26  stm32f10x_rcc.o(.text)
    RCC_APB1PeriphResetCmd                   0x08001443   Thumb Code    26  stm32f10x_rcc.o(.text)
    RCC_BackupResetCmd                       0x0800145d   Thumb Code     8  stm32f10x_rcc.o(.text)
    RCC_ClockSecuritySystemCmd               0x08001465   Thumb Code     6  stm32f10x_rcc.o(.text)
    RCC_MCOConfig                            0x0800146b   Thumb Code     6  stm32f10x_rcc.o(.text)
    RCC_ClearFlag                            0x08001471   Thumb Code    14  stm32f10x_rcc.o(.text)
    RCC_GetITStatus                          0x0800147f   Thumb Code    20  stm32f10x_rcc.o(.text)
    RCC_ClearITPendingBit                    0x08001493   Thumb Code     6  stm32f10x_rcc.o(.text)
    USART_DeInit                             0x080014bd   Thumb Code   134  stm32f10x_usart.o(.text)
    USART_Init                               0x08001543   Thumb Code   210  stm32f10x_usart.o(.text)
    USART_StructInit                         0x08001615   Thumb Code    24  stm32f10x_usart.o(.text)
    USART_ClockInit                          0x0800162d   Thumb Code    34  stm32f10x_usart.o(.text)
    USART_ClockStructInit                    0x0800164f   Thumb Code    12  stm32f10x_usart.o(.text)
    USART_Cmd                                0x0800165b   Thumb Code    24  stm32f10x_usart.o(.text)
    USART_ITConfig                           0x08001673   Thumb Code    74  stm32f10x_usart.o(.text)
    USART_DMACmd                             0x080016bd   Thumb Code    18  stm32f10x_usart.o(.text)
    USART_SetAddress                         0x080016cf   Thumb Code    18  stm32f10x_usart.o(.text)
    USART_WakeUpConfig                       0x080016e1   Thumb Code    18  stm32f10x_usart.o(.text)
    USART_ReceiverWakeUpCmd                  0x080016f3   Thumb Code    24  stm32f10x_usart.o(.text)
    USART_LINBreakDetectLengthConfig         0x0800170b   Thumb Code    18  stm32f10x_usart.o(.text)
    USART_LINCmd                             0x0800171d   Thumb Code    24  stm32f10x_usart.o(.text)
    USART_SendData                           0x08001735   Thumb Code     8  stm32f10x_usart.o(.text)
    USART_ReceiveData                        0x0800173d   Thumb Code    10  stm32f10x_usart.o(.text)
    USART_SendBreak                          0x08001747   Thumb Code    10  stm32f10x_usart.o(.text)
    USART_SetGuardTime                       0x08001751   Thumb Code    16  stm32f10x_usart.o(.text)
    USART_SetPrescaler                       0x08001761   Thumb Code    16  stm32f10x_usart.o(.text)
    USART_SmartCardCmd                       0x08001771   Thumb Code    24  stm32f10x_usart.o(.text)
    USART_SmartCardNACKCmd                   0x08001789   Thumb Code    24  stm32f10x_usart.o(.text)
    USART_HalfDuplexCmd                      0x080017a1   Thumb Code    24  stm32f10x_usart.o(.text)
    USART_OverSampling8Cmd                   0x080017b9   Thumb Code    22  stm32f10x_usart.o(.text)
    USART_OneBitMethodCmd                    0x080017cf   Thumb Code    24  stm32f10x_usart.o(.text)
    USART_IrDAConfig                         0x080017e7   Thumb Code    18  stm32f10x_usart.o(.text)
    USART_IrDACmd                            0x080017f9   Thumb Code    24  stm32f10x_usart.o(.text)
    USART_GetFlagStatus                      0x08001811   Thumb Code    26  stm32f10x_usart.o(.text)
    USART_ClearFlag                          0x0800182b   Thumb Code    18  stm32f10x_usart.o(.text)
    USART_GetITStatus                        0x0800183d   Thumb Code    84  stm32f10x_usart.o(.text)
    USART_ClearITPendingBit                  0x08001891   Thumb Code    52  stm32f10x_usart.o(.text)
    TIM_DeInit                               0x080018c5   Thumb Code   424  stm32f10x_tim.o(.text)
    TIM_TimeBaseInit                         0x08001a6d   Thumb Code   122  stm32f10x_tim.o(.text)
    TIM_OC1Init                              0x08001ae7   Thumb Code   132  stm32f10x_tim.o(.text)
    TIM_OC2Init                              0x08001b6b   Thumb Code   154  stm32f10x_tim.o(.text)
    TIM_OC3Init                              0x08001c05   Thumb Code   150  stm32f10x_tim.o(.text)
    TIM_OC4Init                              0x08001c9b   Thumb Code   182  stm32f10x_tim.o(.text)
    TIM_SetIC4Prescaler                      0x08001d51   Thumb Code    26  stm32f10x_tim.o(.text)
    TIM_SetIC3Prescaler                      0x08001ded   Thumb Code    18  stm32f10x_tim.o(.text)
    TIM_SetIC2Prescaler                      0x08001e79   Thumb Code    26  stm32f10x_tim.o(.text)
    TIM_SetIC1Prescaler                      0x08001f15   Thumb Code    18  stm32f10x_tim.o(.text)
    TIM_ICInit                               0x08001f93   Thumb Code   150  stm32f10x_tim.o(.text)
    TIM_PWMIConfig                           0x08002029   Thumb Code   124  stm32f10x_tim.o(.text)
    TIM_BDTRConfig                           0x080020a5   Thumb Code    32  stm32f10x_tim.o(.text)
    TIM_TimeBaseStructInit                   0x080020c5   Thumb Code    18  stm32f10x_tim.o(.text)
    TIM_OCStructInit                         0x080020d7   Thumb Code    20  stm32f10x_tim.o(.text)
    TIM_ICStructInit                         0x080020eb   Thumb Code    18  stm32f10x_tim.o(.text)
    TIM_BDTRStructInit                       0x080020fd   Thumb Code    40  stm32f10x_tim.o(.text)
    TIM_Cmd                                  0x08002125   Thumb Code    24  stm32f10x_tim.o(.text)
    TIM_CtrlPWMOutputs                       0x0800213d   Thumb Code    30  stm32f10x_tim.o(.text)
    TIM_ITConfig                             0x0800215b   Thumb Code    18  stm32f10x_tim.o(.text)
    TIM_GenerateEvent                        0x0800216d   Thumb Code     4  stm32f10x_tim.o(.text)
    TIM_DMAConfig                            0x08002171   Thumb Code    10  stm32f10x_tim.o(.text)
    TIM_DMACmd                               0x0800217b   Thumb Code    18  stm32f10x_tim.o(.text)
    TIM_InternalClockConfig                  0x0800218d   Thumb Code    12  stm32f10x_tim.o(.text)
    TIM_SelectInputTrigger                   0x08002199   Thumb Code    18  stm32f10x_tim.o(.text)
    TIM_ITRxExternalClockConfig              0x080021ab   Thumb Code    24  stm32f10x_tim.o(.text)
    TIM_TIxExternalClockConfig               0x080021c3   Thumb Code    62  stm32f10x_tim.o(.text)
    TIM_ETRConfig                            0x08002201   Thumb Code    28  stm32f10x_tim.o(.text)
    TIM_ETRClockMode1Config                  0x0800221d   Thumb Code    54  stm32f10x_tim.o(.text)
    TIM_ETRClockMode2Config                  0x08002253   Thumb Code    32  stm32f10x_tim.o(.text)
    TIM_PrescalerConfig                      0x08002273   Thumb Code     6  stm32f10x_tim.o(.text)
    TIM_CounterModeConfig                    0x08002279   Thumb Code    18  stm32f10x_tim.o(.text)
    TIM_EncoderInterfaceConfig               0x0800228b   Thumb Code    66  stm32f10x_tim.o(.text)
    TIM_ForcedOC1Config                      0x080022cd   Thumb Code    18  stm32f10x_tim.o(.text)
    TIM_ForcedOC2Config                      0x080022df   Thumb Code    26  stm32f10x_tim.o(.text)
    TIM_ForcedOC3Config                      0x080022f9   Thumb Code    18  stm32f10x_tim.o(.text)
    TIM_ForcedOC4Config                      0x0800230b   Thumb Code    26  stm32f10x_tim.o(.text)
    TIM_ARRPreloadConfig                     0x08002325   Thumb Code    24  stm32f10x_tim.o(.text)
    TIM_SelectCOM                            0x0800233d   Thumb Code    24  stm32f10x_tim.o(.text)
    TIM_SelectCCDMA                          0x08002355   Thumb Code    24  stm32f10x_tim.o(.text)
    TIM_CCPreloadControl                     0x0800236d   Thumb Code    24  stm32f10x_tim.o(.text)
    TIM_OC1PreloadConfig                     0x08002385   Thumb Code    18  stm32f10x_tim.o(.text)
    TIM_OC2PreloadConfig                     0x08002397   Thumb Code    26  stm32f10x_tim.o(.text)
    TIM_OC3PreloadConfig                     0x080023b1   Thumb Code    18  stm32f10x_tim.o(.text)
    TIM_OC4PreloadConfig                     0x080023c3   Thumb Code    26  stm32f10x_tim.o(.text)
    TIM_OC1FastConfig                        0x080023dd   Thumb Code    18  stm32f10x_tim.o(.text)
    TIM_OC2FastConfig                        0x080023ef   Thumb Code    26  stm32f10x_tim.o(.text)
    TIM_OC3FastConfig                        0x08002409   Thumb Code    18  stm32f10x_tim.o(.text)
    TIM_OC4FastConfig                        0x0800241b   Thumb Code    26  stm32f10x_tim.o(.text)
    TIM_ClearOC1Ref                          0x08002435   Thumb Code    18  stm32f10x_tim.o(.text)
    TIM_ClearOC2Ref                          0x08002447   Thumb Code    24  stm32f10x_tim.o(.text)
    TIM_ClearOC3Ref                          0x0800245f   Thumb Code    18  stm32f10x_tim.o(.text)
    TIM_ClearOC4Ref                          0x08002471   Thumb Code    24  stm32f10x_tim.o(.text)
    TIM_OC1PolarityConfig                    0x08002489   Thumb Code    18  stm32f10x_tim.o(.text)
    TIM_OC1NPolarityConfig                   0x0800249b   Thumb Code    18  stm32f10x_tim.o(.text)
    TIM_OC2PolarityConfig                    0x080024ad   Thumb Code    26  stm32f10x_tim.o(.text)
    TIM_OC2NPolarityConfig                   0x080024c7   Thumb Code    26  stm32f10x_tim.o(.text)
    TIM_OC3PolarityConfig                    0x080024e1   Thumb Code    26  stm32f10x_tim.o(.text)
    TIM_OC3NPolarityConfig                   0x080024fb   Thumb Code    26  stm32f10x_tim.o(.text)
    TIM_OC4PolarityConfig                    0x08002515   Thumb Code    26  stm32f10x_tim.o(.text)
    TIM_CCxCmd                               0x0800252f   Thumb Code    30  stm32f10x_tim.o(.text)
    TIM_CCxNCmd                              0x0800254d   Thumb Code    30  stm32f10x_tim.o(.text)
    TIM_SelectOCxM                           0x0800256b   Thumb Code    82  stm32f10x_tim.o(.text)
    TIM_UpdateDisableConfig                  0x080025bd   Thumb Code    24  stm32f10x_tim.o(.text)
    TIM_UpdateRequestConfig                  0x080025d5   Thumb Code    24  stm32f10x_tim.o(.text)
    TIM_SelectHallSensor                     0x080025ed   Thumb Code    24  stm32f10x_tim.o(.text)
    TIM_SelectOnePulseMode                   0x08002605   Thumb Code    18  stm32f10x_tim.o(.text)
    TIM_SelectOutputTrigger                  0x08002617   Thumb Code    18  stm32f10x_tim.o(.text)
    TIM_SelectSlaveMode                      0x08002629   Thumb Code    18  stm32f10x_tim.o(.text)
    TIM_SelectMasterSlaveMode                0x0800263b   Thumb Code    18  stm32f10x_tim.o(.text)
    TIM_SetCounter                           0x0800264d   Thumb Code     4  stm32f10x_tim.o(.text)
    TIM_SetAutoreload                        0x08002651   Thumb Code     4  stm32f10x_tim.o(.text)
    TIM_SetCompare1                          0x08002655   Thumb Code     4  stm32f10x_tim.o(.text)
    TIM_SetCompare2                          0x08002659   Thumb Code     4  stm32f10x_tim.o(.text)
    TIM_SetCompare3                          0x0800265d   Thumb Code     4  stm32f10x_tim.o(.text)
    TIM_SetCompare4                          0x08002661   Thumb Code     6  stm32f10x_tim.o(.text)
    TIM_SetClockDivision                     0x08002667   Thumb Code    18  stm32f10x_tim.o(.text)
    TIM_GetCapture1                          0x08002679   Thumb Code     6  stm32f10x_tim.o(.text)
    TIM_GetCapture2                          0x0800267f   Thumb Code     6  stm32f10x_tim.o(.text)
    TIM_GetCapture3                          0x08002685   Thumb Code     6  stm32f10x_tim.o(.text)
    TIM_GetCapture4                          0x0800268b   Thumb Code     8  stm32f10x_tim.o(.text)
    TIM_GetCounter                           0x08002693   Thumb Code     6  stm32f10x_tim.o(.text)
    TIM_GetPrescaler                         0x08002699   Thumb Code     6  stm32f10x_tim.o(.text)
    TIM_GetFlagStatus                        0x0800269f   Thumb Code    18  stm32f10x_tim.o(.text)
    TIM_ClearFlag                            0x080026b1   Thumb Code     6  stm32f10x_tim.o(.text)
    TIM_GetITStatus                          0x080026b7   Thumb Code    34  stm32f10x_tim.o(.text)
    TIM_ClearITPendingBit                    0x080026d9   Thumb Code     6  stm32f10x_tim.o(.text)
    __use_no_semihosting                     0x080026df   Thumb Code     2  use_no_semi_2.o(.text)
    __2printf                                0x080026e1   Thumb Code    20  noretval__2printf.o(.text)
    _printf_int_dec                          0x080026f9   Thumb Code   104  _printf_dec.o(.text)
    __printf                                 0x08002771   Thumb Code   308  __printf_flags_wp.o(.text)
    strcmp                                   0x080028a9   Thumb Code   128  strcmpv7m.o(.text)
    __use_two_region_memory                  0x08002929   Thumb Code     2  heapauxi.o(.text)
    __rt_heap_escrow$2region                 0x0800292b   Thumb Code     2  heapauxi.o(.text)
    __rt_heap_expand$2region                 0x0800292d   Thumb Code     2  heapauxi.o(.text)
    __I$use$semihosting                      0x0800292f   Thumb Code     0  use_no_semi.o(.text)
    __use_no_semihosting_swi                 0x0800292f   Thumb Code     2  use_no_semi.o(.text)
    __read_errno                             0x08002931   Thumb Code    10  _rserrno.o(.text)
    __set_errno                              0x0800293b   Thumb Code    12  _rserrno.o(.text)
    _printf_int_common                       0x08002947   Thumb Code   178  _printf_intcommon.o(.text)
    __lib_sel_fp_printf                      0x080029f9   Thumb Code     2  _printf_fp_dec.o(.text)
    _printf_fp_dec_real                      0x08002bab   Thumb Code   620  _printf_fp_dec.o(.text)
    _printf_char_common                      0x08002e23   Thumb Code    32  _printf_char_common.o(.text)
    _printf_char_file                        0x08002e49   Thumb Code    32  _printf_char_file.o(.text)
    __rt_locale                              0x08002e6d   Thumb Code     8  rt_locale_intlibspace.o(.text)
    __aeabi_errno_addr                       0x08002e75   Thumb Code     8  rt_errno_addr_intlibspace.o(.text)
    __errno$intlibspace                      0x08002e75   Thumb Code     0  rt_errno_addr_intlibspace.o(.text)
    __rt_errno_addr$intlibspace              0x08002e75   Thumb Code     0  rt_errno_addr_intlibspace.o(.text)
    _ll_udiv10                               0x08002e7d   Thumb Code   138  lludiv10.o(.text)
    _printf_fp_infnan                        0x08002f09   Thumb Code   112  _printf_fp_infnan.o(.text)
    _btod_etento                             0x08002f89   Thumb Code   224  bigflt0.o(.text)
    ferror                                   0x0800306d   Thumb Code     8  ferror.o(.text)
    __user_libspace                          0x08003075   Thumb Code     8  libspace.o(.text)
    __user_perproc_libspace                  0x08003075   Thumb Code     0  libspace.o(.text)
    __user_perthread_libspace                0x08003075   Thumb Code     0  libspace.o(.text)
    __user_setup_stackheap                   0x0800307d   Thumb Code    74  sys_stackheap_outer.o(.text)
    exit                                     0x080030c7   Thumb Code    18  exit.o(.text)
    _btod_d2e                                0x080030d9   Thumb Code    62  btod.o(CL$$btod_d2e)
    _d2e_denorm_low                          0x08003117   Thumb Code    70  btod.o(CL$$btod_d2e_denorm_low)
    _d2e_norm_op1                            0x0800315d   Thumb Code    96  btod.o(CL$$btod_d2e_norm_op1)
    __btod_div_common                        0x080031bd   Thumb Code   696  btod.o(CL$$btod_div_common)
    _e2e                                     0x080034f5   Thumb Code   220  btod.o(CL$$btod_e2e)
    _btod_ediv                               0x080035d1   Thumb Code    42  btod.o(CL$$btod_ediv)
    _btod_emul                               0x080035fb   Thumb Code    42  btod.o(CL$$btod_emul)
    __btod_mult_common                       0x08003625   Thumb Code   580  btod.o(CL$$btod_mult_common)
    __ARM_fpclassify                         0x08003869   Thumb Code    40  fpclassify.o(i.__ARM_fpclassify)
    __kernel_poly                            0x08003891   Thumb Code   170  poly.o(i.__kernel_poly)
    __mathlib_dbl_divzero                    0x0800393d   Thumb Code    12  dunder.o(i.__mathlib_dbl_divzero)
    __mathlib_dbl_infnan2                    0x0800394d   Thumb Code     4  dunder.o(i.__mathlib_dbl_infnan2)
    __mathlib_dbl_invalid                    0x08003951   Thumb Code    12  dunder.o(i.__mathlib_dbl_invalid)
    __mathlib_dbl_overflow                   0x0800395d   Thumb Code    14  dunder.o(i.__mathlib_dbl_overflow)
    __mathlib_dbl_underflow                  0x0800396d   Thumb Code    10  dunder.o(i.__mathlib_dbl_underflow)
    _is_digit                                0x0800397d   Thumb Code    14  __printf_wp.o(i._is_digit)
    pow                                      0x0800398d   Thumb Code  2512  pow.o(i.pow)
    sqrt                                     0x08004365   Thumb Code    76  sqrt.o(i.sqrt)
    _get_lc_numeric                          0x080043b1   Thumb Code    44  lc_numeric_c.o(locale$$code)
    __aeabi_d2f                              0x080043dd   Thumb Code     0  d2f.o(x$fpl$d2f)
    _d2f                                     0x080043dd   Thumb Code    98  d2f.o(x$fpl$d2f)
    __aeabi_dadd                             0x08004441   Thumb Code     0  daddsub_clz.o(x$fpl$dadd)
    _dadd                                    0x08004441   Thumb Code   332  daddsub_clz.o(x$fpl$dadd)
    __fpl_dcheck_NaN1                        0x08004591   Thumb Code    10  dcheck1.o(x$fpl$dcheck1)
    __fpl_dcmp_Inf                           0x080045a1   Thumb Code    24  dcmpi.o(x$fpl$dcmpinf)
    __aeabi_ddiv                             0x080045b9   Thumb Code     0  ddiv.o(x$fpl$ddiv)
    _ddiv                                    0x080045b9   Thumb Code   552  ddiv.o(x$fpl$ddiv)
    __aeabi_d2iz                             0x08004869   Thumb Code     0  dfix.o(x$fpl$dfix)
    _dfix                                    0x08004869   Thumb Code    94  dfix.o(x$fpl$dfix)
    __aeabi_i2d                              0x080048c7   Thumb Code     0  dflt_clz.o(x$fpl$dflt)
    _dflt                                    0x080048c7   Thumb Code    46  dflt_clz.o(x$fpl$dflt)
    __aeabi_cdcmple                          0x080048f5   Thumb Code     0  dleqf.o(x$fpl$dleqf)
    _dcmple                                  0x080048f5   Thumb Code   120  dleqf.o(x$fpl$dleqf)
    __fpl_dcmple_InfNaN                      0x08004957   Thumb Code     0  dleqf.o(x$fpl$dleqf)
    __aeabi_dmul                             0x0800496d   Thumb Code     0  dmul.o(x$fpl$dmul)
    _dmul                                    0x0800496d   Thumb Code   332  dmul.o(x$fpl$dmul)
    __fpl_dnaninf                            0x08004ac1   Thumb Code   156  dnaninf.o(x$fpl$dnaninf)
    __fpl_dretinf                            0x08004b5d   Thumb Code    12  dretinf.o(x$fpl$dretinf)
    __aeabi_cdrcmple                         0x08004b69   Thumb Code     0  drleqf.o(x$fpl$drleqf)
    _drcmple                                 0x08004b69   Thumb Code   108  drleqf.o(x$fpl$drleqf)
    __aeabi_drsub                            0x08004bd5   Thumb Code     0  daddsub_clz.o(x$fpl$drsb)
    _drsb                                    0x08004bd5   Thumb Code    22  daddsub_clz.o(x$fpl$drsb)
    _dsqrt                                   0x08004bed   Thumb Code   456  dsqrt_noumaal.o(x$fpl$dsqrt)
    __aeabi_dsub                             0x08004db9   Thumb Code     0  daddsub_clz.o(x$fpl$dsub)
    _dsub                                    0x08004db9   Thumb Code   464  daddsub_clz.o(x$fpl$dsub)
    __aeabi_f2d                              0x08004f8d   Thumb Code     0  f2d.o(x$fpl$f2d)
    _f2d                                     0x08004f8d   Thumb Code    86  f2d.o(x$fpl$f2d)
    __aeabi_f2uiz                            0x08004fe5   Thumb Code     0  ffixu.o(x$fpl$ffixu)
    _ffixu                                   0x08004fe5   Thumb Code    62  ffixu.o(x$fpl$ffixu)
    __fpl_fnaninf                            0x08005023   Thumb Code   140  fnaninf.o(x$fpl$fnaninf)
    __fpl_fretinf                            0x080050af   Thumb Code    10  fretinf.o(x$fpl$fretinf)
    _printf_fp_dec                           0x080050b9   Thumb Code     4  printf1.o(x$fpl$printf1)
    __fpl_return_NaN                         0x080050bd   Thumb Code   100  retnan.o(x$fpl$retnan)
    __ARM_scalbn                             0x08005121   Thumb Code    92  scalbn.o(x$fpl$scalbn)
    __fpl_cmpreturn                          0x0800517d   Thumb Code    48  trapv.o(x$fpl$trapveneer)
    __I$use$fp                               0x080051ac   Number         0  usenofp.o(x$fpl$usenofp)
    __mathlib_zero                           0x08005248   Data           8  qnan.o(.constdata)
    Region$$Table$$Base                      0x080052e4   Number         0  anon$$obj.o(Region$$Table)
    Region$$Table$$Limit                     0x08005304   Number         0  anon$$obj.o(Region$$Table)
    arrValue                                 0x20000000   Data           2  main.o(.data)
    pscValue                                 0x20000002   Data           2  main.o(.data)
    Pulse                                    0x20000004   Data           2  main.o(.data)
    SystemCoreClock                          0x20000008   Data           4  system_stm32f10x.o(.data)
    AHBPrescTable                            0x2000000c   Data          16  system_stm32f10x.o(.data)
    NumHighFreq                              0x2000001c   Data           4  timer.o(.data)
    rounds                                   0x20000020   Data           4  timer.o(.data)
    TMethodSpeed                             0x20000024   Data           4  timer.o(.data)
    HighFreqTimes                            0x20000028   Data           4  timer.o(.data)
    highNumberArrayLen                       0x2000002c   Data           4  timer.o(.data)
    __stdout                                 0x20000038   Data           4  usart.o(.data)
    USART_RX_STA                             0x2000003c   Data           2  usart.o(.data)
    highNumberArray                          0x20000054   Data          20  timer.o(.bss)
    USART_RX_BUF                             0x20000068   Data         200  usart.o(.bss)
    __libspace_start                         0x20000130   Data          96  libspace.o(.bss)
    __temporary_stack_top$libspace           0x20000190   Data           0  libspace.o(.bss)



==============================================================================

Memory Map of the image

  Image Entry point : 0x08000131

  Load Region LR_IROM1 (Base: 0x08000000, Size: 0x00005374, Max: 0x00010000, ABSOLUTE)

    Execution Region ER_IROM1 (Exec base: 0x08000000, Load base: 0x08000000, Size: 0x00005320, Max: 0x00010000, ABSOLUTE)

    Exec Addr    Load Addr    Size         Type   Attr      Idx    E Section Name        Object

    0x08000000   0x08000000   0x00000130   Data   RO           46    RESET               startup_stm32f10x_hd.o
    0x08000130   0x08000130   0x00000008   Code   RO          270  * !!!main             c_w.l(__main.o)
    0x08000138   0x08000138   0x00000034   Code   RO          493    !!!scatter          c_w.l(__scatter.o)
    0x0800016c   0x0800016c   0x0000001a   Code   RO          494    !!handler_copy      c_w.l(__scatter_copy.o)
    0x08000186   0x08000186   0x00000002   PAD
    0x08000188   0x08000188   0x0000001c   Code   RO          495    !!handler_zi        c_w.l(__scatter_zi.o)
    0x080001a4   0x080001a4   0x00000000   Code   RO          260    .ARM.Collect$$_printf_percent$$00000000  c_w.l(_printf_percent.o)
    0x080001a4   0x080001a4   0x00000006   Code   RO          259    .ARM.Collect$$_printf_percent$$00000003  c_w.l(_printf_f.o)
    0x080001aa   0x080001aa   0x00000006   Code   RO          258    .ARM.Collect$$_printf_percent$$00000009  c_w.l(_printf_d.o)
    0x080001b0   0x080001b0   0x00000004   Code   RO          314    .ARM.Collect$$_printf_percent$$00000017  c_w.l(_printf_percent_end.o)
    0x080001b4   0x080001b4   0x00000002   Code   RO          390    .ARM.Collect$$libinit$$00000000  c_w.l(libinit.o)
    0x080001b6   0x080001b6   0x00000000   Code   RO          392    .ARM.Collect$$libinit$$00000002  c_w.l(libinit2.o)
    0x080001b6   0x080001b6   0x00000000   Code   RO          394    .ARM.Collect$$libinit$$00000004  c_w.l(libinit2.o)
    0x080001b6   0x080001b6   0x00000000   Code   RO          397    .ARM.Collect$$libinit$$0000000A  c_w.l(libinit2.o)
    0x080001b6   0x080001b6   0x00000000   Code   RO          399    .ARM.Collect$$libinit$$0000000C  c_w.l(libinit2.o)
    0x080001b6   0x080001b6   0x00000000   Code   RO          401    .ARM.Collect$$libinit$$0000000E  c_w.l(libinit2.o)
    0x080001b6   0x080001b6   0x00000006   Code   RO          402    .ARM.Collect$$libinit$$0000000F  c_w.l(libinit2.o)
    0x080001bc   0x080001bc   0x00000000   Code   RO          404    .ARM.Collect$$libinit$$00000011  c_w.l(libinit2.o)
    0x080001bc   0x080001bc   0x00000000   Code   RO          406    .ARM.Collect$$libinit$$00000013  c_w.l(libinit2.o)
    0x080001bc   0x080001bc   0x00000000   Code   RO          408    .ARM.Collect$$libinit$$00000015  c_w.l(libinit2.o)
    0x080001bc   0x080001bc   0x0000000a   Code   RO          409    .ARM.Collect$$libinit$$00000016  c_w.l(libinit2.o)
    0x080001c6   0x080001c6   0x00000000   Code   RO          410    .ARM.Collect$$libinit$$00000017  c_w.l(libinit2.o)
    0x080001c6   0x080001c6   0x00000000   Code   RO          412    .ARM.Collect$$libinit$$00000019  c_w.l(libinit2.o)
    0x080001c6   0x080001c6   0x00000000   Code   RO          414    .ARM.Collect$$libinit$$0000001B  c_w.l(libinit2.o)
    0x080001c6   0x080001c6   0x00000000   Code   RO          416    .ARM.Collect$$libinit$$0000001D  c_w.l(libinit2.o)
    0x080001c6   0x080001c6   0x00000000   Code   RO          418    .ARM.Collect$$libinit$$0000001F  c_w.l(libinit2.o)
    0x080001c6   0x080001c6   0x00000000   Code   RO          420    .ARM.Collect$$libinit$$00000021  c_w.l(libinit2.o)
    0x080001c6   0x080001c6   0x00000000   Code   RO          422    .ARM.Collect$$libinit$$00000023  c_w.l(libinit2.o)
    0x080001c6   0x080001c6   0x00000000   Code   RO          424    .ARM.Collect$$libinit$$00000025  c_w.l(libinit2.o)
    0x080001c6   0x080001c6   0x00000000   Code   RO          428    .ARM.Collect$$libinit$$0000002C  c_w.l(libinit2.o)
    0x080001c6   0x080001c6   0x00000000   Code   RO          430    .ARM.Collect$$libinit$$0000002E  c_w.l(libinit2.o)
    0x080001c6   0x080001c6   0x00000000   Code   RO          432    .ARM.Collect$$libinit$$00000030  c_w.l(libinit2.o)
    0x080001c6   0x080001c6   0x00000000   Code   RO          434    .ARM.Collect$$libinit$$00000032  c_w.l(libinit2.o)
    0x080001c6   0x080001c6   0x00000002   Code   RO          435    .ARM.Collect$$libinit$$00000033  c_w.l(libinit2.o)
    0x080001c8   0x080001c8   0x00000002   Code   RO          456    .ARM.Collect$$libshutdown$$00000000  c_w.l(libshutdown.o)
    0x080001ca   0x080001ca   0x00000000   Code   RO          462    .ARM.Collect$$libshutdown$$00000002  c_w.l(libshutdown2.o)
    0x080001ca   0x080001ca   0x00000000   Code   RO          464    .ARM.Collect$$libshutdown$$00000004  c_w.l(libshutdown2.o)
    0x080001ca   0x080001ca   0x00000000   Code   RO          466    .ARM.Collect$$libshutdown$$00000006  c_w.l(libshutdown2.o)
    0x080001ca   0x080001ca   0x00000000   Code   RO          469    .ARM.Collect$$libshutdown$$00000009  c_w.l(libshutdown2.o)
    0x080001ca   0x080001ca   0x00000000   Code   RO          472    .ARM.Collect$$libshutdown$$0000000C  c_w.l(libshutdown2.o)
    0x080001ca   0x080001ca   0x00000000   Code   RO          474    .ARM.Collect$$libshutdown$$0000000E  c_w.l(libshutdown2.o)
    0x080001ca   0x080001ca   0x00000000   Code   RO          477    .ARM.Collect$$libshutdown$$00000011  c_w.l(libshutdown2.o)
    0x080001ca   0x080001ca   0x00000002   Code   RO          478    .ARM.Collect$$libshutdown$$00000012  c_w.l(libshutdown2.o)
    0x080001cc   0x080001cc   0x00000000   Code   RO          306    .ARM.Collect$$rtentry$$00000000  c_w.l(__rtentry.o)
    0x080001cc   0x080001cc   0x00000000   Code   RO          340    .ARM.Collect$$rtentry$$00000002  c_w.l(__rtentry2.o)
    0x080001cc   0x080001cc   0x00000006   Code   RO          352    .ARM.Collect$$rtentry$$00000004  c_w.l(__rtentry4.o)
    0x080001d2   0x080001d2   0x00000000   Code   RO          342    .ARM.Collect$$rtentry$$00000009  c_w.l(__rtentry2.o)
    0x080001d2   0x080001d2   0x00000004   Code   RO          343    .ARM.Collect$$rtentry$$0000000A  c_w.l(__rtentry2.o)
    0x080001d6   0x080001d6   0x00000000   Code   RO          345    .ARM.Collect$$rtentry$$0000000C  c_w.l(__rtentry2.o)
    0x080001d6   0x080001d6   0x00000008   Code   RO          346    .ARM.Collect$$rtentry$$0000000D  c_w.l(__rtentry2.o)
    0x080001de   0x080001de   0x00000002   Code   RO          437    .ARM.Collect$$rtexit$$00000000  c_w.l(rtexit.o)
    0x080001e0   0x080001e0   0x00000000   Code   RO          443    .ARM.Collect$$rtexit$$00000002  c_w.l(rtexit2.o)
    0x080001e0   0x080001e0   0x00000004   Code   RO          444    .ARM.Collect$$rtexit$$00000003  c_w.l(rtexit2.o)
    0x080001e4   0x080001e4   0x00000006   Code   RO          445    .ARM.Collect$$rtexit$$00000004  c_w.l(rtexit2.o)
    0x080001ea   0x080001ea   0x00000002   PAD
    0x080001ec   0x080001ec   0x000000a0   Code   RO            1    .text               main.o
    0x0800028c   0x0800028c   0x0000001a   Code   RO            3    .text               stm32f10x_it.o
    0x080002a6   0x080002a6   0x00000002   PAD
    0x080002a8   0x080002a8   0x000001e0   Code   RO            4    .text               system_stm32f10x.o
    0x08000488   0x08000488   0x0000009e   Code   RO            6    .text               quicksort.o
    0x08000526   0x08000526   0x00000002   PAD
    0x08000528   0x08000528   0x0000004c   Code   RO            7    .text               led.o
    0x08000574   0x08000574   0x000004e0   Code   RO           31    .text               timer.o
    0x08000a54   0x08000a54   0x00000038   Code   RO           35    .text               beep.o
    0x08000a8c   0x08000a8c   0x000000d4   Code   RO           36    .text               delay.o
    0x08000b60   0x08000b60   0x00000140   Code   RO           40    .text               usart.o
    0x08000ca0   0x08000ca0   0x00000040   Code   RO           47    .text               startup_stm32f10x_hd.o
    0x08000ce0   0x08000ce0   0x000000dc   Code   RO           48    .text               misc.o
    0x08000dbc   0x08000dbc   0x0000035c   Code   RO           50    .text               stm32f10x_gpio.o
    0x08001118   0x08001118   0x000003a4   Code   RO           51    .text               stm32f10x_rcc.o
    0x080014bc   0x080014bc   0x00000408   Code   RO           54    .text               stm32f10x_usart.o
    0x080018c4   0x080018c4   0x00000e1a   Code   RO           55    .text               stm32f10x_tim.o
    0x080026de   0x080026de   0x00000002   Code   RO          221    .text               c_w.l(use_no_semi_2.o)
    0x080026e0   0x080026e0   0x00000018   Code   RO          224    .text               c_w.l(noretval__2printf.o)
    0x080026f8   0x080026f8   0x00000078   Code   RO          228    .text               c_w.l(_printf_dec.o)
    0x08002770   0x08002770   0x00000138   Code   RO          251    .text               c_w.l(__printf_flags_wp.o)
    0x080028a8   0x080028a8   0x00000080   Code   RO          268    .text               c_w.l(strcmpv7m.o)
    0x08002928   0x08002928   0x00000006   Code   RO          269    .text               c_w.l(heapauxi.o)
    0x0800292e   0x0800292e   0x00000002   Code   RO          305    .text               c_w.l(use_no_semi.o)
    0x08002930   0x08002930   0x00000016   Code   RO          307    .text               c_w.l(_rserrno.o)
    0x08002946   0x08002946   0x000000b2   Code   RO          308    .text               c_w.l(_printf_intcommon.o)
    0x080029f8   0x080029f8   0x0000041e   Code   RO          309    .text               c_w.l(_printf_fp_dec.o)
    0x08002e16   0x08002e16   0x00000002   PAD
    0x08002e18   0x08002e18   0x00000030   Code   RO          310    .text               c_w.l(_printf_char_common.o)
    0x08002e48   0x08002e48   0x00000024   Code   RO          313    .text               c_w.l(_printf_char_file.o)
    0x08002e6c   0x08002e6c   0x00000008   Code   RO          356    .text               c_w.l(rt_locale_intlibspace.o)
    0x08002e74   0x08002e74   0x00000008   Code   RO          359    .text               c_w.l(rt_errno_addr_intlibspace.o)
    0x08002e7c   0x08002e7c   0x0000008a   Code   RO          360    .text               c_w.l(lludiv10.o)
    0x08002f06   0x08002f06   0x00000002   PAD
    0x08002f08   0x08002f08   0x00000080   Code   RO          361    .text               c_w.l(_printf_fp_infnan.o)
    0x08002f88   0x08002f88   0x000000e4   Code   RO          363    .text               c_w.l(bigflt0.o)
    0x0800306c   0x0800306c   0x00000008   Code   RO          376    .text               c_w.l(ferror.o)
    0x08003074   0x08003074   0x00000008   Code   RO          383    .text               c_w.l(libspace.o)
    0x0800307c   0x0800307c   0x0000004a   Code   RO          385    .text               c_w.l(sys_stackheap_outer.o)
    0x080030c6   0x080030c6   0x00000012   Code   RO          386    .text               c_w.l(exit.o)
    0x080030d8   0x080030d8   0x0000003e   Code   RO          365    CL$$btod_d2e        c_w.l(btod.o)
    0x08003116   0x08003116   0x00000046   Code   RO          367    CL$$btod_d2e_denorm_low  c_w.l(btod.o)
    0x0800315c   0x0800315c   0x00000060   Code   RO          366    CL$$btod_d2e_norm_op1  c_w.l(btod.o)
    0x080031bc   0x080031bc   0x00000338   Code   RO          375    CL$$btod_div_common  c_w.l(btod.o)
    0x080034f4   0x080034f4   0x000000dc   Code   RO          372    CL$$btod_e2e        c_w.l(btod.o)
    0x080035d0   0x080035d0   0x0000002a   Code   RO          369    CL$$btod_ediv       c_w.l(btod.o)
    0x080035fa   0x080035fa   0x0000002a   Code   RO          368    CL$$btod_emul       c_w.l(btod.o)
    0x08003624   0x08003624   0x00000244   Code   RO          374    CL$$btod_mult_common  c_w.l(btod.o)
    0x08003868   0x08003868   0x00000028   Code   RO          332    i.__ARM_fpclassify  m_ws.l(fpclassify.o)
    0x08003890   0x08003890   0x000000aa   Code   RO          333    i.__kernel_poly     m_ws.l(poly.o)
    0x0800393a   0x0800393a   0x00000002   PAD
    0x0800393c   0x0800393c   0x00000010   Code   RO          325    i.__mathlib_dbl_divzero  m_ws.l(dunder.o)
    0x0800394c   0x0800394c   0x00000004   Code   RO          327    i.__mathlib_dbl_infnan2  m_ws.l(dunder.o)
    0x08003950   0x08003950   0x0000000c   Code   RO          328    i.__mathlib_dbl_invalid  m_ws.l(dunder.o)
    0x0800395c   0x0800395c   0x0000000e   Code   RO          329    i.__mathlib_dbl_overflow  m_ws.l(dunder.o)
    0x0800396a   0x0800396a   0x00000002   PAD
    0x0800396c   0x0800396c   0x00000010   Code   RO          331    i.__mathlib_dbl_underflow  m_ws.l(dunder.o)
    0x0800397c   0x0800397c   0x0000000e   Code   RO          250    i._is_digit         c_w.l(__printf_wp.o)
    0x0800398a   0x0800398a   0x00000002   PAD
    0x0800398c   0x0800398c   0x000009d8   Code   RO          300    i.pow               m_ws.l(pow.o)
    0x08004364   0x08004364   0x0000004c   Code   RO          336    i.sqrt              m_ws.l(sqrt.o)
    0x080043b0   0x080043b0   0x0000002c   Code   RO          379    locale$$code        c_w.l(lc_numeric_c.o)
    0x080043dc   0x080043dc   0x00000062   Code   RO          271    x$fpl$d2f           fz_ws.l(d2f.o)
    0x0800443e   0x0800443e   0x00000002   PAD
    0x08004440   0x08004440   0x00000150   Code   RO          315    x$fpl$dadd          fz_ws.l(daddsub_clz.o)
    0x08004590   0x08004590   0x00000010   Code   RO          380    x$fpl$dcheck1       fz_ws.l(dcheck1.o)
    0x080045a0   0x080045a0   0x00000018   Code   RO          318    x$fpl$dcmpinf       fz_ws.l(dcmpi.o)
    0x080045b8   0x080045b8   0x000002b0   Code   RO          273    x$fpl$ddiv          fz_ws.l(ddiv.o)
    0x08004868   0x08004868   0x0000005e   Code   RO          274    x$fpl$dfix          fz_ws.l(dfix.o)
    0x080048c6   0x080048c6   0x0000002e   Code   RO          279    x$fpl$dflt          fz_ws.l(dflt_clz.o)
    0x080048f4   0x080048f4   0x00000078   Code   RO          281    x$fpl$dleqf         fz_ws.l(dleqf.o)
    0x0800496c   0x0800496c   0x00000154   Code   RO          282    x$fpl$dmul          fz_ws.l(dmul.o)
    0x08004ac0   0x08004ac0   0x0000009c   Code   RO          319    x$fpl$dnaninf       fz_ws.l(dnaninf.o)
    0x08004b5c   0x08004b5c   0x0000000c   Code   RO          320    x$fpl$dretinf       fz_ws.l(dretinf.o)
    0x08004b68   0x08004b68   0x0000006c   Code   RO          283    x$fpl$drleqf        fz_ws.l(drleqf.o)
    0x08004bd4   0x08004bd4   0x00000016   Code   RO          316    x$fpl$drsb          fz_ws.l(daddsub_clz.o)
    0x08004bea   0x08004bea   0x00000002   PAD
    0x08004bec   0x08004bec   0x000001cc   Code   RO          381    x$fpl$dsqrt         fz_ws.l(dsqrt_noumaal.o)
    0x08004db8   0x08004db8   0x000001d4   Code   RO          317    x$fpl$dsub          fz_ws.l(daddsub_clz.o)
    0x08004f8c   0x08004f8c   0x00000056   Code   RO          284    x$fpl$f2d           fz_ws.l(f2d.o)
    0x08004fe2   0x08004fe2   0x00000002   PAD
    0x08004fe4   0x08004fe4   0x0000003e   Code   RO          292    x$fpl$ffixu         fz_ws.l(ffixu.o)
    0x08005022   0x08005022   0x0000008c   Code   RO          321    x$fpl$fnaninf       fz_ws.l(fnaninf.o)
    0x080050ae   0x080050ae   0x0000000a   Code   RO          322    x$fpl$fretinf       fz_ws.l(fretinf.o)
    0x080050b8   0x080050b8   0x00000004   Code   RO          298    x$fpl$printf1       fz_ws.l(printf1.o)
    0x080050bc   0x080050bc   0x00000064   Code   RO          436    x$fpl$retnan        fz_ws.l(retnan.o)
    0x08005120   0x08005120   0x0000005c   Code   RO          323    x$fpl$scalbn        fz_ws.l(scalbn.o)
    0x0800517c   0x0800517c   0x00000030   Code   RO          441    x$fpl$trapveneer    fz_ws.l(trapv.o)
    0x080051ac   0x080051ac   0x00000000   Code   RO          324    x$fpl$usenofp       fz_ws.l(usenofp.o)
    0x080051ac   0x080051ac   0x00000011   Data   RO          252    .constdata          c_w.l(__printf_flags_wp.o)
    0x080051bd   0x080051bd   0x00000003   PAD
    0x080051c0   0x080051c0   0x00000088   Data   RO          301    .constdata          m_ws.l(pow.o)
    0x08005248   0x08005248   0x00000008   Data   RO          334    .constdata          m_ws.l(qnan.o)
    0x08005250   0x08005250   0x00000094   Data   RO          364    .constdata          c_w.l(bigflt0.o)
    0x080052e4   0x080052e4   0x00000020   Data   RO          491    Region$$Table       anon$$obj.o
    0x08005304   0x08005304   0x0000001c   Data   RO          378    locale$$data        c_w.l(lc_numeric_c.o)


    Execution Region RW_IRAM1 (Exec base: 0x20000000, Load base: 0x08005320, Size: 0x00000b90, Max: 0x00005000, ABSOLUTE)

    Exec Addr    Load Addr    Size         Type   Attr      Idx    E Section Name        Object

    0x20000000   0x08005320   0x00000006   Data   RW            2    .data               main.o
    0x20000006   0x08005326   0x00000002   PAD
    0x20000008   0x08005328   0x00000014   Data   RW            5    .data               system_stm32f10x.o
    0x2000001c   0x0800533c   0x00000018   Data   RW           33    .data               timer.o
    0x20000034   0x08005354   0x00000004   Data   RW           37    .data               delay.o
    0x20000038   0x08005358   0x00000006   Data   RW           42    .data               usart.o
    0x2000003e   0x0800535e   0x00000014   Data   RW           52    .data               stm32f10x_rcc.o
    0x20000052   0x08005372   0x00000002   PAD
    0x20000054        -       0x00000014   Zero   RW           32    .bss                timer.o
    0x20000068        -       0x000000c8   Zero   RW           41    .bss                usart.o
    0x20000130        -       0x00000060   Zero   RW          384    .bss                c_w.l(libspace.o)
    0x20000190        -       0x00000200   Zero   RW           45    HEAP                startup_stm32f10x_hd.o
    0x20000390        -       0x00000800   Zero   RW           44    STACK               startup_stm32f10x_hd.o



  Load Region LR$$.ARM.__AT_0x68000000 (Base: 0x68000000, Size: 0x00000000, Max: 0x000bb800, ABSOLUTE)

    Execution Region ER$$.ARM.__AT_0x68000000 (Exec base: 0x68000000, Load base: 0x68000000, Size: 0x000bb800, Max: 0x000bb800, ABSOLUTE, UNINIT)

    Exec Addr    Load Addr    Size         Type   Attr      Idx    E Section Name        Object

    0x68000000        -       0x000bb800   Zero   RW          187    .ARM.__AT_0x68000000  lv_port_disp.o


==============================================================================

Image component sizes


      Code (inc. data)   RO Data    RW Data    ZI Data      Debug   Object Name

        56          6          0          0          0          0   beep.o
       212         18          0          4          0          0   delay.o
        76          8          0          0          0          0   led.o
         0          0          0          0     768000          0   lv_port_disp.o
       160         46          0          6          0          0   main.o
       220         22          0          0          0          0   misc.o
       158          0          0          0          0          0   quicksort.o
        64         26        304          0       2560          0   startup_stm32f10x_hd.o
       860         38          0          0          0          0   stm32f10x_gpio.o
        26          0          0          0          0          0   stm32f10x_it.o
       932         36          0         20          0          0   stm32f10x_rcc.o
      3610         88          0          0          0          0   stm32f10x_tim.o
      1032         22          0          0          0          0   stm32f10x_usart.o
       480         38          0         20          0          0   system_stm32f10x.o
      1248        178          0         24         20          0   timer.o
       320         18          0          6        200          0   usart.o

    ----------------------------------------------------------------------
      9458        544        336         84     770780          0   Object Totals
         0          0         32          0          0          0   (incl. Generated)
         4          0          0          4          0          0   (incl. Padding)

    ----------------------------------------------------------------------

      Code (inc. data)   RO Data    RW Data    ZI Data      Debug   Library Member Name

         8          0          0          0          0          0   __main.o
       312          4         17          0          0          0   __printf_flags_wp.o
        14          0          0          0          0          0   __printf_wp.o
         0          0          0          0          0          0   __rtentry.o
        12          0          0          0          0          0   __rtentry2.o
         6          0          0          0          0          0   __rtentry4.o
        52          8          0          0          0          0   __scatter.o
        26          0          0          0          0          0   __scatter_copy.o
        28          0          0          0          0          0   __scatter_zi.o
        48          6          0          0          0          0   _printf_char_common.o
        36          4          0          0          0          0   _printf_char_file.o
         6          0          0          0          0          0   _printf_d.o
       120         16          0          0          0          0   _printf_dec.o
         6          0          0          0          0          0   _printf_f.o
      1054          0          0          0          0          0   _printf_fp_dec.o
       128         16          0          0          0          0   _printf_fp_infnan.o
       178          0          0          0          0          0   _printf_intcommon.o
         0          0          0          0          0          0   _printf_percent.o
         4          0          0          0          0          0   _printf_percent_end.o
        22          0          0          0          0          0   _rserrno.o
       228          4        148          0          0          0   bigflt0.o
      1936        128          0          0          0          0   btod.o
        18          0          0          0          0          0   exit.o
         8          0          0          0          0          0   ferror.o
         6          0          0          0          0          0   heapauxi.o
        44         10         28          0          0          0   lc_numeric_c.o
         2          0          0          0          0          0   libinit.o
        18          0          0          0          0          0   libinit2.o
         2          0          0          0          0          0   libshutdown.o
         2          0          0          0          0          0   libshutdown2.o
         8          4          0          0         96          0   libspace.o
       138          0          0          0          0          0   lludiv10.o
        24          4          0          0          0          0   noretval__2printf.o
         8          4          0          0          0          0   rt_errno_addr_intlibspace.o
         8          4          0          0          0          0   rt_locale_intlibspace.o
         2          0          0          0          0          0   rtexit.o
        10          0          0          0          0          0   rtexit2.o
       128          0          0          0          0          0   strcmpv7m.o
        74          0          0          0          0          0   sys_stackheap_outer.o
         2          0          0          0          0          0   use_no_semi.o
         2          0          0          0          0          0   use_no_semi_2.o
        98          4          0          0          0          0   d2f.o
       826         16          0          0          0          0   daddsub_clz.o
        16          4          0          0          0          0   dcheck1.o
        24          0          0          0          0          0   dcmpi.o
       688        140          0          0          0          0   ddiv.o
        94          4          0          0          0          0   dfix.o
        46          0          0          0          0          0   dflt_clz.o
       120          4          0          0          0          0   dleqf.o
       340         12          0          0          0          0   dmul.o
       156          4          0          0          0          0   dnaninf.o
        12          0          0          0          0          0   dretinf.o
       108          0          0          0          0          0   drleqf.o
       460         56          0          0          0          0   dsqrt_noumaal.o
        86          4          0          0          0          0   f2d.o
        62          4          0          0          0          0   ffixu.o
       140          4          0          0          0          0   fnaninf.o
        10          0          0          0          0          0   fretinf.o
         4          0          0          0          0          0   printf1.o
       100          0          0          0          0          0   retnan.o
        92          0          0          0          0          0   scalbn.o
        48          0          0          0          0          0   trapv.o
         0          0          0          0          0          0   usenofp.o
        62         10          0          0          0          0   dunder.o
        40          0          0          0          0          0   fpclassify.o
       170          0          0          0          0          0   poly.o
      2520        190        136          0          0          0   pow.o
         0          0          8          0          0          0   qnan.o
        76          0          0          0          0          0   sqrt.o

    ----------------------------------------------------------------------
     11146        668        340          0         96          0   Library Totals
        20          0          3          0          0          0   (incl. Padding)

    ----------------------------------------------------------------------

      Code (inc. data)   RO Data    RW Data    ZI Data      Debug   Library Name

      4728        212        193          0         96          0   c_w.l
      3530        256          0          0          0          0   fz_ws.l
      2868        200        144          0          0          0   m_ws.l

    ----------------------------------------------------------------------
     11146        668        340          0         96          0   Library Totals

    ----------------------------------------------------------------------

==============================================================================


      Code (inc. data)   RO Data    RW Data    ZI Data      Debug   

     20604       1212        676         84     770876          0   Grand Totals
     20604       1212        676         84     770876          0   ELF Image Totals
     20604       1212        676         84          0          0   ROM Totals

==============================================================================

    Total RO  Size (Code + RO Data)                21280 (  20.78kB)
    Total RW  Size (RW Data + ZI Data)            770960 ( 752.89kB)
    Total ROM Size (Code + RO Data + RW Data)      21364 (  20.86kB)

==============================================================================

