Component: ARM Compiler 5.06 update 7 (build 960) Tool: armlink [4d3601]

==============================================================================

Section Cross References

    main.o(.text) refers to _printf_percent.o(.ARM.Collect$$_printf_percent$$00000000) for _printf_percent
    main.o(.text) refers to _printf_d.o(.ARM.Collect$$_printf_percent$$00000009) for _printf_d
    main.o(.text) refers to _printf_dec.o(.text) for _printf_int_dec
    main.o(.text) refers to delay.o(.text) for delay_init
    main.o(.text) refers to misc.o(.text) for NVIC_PriorityGroupConfig
    main.o(.text) refers to usart.o(.text) for uart_init
    main.o(.text) refers to led.o(.text) for LED_Init
    main.o(.text) refers to key.o(.text) for KEY_Init
    main.o(.text) refers to beep.o(.text) for BEEP_Init
    main.o(.text) refers to timer.o(.text) for TIM5_Int_Init
    main.o(.text) refers to sram.o(.text) for FSMC_SRAM_Init
    main.o(.text) refers to lcd.o(.text) for LCD_Init
    main.o(.text) refers to lv_obj.o(.text) for lv_init
    main.o(.text) refers to lv_port_disp.o(.text) for lv_port_disp_init
    main.o(.text) refers to lv_port_indev.o(.text) for lv_port_indev_init
    main.o(.text) refers to gui_app.o(.text) for gui_app_start
    main.o(.text) refers to lv_task.o(.text) for lv_task_handler
    main.o(.text) refers to noretval__2printf.o(.text) for __2printf
    main.o(.text) refers to stm32f10x_tim.o(.text) for TIM_SetCompare2
    main.o(.text) refers to touch.o(.data) for tp_dev
    main.o(.text) refers to main.o(.data) for pscValue
    system_stm32f10x.o(.text) refers to system_stm32f10x.o(.data) for SystemCoreClock
    led.o(.text) refers to stm32f10x_rcc.o(.text) for RCC_APB2PeriphClockCmd
    led.o(.text) refers to stm32f10x_gpio.o(.text) for GPIO_Init
    key.o(.text) refers to stm32f10x_rcc.o(.text) for RCC_APB2PeriphClockCmd
    key.o(.text) refers to stm32f10x_gpio.o(.text) for GPIO_Init
    key.o(.text) refers to delay.o(.text) for delay_ms
    key.o(.text) refers to key.o(.data) for key_up
    lcd.o(.text) refers to _printf_percent.o(.ARM.Collect$$_printf_percent$$00000000) for _printf_percent
    lcd.o(.text) refers to _printf_x.o(.ARM.Collect$$_printf_percent$$0000000C) for _printf_x
    lcd.o(.text) refers to _printf_hex_int.o(.text) for _printf_longlong_hex
    lcd.o(.text) refers to delay.o(.text) for delay_us
    lcd.o(.text) refers to lcd.o(.bss) for lcddev
    lcd.o(.text) refers to dflt_clz.o(x$fpl$dfltu) for __aeabi_ui2d
    lcd.o(.text) refers to dmul.o(x$fpl$dmul) for __aeabi_dmul
    lcd.o(.text) refers to dfixu.o(x$fpl$dfixu) for __aeabi_d2uiz
    lcd.o(.text) refers to lcd.o(.data) for POINT_COLOR
    lcd.o(.text) refers to stm32f10x_rcc.o(.text) for RCC_AHBPeriphClockCmd
    lcd.o(.text) refers to stm32f10x_gpio.o(.text) for GPIO_Init
    lcd.o(.text) refers to stm32f10x_fsmc.o(.text) for FSMC_NORSRAMInit
    lcd.o(.text) refers to noretval__2printf.o(.text) for __2printf
    lcd.o(.text) refers to lcd.o(.constdata) for asc2_1206
    myiic.o(.text) refers to stm32f10x_rcc.o(.text) for RCC_APB2PeriphClockCmd
    myiic.o(.text) refers to stm32f10x_gpio.o(.text) for GPIO_Init
    myiic.o(.text) refers to delay.o(.text) for delay_us
    24cxx.o(.text) refers to myiic.o(.text) for IIC_Init
    24cxx.o(.text) refers to delay.o(.text) for delay_ms
    spi.o(.text) refers to stm32f10x_spi.o(.text) for SPI_I2S_GetFlagStatus
    spi.o(.text) refers to stm32f10x_rcc.o(.text) for RCC_APB2PeriphClockCmd
    spi.o(.text) refers to stm32f10x_gpio.o(.text) for GPIO_Init
    w25qxx.o(.text) refers to _printf_percent.o(.ARM.Collect$$_printf_percent$$00000000) for _printf_percent
    w25qxx.o(.text) refers to _printf_x.o(.ARM.Collect$$_printf_percent$$0000000C) for _printf_x
    w25qxx.o(.text) refers to _printf_hex_int.o(.text) for _printf_longlong_hex
    w25qxx.o(.text) refers to spi.o(.text) for SPI2_ReadWriteByte
    w25qxx.o(.text) refers to stm32f10x_rcc.o(.text) for RCC_APB2PeriphClockCmd
    w25qxx.o(.text) refers to stm32f10x_gpio.o(.text) for GPIO_Init
    w25qxx.o(.text) refers to noretval__2printf.o(.text) for __2printf
    w25qxx.o(.text) refers to delay.o(.text) for delay_us
    w25qxx.o(.text) refers to w25qxx.o(.data) for W25QXX_TYPE
    w25qxx.o(.text) refers to w25qxx.o(.bss) for W25QXX_BUFFER
    touch.o(.text) refers to _printf_percent.o(.ARM.Collect$$_printf_percent$$00000000) for _printf_percent
    touch.o(.text) refers to _printf_d.o(.ARM.Collect$$_printf_percent$$00000009) for _printf_d
    touch.o(.text) refers to _printf_dec.o(.text) for _printf_int_dec
    touch.o(.text) refers to _printf_f.o(.ARM.Collect$$_printf_percent$$00000003) for _printf_f
    touch.o(.text) refers to printf1.o(x$fpl$printf1) for _printf_fp_dec
    touch.o(.text) refers to stm32f10x_gpio.o(.text) for GPIO_SetBits
    touch.o(.text) refers to delay.o(.text) for delay_us
    touch.o(.text) refers to lcd.o(.text) for LCD_DrawLine
    touch.o(.text) refers to fflt_clz.o(x$fpl$fflt) for __aeabi_i2f
[...]
    lv_list_get_style                        0x0801fe6d   Thumb Code   116  lv_list.o(.text)
    lv_list_up                               0x0801fee1   Thumb Code   258  lv_list.o(.text)
    lv_list_down                             0x0801ffe3   Thumb Code   166  lv_list.o(.text)
    lv_list_focus                            0x08020089   Thumb Code    50  lv_list.o(.text)
    lv_lmeter_create                         0x080203e5   Thumb Code   190  lv_lmeter.o(.text)
    lv_lmeter_set_value                      0x080204a3   Thumb Code    76  lv_lmeter.o(.text)
    lv_lmeter_set_range                      0x080204ef   Thumb Code    92  lv_lmeter.o(.text)
    lv_lmeter_set_scale                      0x0802054b   Thumb Code    48  lv_lmeter.o(.text)
    lv_lmeter_get_value                      0x0802057b   Thumb Code    18  lv_lmeter.o(.text)
    lv_lmeter_get_min_value                  0x0802058d   Thumb Code    18  lv_lmeter.o(.text)
    lv_lmeter_get_max_value                  0x0802059f   Thumb Code    18  lv_lmeter.o(.text)
    lv_lmeter_get_line_count                 0x080205b1   Thumb Code    16  lv_lmeter.o(.text)
    lv_lmeter_get_scale_angle                0x080205c1   Thumb Code    16  lv_lmeter.o(.text)
    lv_mbox_get_style                        0x08020601   Thumb Code   128  lv_mbox.o(.text)
    lv_mbox_set_style                        0x080206f9   Thumb Code   128  lv_mbox.o(.text)
    lv_mbox_get_anim_time                    0x08020785   Thumb Code    16  lv_mbox.o(.text)
    lv_mbox_start_auto_close                 0x08020795   Thumb Code   230  lv_mbox.o(.text)
    lv_mbox_get_active_btn                   0x0802087b   Thumb Code    30  lv_mbox.o(.text)
    lv_mbox_create                           0x080209ef   Thumb Code   272  lv_mbox.o(.text)
    lv_mbox_add_btns                         0x08020b45   Thumb Code   176  lv_mbox.o(.text)
    lv_mbox_set_text                         0x08020bf5   Thumb Code    30  lv_mbox.o(.text)
    lv_mbox_set_anim_time                    0x08020c13   Thumb Code    20  lv_mbox.o(.text)
    lv_mbox_stop_auto_close                  0x08020c27   Thumb Code    14  lv_mbox.o(.text)
    lv_mbox_set_recolor                      0x08020c35   Thumb Code    28  lv_mbox.o(.text)
    lv_mbox_get_text                         0x08020c51   Thumb Code    20  lv_mbox.o(.text)
    lv_mbox_get_active_btn_text              0x08020c65   Thumb Code    28  lv_mbox.o(.text)
    lv_mbox_get_recolor                      0x08020c81   Thumb Code    28  lv_mbox.o(.text)
    lv_mbox_get_btnm                         0x08020c9d   Thumb Code    16  lv_mbox.o(.text)
    lv_page_get_scrl                         0x08020cb5   Thumb Code    16  lv_page.o(.text)
    lv_page_get_style                        0x080210d5   Thumb Code    74  lv_page.o(.text)
    lv_page_scroll_hor                       0x080213eb   Thumb Code   100  lv_page.o(.text)
    lv_page_scroll_ver                       0x0802144f   Thumb Code   100  lv_page.o(.text)
    lv_page_set_style                        0x080217a7   Thumb Code   114  lv_page.o(.text)
    lv_page_set_sb_mode                      0x08021819   Thumb Code   124  lv_page.o(.text)
    lv_page_start_edge_flash                 0x080218eb   Thumb Code   112  lv_page.o(.text)
    lv_page_create                           0x08021f65   Thumb Code   554  lv_page.o(.text)
    lv_page_clean                            0x0802218f   Thumb Code    20  lv_page.o(.text)
    lv_page_set_anim_time                    0x080221a3   Thumb Code    18  lv_page.o(.text)
    lv_page_set_scroll_propagation           0x080221b5   Thumb Code    28  lv_page.o(.text)
    lv_page_set_edge_flash                   0x080221d1   Thumb Code    28  lv_page.o(.text)
    lv_page_get_anim_time                    0x080221ed   Thumb Code    16  lv_page.o(.text)
    lv_page_get_sb_mode                      0x080221fd   Thumb Code    20  lv_page.o(.text)
    lv_page_get_scroll_propagation           0x08022211   Thumb Code    22  lv_page.o(.text)
    lv_page_get_edge_flash                   0x08022227   Thumb Code    22  lv_page.o(.text)
    lv_page_get_fit_width                    0x0802223d   Thumb Code    52  lv_page.o(.text)
    lv_page_get_fit_height                   0x08022271   Thumb Code    50  lv_page.o(.text)
    lv_page_on_edge                          0x080222a3   Thumb Code   206  lv_page.o(.text)
    lv_page_glue_obj                         0x08022371   Thumb Code    24  lv_page.o(.text)
    lv_page_focus                            0x08022389   Thumb Code   526  lv_page.o(.text)
    lv_preload_spinner_anim                  0x080225dd   Thumb Code    78  lv_preload.o(.text)
    lv_preload_set_arc_length                0x0802262b   Thumb Code    18  lv_preload.o(.text)
    lv_preload_set_type                      0x0802263d   Thumb Code   380  lv_preload.o(.text)
    lv_preload_set_style                     0x080227b9   Thumb Code    26  lv_preload.o(.text)
    lv_preload_create                        0x08022933   Thumb Code   222  lv_preload.o(.text)
    lv_preload_set_spin_time                 0x08022a11   Thumb Code    30  lv_preload.o(.text)
    lv_preload_set_dir                       0x08022a2f   Thumb Code    36  lv_preload.o(.text)
    lv_preload_get_arc_length                0x08022a53   Thumb Code    18  lv_preload.o(.text)
    lv_preload_get_spin_time                 0x08022a65   Thumb Code    56  lv_preload.o(.text)
    lv_preload_get_style                     0x08022a9d   Thumb Code    32  lv_preload.o(.text)
    lv_preload_get_type                      0x08022abd   Thumb Code    20  lv_preload.o(.text)
    lv_preload_get_dir                       0x08022ad1   Thumb Code    20  lv_preload.o(.text)
    lv_roller_set_style                      0x08022da7   Thumb Code    42  lv_roller.o(.text)
    lv_roller_set_visible_row_count          0x08022dd1   Thumb Code    70  lv_roller.o(.text)
    lv_roller_get_style                      0x08022e17   Thumb Code    36  lv_roller.o(.text)
    lv_roller_get_selected                   0x080231d1   Thumb Code    58  lv_roller.o(.text)
    lv_roller_set_selected                   0x0802320b   Thumb Code    40  lv_roller.o(.text)
    lv_roller_create                         0x0802342f   Thumb Code   330  lv_roller.o(.text)
    lv_roller_set_options                    0x08023579   Thumb Code   164  lv_roller.o(.text)
    lv_roller_set_align                      0x0802361d   Thumb Code   144  lv_roller.o(.text)
    lv_roller_get_align                      0x080236ad   Thumb Code    34  lv_roller.o(.text)
    lv_roller_get_hor_fit                    0x080236cf   Thumb Code    28  lv_roller.o(.text)
    lv_slider_set_style                      0x080236f1   Thumb Code    70  lv_slider.o(.text)
    lv_slider_get_value                      0x08023737   Thumb Code    36  lv_slider.o(.text)
    lv_slider_get_style                      0x0802375b   Thumb Code    70  lv_slider.o(.text)
    lv_slider_create                         0x08024033   Thumb Code   254  lv_slider.o(.text)
    lv_slider_set_knob_in                    0x08024131   Thumb Code    38  lv_slider.o(.text)
    lv_slider_is_dragged                     0x08024157   Thumb Code    30  lv_slider.o(.text)
    lv_slider_get_knob_in                    0x08024175   Thumb Code    20  lv_slider.o(.text)
    lv_sw_set_style                          0x080241c5   Thumb Code   108  lv_sw.o(.text)
    lv_sw_off                                0x08024231   Thumb Code    36  lv_sw.o(.text)
    lv_sw_on                                 0x08024255   Thumb Code    36  lv_sw.o(.text)
    lv_sw_create                             0x080244ff   Thumb Code   258  lv_sw.o(.text)
    lv_sw_toggle                             0x08024601   Thumb Code    40  lv_sw.o(.text)
    lv_sw_set_anim_time                      0x08024629   Thumb Code    18  lv_sw.o(.text)
    lv_sw_get_style                          0x0802463b   Thumb Code    94  lv_sw.o(.text)
    lv_sw_get_anim_time                      0x08024699   Thumb Code    16  lv_sw.o(.text)
    lv_ta_get_style                          0x08024799   Thumb Code   106  lv_ta.o(.text)
    lv_ta_get_cursor_pos                     0x08024803   Thumb Code    18  lv_ta.o(.text)
    lv_ta_set_style                          0x08024bcb   Thumb Code   116  lv_ta.o(.text)
    lv_ta_get_text                           0x08024c3f   Thumb Code    38  lv_ta.o(.text)
    lv_ta_set_one_line                       0x08024ce7   Thumb Code   264  lv_ta.o(.text)
    lv_ta_set_cursor_pos                     0x0802503f   Thumb Code   458  lv_ta.o(.text)
    lv_ta_set_cursor_type                    0x080253c5   Thumb Code    50  lv_ta.o(.text)
    lv_ta_get_cursor_type                    0x080253f7   Thumb Code    22  lv_ta.o(.text)
    lv_ta_clear_selection                    0x0802541d   Thumb Code     2  lv_ta.o(.text)
    lv_ta_get_max_length                     0x0802548b   Thumb Code    18  lv_ta.o(.text)
    lv_ta_get_accepted_chars                 0x0802549d   Thumb Code    16  lv_ta.o(.text)
    lv_ta_add_text                           0x080254ad   Thumb Code   394  lv_ta.o(.text)
    lv_ta_add_char                           0x08025637   Thumb Code   398  lv_ta.o(.text)
    lv_ta_del_char                           0x080257c5   Thumb Code   272  lv_ta.o(.text)
    lv_ta_del_char_forward                   0x080258d5   Thumb Code    40  lv_ta.o(.text)
    lv_ta_cursor_down                        0x080258fd   Thumb Code   124  lv_ta.o(.text)
    lv_ta_cursor_up                          0x08025979   Thumb Code   108  lv_ta.o(.text)
    lv_ta_cursor_left                        0x080259e5   Thumb Code    30  lv_ta.o(.text)
    lv_ta_cursor_right                       0x08025a03   Thumb Code    26  lv_ta.o(.text)
    lv_ta_create                             0x08025d2f   Thumb Code   724  lv_ta.o(.text)
    lv_ta_set_text                           0x08026003   Thumb Code   404  lv_ta.o(.text)
    lv_ta_set_placeholder_text               0x08026197   Thumb Code    72  lv_ta.o(.text)
    lv_ta_set_cursor_click_pos               0x080261df   Thumb Code    28  lv_ta.o(.text)
    lv_ta_set_pwd_mode                       0x080261fb   Thumb Code   204  lv_ta.o(.text)
    lv_ta_get_label                          0x080262c7   Thumb Code    16  lv_ta.o(.text)
    lv_ta_set_text_align                     0x080262d7   Thumb Code   126  lv_ta.o(.text)
    lv_ta_set_accepted_chars                 0x08026355   Thumb Code    18  lv_ta.o(.text)
    lv_ta_set_max_length                     0x08026367   Thumb Code    20  lv_ta.o(.text)
    lv_ta_set_insert_replace                 0x0802637b   Thumb Code     6  lv_ta.o(.text)
    lv_ta_set_text_sel                       0x08026381   Thumb Code     2  lv_ta.o(.text)
    lv_ta_set_pwd_show_time                  0x08026383   Thumb Code    20  lv_ta.o(.text)
    lv_ta_set_cursor_blink_time              0x08026397   Thumb Code   124  lv_ta.o(.text)
    lv_ta_get_placeholder_text               0x08026413   Thumb Code    30  lv_ta.o(.text)
    lv_ta_get_cursor_click_pos               0x08026431   Thumb Code    22  lv_ta.o(.text)
    lv_ta_get_pwd_mode                       0x08026447   Thumb Code    22  lv_ta.o(.text)
    lv_ta_get_one_line                       0x0802645d   Thumb Code    22  lv_ta.o(.text)
    lv_ta_text_is_selected                   0x08026473   Thumb Code     6  lv_ta.o(.text)
    lv_ta_get_text_sel_en                    0x08026479   Thumb Code     6  lv_ta.o(.text)
    lv_ta_get_pwd_show_time                  0x0802647f   Thumb Code    18  lv_ta.o(.text)
    lv_ta_get_cursor_blink_time              0x08026491   Thumb Code    18  lv_ta.o(.text)
    lv_table_set_col_cnt                     0x080266ff   Thumb Code   112  lv_table.o(.text)
    lv_table_set_row_cnt                     0x0802676f   Thumb Code   104  lv_table.o(.text)
    lv_table_set_style                       0x080267d7   Thumb Code    94  lv_table.o(.text)
    lv_table_create                          0x08026c4f   Thumb Code   308  lv_table.o(.text)
    lv_table_set_cell_value                  0x08026d83   Thumb Code   166  lv_table.o(.text)
    lv_table_set_col_width                   0x08026e29   Thumb Code    44  lv_table.o(.text)
    lv_table_set_cell_align                  0x08026e55   Thumb Code   116  lv_table.o(.text)
    lv_table_set_cell_type                   0x08026ec9   Thumb Code   130  lv_table.o(.text)
    lv_table_set_cell_crop                   0x08026f4b   Thumb Code   116  lv_table.o(.text)
    lv_table_set_cell_merge_right            0x08026fbf   Thumb Code   158  lv_table.o(.text)
    lv_table_get_cell_value                  0x0802705d   Thumb Code    68  lv_table.o(.text)
    lv_table_get_row_cnt                     0x080270a1   Thumb Code    16  lv_table.o(.text)
    lv_table_get_col_cnt                     0x080270b1   Thumb Code    16  lv_table.o(.text)
    lv_table_get_col_width                   0x080270c1   Thumb Code    32  lv_table.o(.text)
    lv_table_get_cell_align                  0x080270e1   Thumb Code    74  lv_table.o(.text)
    lv_table_get_cell_type                   0x0802712b   Thumb Code    76  lv_table.o(.text)
    lv_table_get_cell_crop                   0x08027177   Thumb Code    74  lv_table.o(.text)
    lv_table_get_cell_merge_right            0x080271c1   Thumb Code    74  lv_table.o(.text)
    lv_table_get_style                       0x0802720b   Thumb Code    70  lv_table.o(.text)
    lv_tabview_get_tab                       0x08027261   Thumb Code    64  lv_tabview.o(.text)
    lv_tabview_get_anim_time                 0x080272a1   Thumb Code    16  lv_tabview.o(.text)
    lv_tabview_set_tab_act                   0x080272b1   Thumb Code   596  lv_tabview.o(.text)
    lv_tabview_get_tab_act                   0x08027505   Thumb Code    16  lv_tabview.o(.text)
    lv_tabview_get_sliding                   0x08027805   Thumb Code    20  lv_tabview.o(.text)
    lv_tabview_get_style                     0x08027887   Thumb Code   116  lv_tabview.o(.text)
    lv_tabview_add_tab                       0x08027f9f   Thumb Code   662  lv_tabview.o(.text)
    lv_tabview_set_style                     0x08028235   Thumb Code   190  lv_tabview.o(.text)
    lv_tabview_create                        0x080284d9   Thumb Code   782  lv_tabview.o(.text)
    lv_tabview_clean                         0x080287e7   Thumb Code    20  lv_tabview.o(.text)
    lv_tabview_set_sliding                   0x080287fb   Thumb Code    24  lv_tabview.o(.text)
    lv_tabview_set_anim_time                 0x08028813   Thumb Code    18  lv_tabview.o(.text)
    lv_tabview_set_btns_pos                  0x08028825   Thumb Code    30  lv_tabview.o(.text)
    lv_tabview_set_btns_hidden               0x08028843   Thumb Code    30  lv_tabview.o(.text)
    lv_tabview_get_tab_count                 0x08028861   Thumb Code    16  lv_tabview.o(.text)
    lv_tabview_get_btns_pos                  0x08028871   Thumb Code    20  lv_tabview.o(.text)
    lv_tabview_get_btns_hidden               0x08028885   Thumb Code    20  lv_tabview.o(.text)
    lv_theme_set_current                     0x080288b1   Thumb Code    40  lv_theme.o(.text)
    lv_theme_get_current                     0x080288d9   Thumb Code     6  lv_theme.o(.text)
    lv_theme_night_init                      0x08029acf   Thumb Code   180  lv_theme_night.o(.text)
    lv_theme_get_night                       0x08029b83   Thumb Code     4  lv_theme_night.o(.text)
    lv_port_disp_init                        0x08029bdf   Thumb Code    60  lv_port_disp.o(.text)
    lv_port_indev_init                       0x08029c7b   Thumb Code    30  lv_port_indev.o(.text)
    gui_app_start                            0x08029ca9   Thumb Code    30  gui_app.o(.text)
    toast                                    0x08029cc7   Thumb Code   112  gui_app.o(.text)
    general_win_create                       0x08029d83   Thumb Code   160  gui_app.o(.text)
    kb_create                                0x08029e5d   Thumb Code    80  login_win.o(.text)
    login_win_create                         0x08029f79   Thumb Code   410  login_win.o(.text)
    quit_mbox_create                         0x0802a1a5   Thumb Code   144  main_win.o(.text)
    home_tab_init                            0x0802a311   Thumb Code   282  main_win.o(.text)
    setting_tab_init                         0x0802a42b   Thumb Code   718  main_win.o(.text)
    main_win_create                          0x0802a6f9   Thumb Code    64  main_win.o(.text)
    calendar_win_create                      0x0802a7c3   Thumb Code   278  calendar_win.o(.text)
    chart_win_create                         0x0802a9ff   Thumb Code   468  chart_win.o(.text)
    task_cb                                  0x0802ac51   Thumb Code    90  gauge_win.o(.text)
    gauge_win_create                         0x0802acab   Thumb Code   388  gauge_win.o(.text)
    progress_win_create                      0x0802af19   Thumb Code   262  progress_win.o(.text)
    __use_no_semihosting                     0x0802b055   Thumb Code     2  use_no_semi_2.o(.text)
    __2printf                                0x0802b059   Thumb Code    20  noretval__2printf.o(.text)
    __2sprintf                               0x0802b071   Thumb Code    34  noretval__2sprintf.o(.text)
    _printf_str                              0x0802b099   Thumb Code    82  _printf_str.o(.text)
    _printf_int_dec                          0x0802b0ed   Thumb Code   104  _printf_dec.o(.text)
    _printf_int_hex                          0x0802b165   Thumb Code    84  _printf_hex_int.o(.text)
    _printf_longlong_hex                     0x0802b165   Thumb Code     0  _printf_hex_int.o(.text)
    __printf                                 0x0802b1bd   Thumb Code   308  __printf_flags_wp.o(.text)
    strcpy                                   0x0802b2f5   Thumb Code    72  strcpy.o(.text)
    strlen                                   0x0802b33d   Thumb Code    62  strlen.o(.text)
    __aeabi_memcpy                           0x0802b37b   Thumb Code     0  rt_memcpy_v6.o(.text)
    __rt_memcpy                              0x0802b37b   Thumb Code   138  rt_memcpy_v6.o(.text)
    _memcpy_lastbytes                        0x0802b3e1   Thumb Code     0  rt_memcpy_v6.o(.text)
    __aeabi_memcpy4                          0x0802b405   Thumb Code     0  rt_memcpy_w.o(.text)
    __aeabi_memcpy8                          0x0802b405   Thumb Code     0  rt_memcpy_w.o(.text)
    __rt_memcpy_w                            0x0802b405   Thumb Code   100  rt_memcpy_w.o(.text)
    _memcpy_lastbytes_aligned                0x0802b44d   Thumb Code     0  rt_memcpy_w.o(.text)
    __aeabi_memset                           0x0802b469   Thumb Code    16  aeabi_memset.o(.text)
    __aeabi_memclr                           0x0802b479   Thumb Code     0  rt_memclr.o(.text)
    __rt_memclr                              0x0802b479   Thumb Code    68  rt_memclr.o(.text)
    _memset                                  0x0802b47d   Thumb Code     0  rt_memclr.o(.text)
    __aeabi_memclr4                          0x0802b4bd   Thumb Code     0  rt_memclr_w.o(.text)
    __aeabi_memclr8                          0x0802b4bd   Thumb Code     0  rt_memclr_w.o(.text)
    __rt_memclr_w                            0x0802b4bd   Thumb Code    78  rt_memclr_w.o(.text)
    _memset_w                                0x0802b4c1   Thumb Code     0  rt_memclr_w.o(.text)
    strcmp                                   0x0802b50d   Thumb Code   128  strcmpv7m.o(.text)
    __use_two_region_memory                  0x0802b58d   Thumb Code     2  heapauxi.o(.text)
    __rt_heap_escrow$2region                 0x0802b58f   Thumb Code     2  heapauxi.o(.text)
    __rt_heap_expand$2region                 0x0802b591   Thumb Code     2  heapauxi.o(.text)
    __I$use$semihosting                      0x0802b593   Thumb Code     0  use_no_semi.o(.text)
    __use_no_semihosting_swi                 0x0802b593   Thumb Code     2  use_no_semi.o(.text)
    __read_errno                             0x0802b595   Thumb Code    10  _rserrno.o(.text)
    __set_errno                              0x0802b59f   Thumb Code    12  _rserrno.o(.text)
    _printf_int_common                       0x0802b5ab   Thumb Code   178  _printf_intcommon.o(.text)
    __lib_sel_fp_printf                      0x0802b65d   Thumb Code     2  _printf_fp_dec.o(.text)
    _printf_fp_dec_real                      0x0802b80f   Thumb Code   620  _printf_fp_dec.o(.text)
    _printf_char_common                      0x0802ba87   Thumb Code    32  _printf_char_common.o(.text)
    _sputc                                   0x0802baad   Thumb Code    10  _sputc.o(.text)
    _printf_cs_common                        0x0802bab7   Thumb Code    20  _printf_char.o(.text)
    _printf_char                             0x0802bacb   Thumb Code    16  _printf_char.o(.text)
    _printf_string                           0x0802badb   Thumb Code     8  _printf_char.o(.text)
    _printf_char_file                        0x0802bae5   Thumb Code    32  _printf_char_file.o(.text)
    __rt_locale                              0x0802bb09   Thumb Code     8  rt_locale_intlibspace.o(.text)
    __aeabi_errno_addr                       0x0802bb11   Thumb Code     8  rt_errno_addr_intlibspace.o(.text)
    __errno$intlibspace                      0x0802bb11   Thumb Code     0  rt_errno_addr_intlibspace.o(.text)
    __rt_errno_addr$intlibspace              0x0802bb11   Thumb Code     0  rt_errno_addr_intlibspace.o(.text)
    _ll_udiv10                               0x0802bb19   Thumb Code   138  lludiv10.o(.text)
    _printf_fp_infnan                        0x0802bba5   Thumb Code   112  _printf_fp_infnan.o(.text)
    _btod_etento                             0x0802bc25   Thumb Code   224  bigflt0.o(.text)
    ferror                                   0x0802bd09   Thumb Code     8  ferror.o(.text)
    __user_libspace                          0x0802bd11   Thumb Code     8  libspace.o(.text)
    __user_perproc_libspace                  0x0802bd11   Thumb Code     0  libspace.o(.text)
    __user_perthread_libspace                0x0802bd11   Thumb Code     0  libspace.o(.text)
    __user_setup_stackheap                   0x0802bd19   Thumb Code    74  sys_stackheap_outer.o(.text)
    exit                                     0x0802bd63   Thumb Code    18  exit.o(.text)
    _btod_d2e                                0x0802bd75   Thumb Code    62  btod.o(CL$$btod_d2e)
    _d2e_denorm_low                          0x0802bdb3   Thumb Code    70  btod.o(CL$$btod_d2e_denorm_low)
    _d2e_norm_op1                            0x0802bdf9   Thumb Code    96  btod.o(CL$$btod_d2e_norm_op1)
    __btod_div_common                        0x0802be59   Thumb Code   696  btod.o(CL$$btod_div_common)
    _e2e                                     0x0802c191   Thumb Code   220  btod.o(CL$$btod_e2e)
    _btod_ediv                               0x0802c26d   Thumb Code    42  btod.o(CL$$btod_ediv)
    _btod_emul                               0x0802c297   Thumb Code    42  btod.o(CL$$btod_emul)
    __btod_mult_common                       0x0802c2c1   Thumb Code   580  btod.o(CL$$btod_mult_common)
    __ARM_fpclassify                         0x0802c505   Thumb Code    40  fpclassify.o(i.__ARM_fpclassify)
    __kernel_poly                            0x0802c52d   Thumb Code   170  poly.o(i.__kernel_poly)
    __mathlib_dbl_divzero                    0x0802c5d9   Thumb Code    12  dunder.o(i.__mathlib_dbl_divzero)
    __mathlib_dbl_infnan2                    0x0802c5e9   Thumb Code     4  dunder.o(i.__mathlib_dbl_infnan2)
    __mathlib_dbl_invalid                    0x0802c5ed   Thumb Code    12  dunder.o(i.__mathlib_dbl_invalid)
    __mathlib_dbl_overflow                   0x0802c5f9   Thumb Code    14  dunder.o(i.__mathlib_dbl_overflow)
    __mathlib_dbl_underflow                  0x0802c609   Thumb Code    10  dunder.o(i.__mathlib_dbl_underflow)
    _is_digit                                0x0802c619   Thumb Code    14  __printf_wp.o(i._is_digit)
    pow                                      0x0802c629   Thumb Code  2512  pow.o(i.pow)
    sqrt                                     0x0802d001   Thumb Code    76  sqrt.o(i.sqrt)
    _get_lc_numeric                          0x0802d04d   Thumb Code    44  lc_numeric_c.o(locale$$code)
    __aeabi_d2f                              0x0802d079   Thumb Code     0  d2f.o(x$fpl$d2f)
    _d2f                                     0x0802d079   Thumb Code    98  d2f.o(x$fpl$d2f)
    __aeabi_dadd                             0x0802d0dd   Thumb Code     0  daddsub_clz.o(x$fpl$dadd)
    _dadd                                    0x0802d0dd   Thumb Code   332  daddsub_clz.o(x$fpl$dadd)
    __fpl_dcheck_NaN1                        0x0802d22d   Thumb Code    10  dcheck1.o(x$fpl$dcheck1)
    __fpl_dcmp_Inf                           0x0802d23d   Thumb Code    24  dcmpi.o(x$fpl$dcmpinf)
    __aeabi_ddiv                             0x0802d255   Thumb Code     0  ddiv.o(x$fpl$ddiv)
    _ddiv                                    0x0802d255   Thumb Code   552  ddiv.o(x$fpl$ddiv)
    __aeabi_d2iz                             0x0802d505   Thumb Code     0  dfix.o(x$fpl$dfix)
    _dfix                                    0x0802d505   Thumb Code    94  dfix.o(x$fpl$dfix)
    __aeabi_d2uiz                            0x0802d565   Thumb Code     0  dfixu.o(x$fpl$dfixu)
    _dfixu                                   0x0802d565   Thumb Code    90  dfixu.o(x$fpl$dfixu)
    __aeabi_i2d                              0x0802d5bf   Thumb Code     0  dflt_clz.o(x$fpl$dflt)
    _dflt                                    0x0802d5bf   Thumb Code    46  dflt_clz.o(x$fpl$dflt)
    __aeabi_ui2d                             0x0802d5ed   Thumb Code     0  dflt_clz.o(x$fpl$dfltu)
    _dfltu                                   0x0802d5ed   Thumb Code    38  dflt_clz.o(x$fpl$dfltu)
    __aeabi_cdcmple                          0x0802d615   Thumb Code     0  dleqf.o(x$fpl$dleqf)
    _dcmple                                  0x0802d615   Thumb Code   120  dleqf.o(x$fpl$dleqf)
    __fpl_dcmple_InfNaN                      0x0802d677   Thumb Code     0  dleqf.o(x$fpl$dleqf)
    __aeabi_dmul                             0x0802d68d   Thumb Code     0  dmul.o(x$fpl$dmul)
    _dmul                                    0x0802d68d   Thumb Code   332  dmul.o(x$fpl$dmul)
    __fpl_dnaninf                            0x0802d7e1   Thumb Code   156  dnaninf.o(x$fpl$dnaninf)
    __fpl_dretinf                            0x0802d87d   Thumb Code    12  dretinf.o(x$fpl$dretinf)
    __aeabi_cdrcmple                         0x0802d889   Thumb Code     0  drleqf.o(x$fpl$drleqf)
    _drcmple                                 0x0802d889   Thumb Code   108  drleqf.o(x$fpl$drleqf)
    __aeabi_drsub                            0x0802d8f5   Thumb Code     0  daddsub_clz.o(x$fpl$drsb)
    _drsb                                    0x0802d8f5   Thumb Code    22  daddsub_clz.o(x$fpl$drsb)
    _dsqrt                                   0x0802d90d   Thumb Code   456  dsqrt_noumaal.o(x$fpl$dsqrt)
    __aeabi_dsub                             0x0802dad9   Thumb Code     0  daddsub_clz.o(x$fpl$dsub)
    _dsub                                    0x0802dad9   Thumb Code   464  daddsub_clz.o(x$fpl$dsub)
    __aeabi_f2d                              0x0802dcad   Thumb Code     0  f2d.o(x$fpl$f2d)
    _f2d                                     0x0802dcad   Thumb Code    86  f2d.o(x$fpl$f2d)
    __aeabi_fadd                             0x0802dd05   Thumb Code     0  faddsub_clz.o(x$fpl$fadd)
    _fadd                                    0x0802dd05   Thumb Code   196  faddsub_clz.o(x$fpl$fadd)
    __aeabi_fdiv                             0x0802ddc9   Thumb Code     0  fdiv.o(x$fpl$fdiv)
    _fdiv                                    0x0802ddc9   Thumb Code   384  fdiv.o(x$fpl$fdiv)
    __aeabi_f2iz                             0x0802df4d   Thumb Code     0  ffix.o(x$fpl$ffix)
    _ffix                                    0x0802df4d   Thumb Code    54  ffix.o(x$fpl$ffix)
    __aeabi_f2uiz                            0x0802df85   Thumb Code     0  ffixu.o(x$fpl$ffixu)
    _ffixu                                   0x0802df85   Thumb Code    62  ffixu.o(x$fpl$ffixu)
    __aeabi_i2f                              0x0802dfc5   Thumb Code     0  fflt_clz.o(x$fpl$fflt)
    _fflt                                    0x0802dfc5   Thumb Code    48  fflt_clz.o(x$fpl$fflt)
    __aeabi_ui2f                             0x0802dff5   Thumb Code     0  fflt_clz.o(x$fpl$ffltu)
    _ffltu                                   0x0802dff5   Thumb Code    38  fflt_clz.o(x$fpl$ffltu)
    __aeabi_fmul                             0x0802e01d   Thumb Code     0  fmul.o(x$fpl$fmul)
    _fmul                                    0x0802e01d   Thumb Code   258  fmul.o(x$fpl$fmul)
    __fpl_fnaninf                            0x0802e11f   Thumb Code   140  fnaninf.o(x$fpl$fnaninf)
    __fpl_fretinf                            0x0802e1ab   Thumb Code    10  fretinf.o(x$fpl$fretinf)
    __aeabi_fsub                             0x0802e1b5   Thumb Code     0  faddsub_clz.o(x$fpl$fsub)
    _fsub                                    0x0802e1b5   Thumb Code   234  faddsub_clz.o(x$fpl$fsub)
    _printf_fp_dec                           0x0802e29f   Thumb Code     4  printf1.o(x$fpl$printf1)
    __fpl_return_NaN                         0x0802e2a3   Thumb Code   100  retnan.o(x$fpl$retnan)
    __ARM_scalbn                             0x0802e307   Thumb Code    92  scalbn.o(x$fpl$scalbn)
    __fpl_cmpreturn                          0x0802e363   Thumb Code    48  trapv.o(x$fpl$trapveneer)
    __I$use$fp                               0x0802e392   Number         0  usenofp.o(x$fpl$usenofp)
    asc2_1206                                0x0802e392   Data        1140  lcd.o(.constdata)
    asc2_1608                                0x0802e806   Data        1520  lcd.o(.constdata)
    asc2_2412                                0x0802edf6   Data        3420  lcd.o(.constdata)
    TP_REMIND_MSG_TBL                        0x0802fb54   Data           4  touch.o(.constdata)
    FT5206_TPX_TBL                           0x0802fb58   Data          10  ft5206.o(.constdata)
    GT9XXX_TPX_TBL                           0x0802fb62   Data          20  gt9xxx.o(.constdata)
    weixin_img_map                           0x08032b7c   Data        5616  weixin_img.o(.constdata)
    weixin_img                               0x0803416c   Data          12  weixin_img.o(.constdata)
    SPLIT_LINE_POINTS                        0x08034178   Data           8  main_win.o(.constdata)
    BTNM_MAP                                 0x08034180   Data          24  main_win.o(.constdata)
    BTNM_TITLE                               0x08034198   Data          16  main_win.o(.constdata)
    MBOX_MAP                                 0x080341a8   Data          12  main_win.o(.constdata)
    TABLE_CELL_VALUE                         0x080341b4   Data          36  main_win.o(.constdata)
    logo_img_map                             0x080341d8   Data       12288  logo_img.o(.constdata)
    logo_img                                 0x080371d8   Data          12  logo_img.o(.constdata)
    date_img_map                             0x080371e4   Data        6912  date_img.o(.constdata)
    date_img                                 0x08038ce4   Data          12  date_img.o(.constdata)
    chart_img_map                            0x08038cf0   Data        6912  chart_img.o(.constdata)
    chart_img                                0x0803a7f0   Data          12  chart_img.o(.constdata)
    gauge_img_map                            0x0803a7fc   Data        6912  gauge_img.o(.constdata)
    gauge_img                                0x0803c2fc   Data          12  gauge_img.o(.constdata)
    progress_img_map                         0x0803c308   Data        6912  progress_img.o(.constdata)
    progress_img                             0x0803de08   Data          12  progress_img.o(.constdata)
    day_names                                0x0803e4ec   Data          28  calendar_win.o(.constdata)
    month_names                              0x0803e508   Data          48  calendar_win.o(.constdata)
    highlihted_days                          0x0803e538   Data           8  calendar_win.o(.constdata)
    __mathlib_zero                           0x0803e610   Data           8  qnan.o(.constdata)
    Region$$Table$$Base                      0x0803ea60   Number         0  anon$$obj.o(Region$$Table)
    Region$$Table$$Limit                     0x0803ea80   Number         0  anon$$obj.o(Region$$Table)
    arrValue                                 0x20000000   Data           2  main.o(.data)
    pscValue                                 0x20000002   Data           2  main.o(.data)
    Pulse                                    0x20000004   Data           2  main.o(.data)
    SystemCoreClock                          0x20000008   Data           4  system_stm32f10x.o(.data)
    AHBPrescTable                            0x2000000c   Data          16  system_stm32f10x.o(.data)
    POINT_COLOR                              0x2000001e   Data           2  lcd.o(.data)
    BACK_COLOR                               0x20000020   Data           2  lcd.o(.data)
    tp_dev                                   0x20000024   Data          72  touch.o(.data)
    g_gt_tnum                                0x2000006d   Data           1  gt9xxx.o(.data)
    NumHighFreq                              0x20000070   Data           4  timer.o(.data)
    rounds                                   0x20000074   Data           4  timer.o(.data)
    TMethodSpeed                             0x20000078   Data           4  timer.o(.data)
    __stdout                                 0x20000084   Data           4  usart.o(.data)
    USART_RX_STA                             0x20000088   Data           2  usart.o(.data)
    lv_font_roboto_16                        0x20000100   Data          16  lv_font_roboto_16.o(.data)
    _lv_img_cache_array                      0x20000124   Data           4  lv_gc.o(.data)
    _lv_task_act                             0x20000128   Data           4  lv_gc.o(.data)
    _lv_draw_buf                             0x2000012c   Data           4  lv_gc.o(.data)
    lv_txt_encoded_size                      0x2000014c   Data           4  lv_txt.o(.data)
    lv_txt_unicode_to_encoded                0x20000150   Data           4  lv_txt.o(.data)
    lv_txt_encoded_conv_wc                   0x20000154   Data           4  lv_txt.o(.data)
    lv_txt_encoded_next                      0x20000158   Data           4  lv_txt.o(.data)
    lv_txt_encoded_prev                      0x2000015c   Data           4  lv_txt.o(.data)
    lv_txt_encoded_get_byte_id               0x20000160   Data           4  lv_txt.o(.data)
    lv_encoded_get_char_id                   0x20000164   Data           4  lv_txt.o(.data)
    lv_txt_get_encoded_length                0x20000168   Data           4  lv_txt.o(.data)
    main_win                                 0x20000528   Data           4  main_win.o(.data)
    my_font                                  0x20000564   Data          16  my_font.o(.data)
    series1_y                                0x2000057c   Data          20  chart_win.o(.data)
    needle_colors                            0x200005b2   Data           4  gauge_win.o(.data)
    progress_val                             0x200005d0   Data           1  progress_win.o(.data)
    lcddev                                   0x200005d4   Data          14  lcd.o(.bss)
    USART_RX_BUF                             0x200005e2   Data         200  usart.o(.bss)
    lv_style_scr                             0x200006ac   Data          60  lv_style.o(.bss)
    lv_style_transp                          0x200006e8   Data          60  lv_style.o(.bss)
    lv_style_transp_fit                      0x20000724   Data          60  lv_style.o(.bss)
    lv_style_transp_tight                    0x20000760   Data          60  lv_style.o(.bss)
    lv_style_plain                           0x2000079c   Data          60  lv_style.o(.bss)
    lv_style_plain_color                     0x200007d8   Data          60  lv_style.o(.bss)
    lv_style_pretty                          0x20000814   Data          60  lv_style.o(.bss)
    lv_style_pretty_color                    0x20000850   Data          60  lv_style.o(.bss)
    lv_style_btn_rel                         0x2000088c   Data          60  lv_style.o(.bss)
    lv_style_btn_pr                          0x200008c8   Data          60  lv_style.o(.bss)
    lv_style_btn_tgl_rel                     0x20000904   Data          60  lv_style.o(.bss)
    lv_style_btn_tgl_pr                      0x20000940   Data          60  lv_style.o(.bss)
    lv_style_btn_ina                         0x2000097c   Data          60  lv_style.o(.bss)
    _lv_task_ll                              0x200009b8   Data          12  lv_gc.o(.bss)
    _lv_disp_ll                              0x200009c4   Data          12  lv_gc.o(.bss)
    _lv_indev_ll                             0x200009d0   Data          12  lv_gc.o(.bss)
    _lv_drv_ll                               0x200009dc   Data          12  lv_gc.o(.bss)
    _lv_file_ll                              0x200009e8   Data          12  lv_gc.o(.bss)
    _lv_anim_ll                              0x200009f4   Data          12  lv_gc.o(.bss)
    _lv_group_ll                             0x20000a00   Data          12  lv_gc.o(.bss)
    _lv_img_defoder_ll                       0x20000a0c   Data          12  lv_gc.o(.bss)
    __libspace_start                         0x20005814   Data          96  libspace.o(.bss)
    __temporary_stack_top$libspace           0x20005874   Data           0  libspace.o(.bss)



==============================================================================

Memory Map of the image

  Image Entry point : 0x08000131

  Load Region LR_IROM1 (Base: 0x08000000, Size: 0x0003f070, Max: 0x00080000, ABSOLUTE, COMPRESSED[0x0003ed0c])

    Execution Region ER_IROM1 (Exec base: 0x08000000, Load base: 0x08000000, Size: 0x0003ea9c, Max: 0x00080000, ABSOLUTE)

    Exec Addr    Load Addr    Size         Type   Attr      Idx    E Section Name        Object

    0x08000000   0x08000000   0x00000130   Data   RO           44    RESET               startup_stm32f10x_hd.o
    0x08000130   0x08000130   0x00000008   Code   RO          268  * !!!main             c_w.l(__main.o)
    0x08000138   0x08000138   0x00000034   Code   RO          492    !!!scatter          c_w.l(__scatter.o)
    0x0800016c   0x0800016c   0x0000005a   Code   RO          491    !!dczerorl2         c_w.l(__dczerorl2.o)
    0x080001c6   0x080001c6   0x00000002   PAD
    0x080001c8   0x080001c8   0x0000001c   Code   RO          493    !!handler_zi        c_w.l(__scatter_zi.o)
    0x080001e4   0x080001e4   0x00000000   Code   RO          258    .ARM.Collect$$_printf_percent$$00000000  c_w.l(_printf_percent.o)
    0x080001e4   0x080001e4   0x00000006   Code   RO          257    .ARM.Collect$$_printf_percent$$00000003  c_w.l(_printf_f.o)
    0x080001ea   0x080001ea   0x00000006   Code   RO          256    .ARM.Collect$$_printf_percent$$00000009  c_w.l(_printf_d.o)
    0x080001f0   0x080001f0   0x00000006   Code   RO          255    .ARM.Collect$$_printf_percent$$0000000C  c_w.l(_printf_x.o)
    0x080001f6   0x080001f6   0x00000006   Code   RO          254    .ARM.Collect$$_printf_percent$$00000014  c_w.l(_printf_s.o)
    0x080001fc   0x080001fc   0x00000004   Code   RO          312    .ARM.Collect$$_printf_percent$$00000017  c_w.l(_printf_percent_end.o)
    0x08000200   0x08000200   0x00000002   Code   RO          388    .ARM.Collect$$libinit$$00000000  c_w.l(libinit.o)
    0x08000202   0x08000202   0x00000000   Code   RO          390    .ARM.Collect$$libinit$$00000002  c_w.l(libinit2.o)
    0x08000202   0x08000202   0x00000000   Code   RO          392    .ARM.Collect$$libinit$$00000004  c_w.l(libinit2.o)
    0x08000202   0x08000202   0x00000000   Code   RO          395    .ARM.Collect$$libinit$$0000000A  c_w.l(libinit2.o)
    0x08000202   0x08000202   0x00000000   Code   RO          397    .ARM.Collect$$libinit$$0000000C  c_w.l(libinit2.o)
    0x08000202   0x08000202   0x00000000   Code   RO          399    .ARM.Collect$$libinit$$0000000E  c_w.l(libinit2.o)
    0x08000202   0x08000202   0x00000006   Code   RO          400    .ARM.Collect$$libinit$$0000000F  c_w.l(libinit2.o)
    0x08000208   0x08000208   0x00000000   Code   RO          402    .ARM.Collect$$libinit$$00000011  c_w.l(libinit2.o)
    0x08000208   0x08000208   0x00000000   Code   RO          404    .ARM.Collect$$libinit$$00000013  c_w.l(libinit2.o)
    0x08000208   0x08000208   0x00000000   Code   RO          406    .ARM.Collect$$libinit$$00000015  c_w.l(libinit2.o)
    0x08000208   0x08000208   0x0000000a   Code   RO          407    .ARM.Collect$$libinit$$00000016  c_w.l(libinit2.o)
    0x08000212   0x08000212   0x00000000   Code   RO          408    .ARM.Collect$$libinit$$00000017  c_w.l(libinit2.o)
    0x08000212   0x08000212   0x00000000   Code   RO          410    .ARM.Collect$$libinit$$00000019  c_w.l(libinit2.o)
    0x08000212   0x08000212   0x00000000   Code   RO          412    .ARM.Collect$$libinit$$0000001B  c_w.l(libinit2.o)
    0x08000212   0x08000212   0x00000000   Code   RO          414    .ARM.Collect$$libinit$$0000001D  c_w.l(libinit2.o)
    0x08000212   0x08000212   0x00000000   Code   RO          416    .ARM.Collect$$libinit$$0000001F  c_w.l(libinit2.o)
    0x08000212   0x08000212   0x00000000   Code   RO          418    .ARM.Collect$$libinit$$00000021  c_w.l(libinit2.o)
    0x08000212   0x08000212   0x00000000   Code   RO          420    .ARM.Collect$$libinit$$00000023  c_w.l(libinit2.o)
    0x08000212   0x08000212   0x00000000   Code   RO          422    .ARM.Collect$$libinit$$00000025  c_w.l(libinit2.o)
    0x08000212   0x08000212   0x00000000   Code   RO          426    .ARM.Collect$$libinit$$0000002C  c_w.l(libinit2.o)
    0x08000212   0x08000212   0x00000000   Code   RO          428    .ARM.Collect$$libinit$$0000002E  c_w.l(libinit2.o)
    0x08000212   0x08000212   0x00000000   Code   RO          430    .ARM.Collect$$libinit$$00000030  c_w.l(libinit2.o)
    0x08000212   0x08000212   0x00000000   Code   RO          432    .ARM.Collect$$libinit$$00000032  c_w.l(libinit2.o)
    0x08000212   0x08000212   0x00000002   Code   RO          433    .ARM.Collect$$libinit$$00000033  c_w.l(libinit2.o)
    0x08000214   0x08000214   0x00000002   Code   RO          454    .ARM.Collect$$libshutdown$$00000000  c_w.l(libshutdown.o)
    0x08000216   0x08000216   0x00000000   Code   RO          460    .ARM.Collect$$libshutdown$$00000002  c_w.l(libshutdown2.o)
    0x08000216   0x08000216   0x00000000   Code   RO          462    .ARM.Collect$$libshutdown$$00000004  c_w.l(libshutdown2.o)
    0x08000216   0x08000216   0x00000000   Code   RO          464    .ARM.Collect$$libshutdown$$00000006  c_w.l(libshutdown2.o)
    0x08000216   0x08000216   0x00000000   Code   RO          467    .ARM.Collect$$libshutdown$$00000009  c_w.l(libshutdown2.o)
    0x08000216   0x08000216   0x00000000   Code   RO          470    .ARM.Collect$$libshutdown$$0000000C  c_w.l(libshutdown2.o)
    0x08000216   0x08000216   0x00000000   Code   RO          472    .ARM.Collect$$libshutdown$$0000000E  c_w.l(libshutdown2.o)
    0x08000216   0x08000216   0x00000000   Code   RO          475    .ARM.Collect$$libshutdown$$00000011  c_w.l(libshutdown2.o)
    0x08000216   0x08000216   0x00000002   Code   RO          476    .ARM.Collect$$libshutdown$$00000012  c_w.l(libshutdown2.o)
    0x08000218   0x08000218   0x00000000   Code   RO          304    .ARM.Collect$$rtentry$$00000000  c_w.l(__rtentry.o)
    0x08000218   0x08000218   0x00000000   Code   RO          338    .ARM.Collect$$rtentry$$00000002  c_w.l(__rtentry2.o)
    0x08000218   0x08000218   0x00000006   Code   RO          350    .ARM.Collect$$rtentry$$00000004  c_w.l(__rtentry4.o)
    0x0800021e   0x0800021e   0x00000000   Code   RO          340    .ARM.Collect$$rtentry$$00000009  c_w.l(__rtentry2.o)
    0x0800021e   0x0800021e   0x00000004   Code   RO          341    .ARM.Collect$$rtentry$$0000000A  c_w.l(__rtentry2.o)
    0x08000222   0x08000222   0x00000000   Code   RO          343    .ARM.Collect$$rtentry$$0000000C  c_w.l(__rtentry2.o)
    0x08000222   0x08000222   0x00000008   Code   RO          344    .ARM.Collect$$rtentry$$0000000D  c_w.l(__rtentry2.o)
    0x0800022a   0x0800022a   0x00000002   Code   RO          435    .ARM.Collect$$rtexit$$00000000  c_w.l(rtexit.o)
    0x0800022c   0x0800022c   0x00000000   Code   RO          441    .ARM.Collect$$rtexit$$00000002  c_w.l(rtexit2.o)
    0x0800022c   0x0800022c   0x00000004   Code   RO          442    .ARM.Collect$$rtexit$$00000003  c_w.l(rtexit2.o)
    0x08000230   0x08000230   0x00000006   Code   RO          443    .ARM.Collect$$rtexit$$00000004  c_w.l(rtexit2.o)
    0x08000236   0x08000236   0x00000002   PAD
    0x08000238   0x08000238   0x0000012c   Code   RO            1    .text               main.o
    0x08000364   0x08000364   0x0000001a   Code   RO            3    .text               stm32f10x_it.o
    0x0800037e   0x0800037e   0x00000002   PAD
    0x08000380   0x08000380   0x000001e0   Code   RO            4    .text               system_stm32f10x.o
    0x08000560   0x08000560   0x0000004c   Code   RO            6    .text               led.o
    0x080005ac   0x080005ac   0x000000fc   Code   RO            7    .text               key.o
    0x080006a8   0x080006a8   0x0000344c   Code   RO            9    .text               lcd.o
    0x08003af4   0x08003af4   0x0000026c   Code   RO           13    .text               myiic.o
    0x08003d60   0x08003d60   0x0000017a   Code   RO           14    .text               24cxx.o
    0x08003eda   0x08003eda   0x00000002   PAD
    0x08003edc   0x08003edc   0x00000b68   Code   RO           19    .text               touch.o
    0x08004a44   0x08004a44   0x00000284   Code   RO           23    .text               ctiic.o
    0x08004cc8   0x08004cc8   0x00000358   Code   RO           24    .text               ft5206.o
    0x08005020   0x08005020   0x00000540   Code   RO           27    .text               gt9xxx.o
    0x08005560   0x08005560   0x000004f0   Code   RO           30    .text               timer.o
    0x08005a50   0x08005a50   0x00000118   Code   RO           32    .text               sram.o
    0x08005b68   0x08005b68   0x00000038   Code   RO           33    .text               beep.o
    0x08005ba0   0x08005ba0   0x000000d4   Code   RO           34    .text               delay.o
    0x08005c74   0x08005c74   0x00000140   Code   RO           38    .text               usart.o
    0x08005db4   0x08005db4   0x00000040   Code   RO           45    .text               startup_stm32f10x_hd.o
    0x08005df4   0x08005df4   0x000000dc   Code   RO           46    .text               misc.o
    0x08005ed0   0x08005ed0   0x0000060c   Code   RO           47    .text               stm32f10x_fsmc.o
    0x080064dc   0x080064dc   0x0000035c   Code   RO           48    .text               stm32f10x_gpio.o
    0x08006838   0x08006838   0x000003a4   Code   RO           49    .text               stm32f10x_rcc.o
    0x08006bdc   0x08006bdc   0x00000408   Code   RO           52    .text               stm32f10x_usart.o
    0x08006fe4   0x08006fe4   0x00000e1a   Code   RO           53    .text               stm32f10x_tim.o
    0x08007dfe   0x08007dfe   0x00000112   Code   RO           54    .text               lv_disp.o
    0x08007f10   0x08007f10   0x00000880   Code   RO           55    .text               lv_group.o
    0x08008790   0x08008790   0x0000142c   Code   RO           57    .text               lv_indev.o
    0x08009bbc   0x08009bbc   0x00001864   Code   RO           59    .text               lv_obj.o
    0x0800b420   0x0800b420   0x000007f0   Code   RO           61    .text               lv_refr.o
    0x0800bc10   0x0800bc10   0x00000a94   Code   RO           63    .text               lv_style.o
    0x0800c6a4   0x0800c6a4   0x00000164   Code   RO           66    .text               lv_draw.o
    0x0800c808   0x0800c808   0x00000524   Code   RO           69    .text               lv_draw_arc.o
    0x0800cd2c   0x0800cd2c   0x000009fe   Code   RO           70    .text               lv_draw_basic.o
    0x0800d72a   0x0800d72a   0x00000002   PAD
    0x0800d72c   0x0800d72c   0x00000954   Code   RO           71    .text               lv_draw_img.o
    0x0800e080   0x0800e080   0x00000544   Code   RO           72    .text               lv_draw_label.o
    0x0800e5c4   0x0800e5c4   0x00001484   Code   RO           73    .text               lv_draw_line.o
    0x0800fa48   0x0800fa48   0x00002d2a   Code   RO           74    .text               lv_draw_rect.o
    0x08012772   0x08012772   0x00000a42   Code   RO           76    .text               lv_draw_triangle.o
    0x080131b4   0x080131b4   0x00000208   Code   RO           77    .text               lv_img_cache.o
    0x080133bc   0x080133bc   0x00000760   Code   RO           79    .text               lv_img_decoder.o
    0x08013b1c   0x08013b1c   0x00000054   Code   RO           80    .text               lv_font.o
    0x08013b70   0x08013b70   0x00000374   Code   RO           81    .text               lv_font_fmt_txt.o
    0x08013ee4   0x08013ee4   0x000002e0   Code   RO           84    .text               lv_hal_disp.o
    0x080141c4   0x080141c4   0x000000f8   Code   RO           87    .text               lv_hal_indev.o
    0x080142bc   0x080142bc   0x0000004c   Code   RO           88    .text               lv_hal_tick.o
    0x08014308   0x08014308   0x0000051a   Code   RO           90    .text               lv_anim.o
    0x08014822   0x08014822   0x00000216   Code   RO           92    .text               lv_area.o
    0x08014a38   0x08014a38   0x0000005c   Code   RO           93    .text               lv_async.o
    0x08014a94   0x08014a94   0x00000062   Code   RO           94    .text               lv_circ.o
    0x08014af6   0x08014af6   0x000001ec   Code   RO           95    .text               lv_color.o
    0x08014ce2   0x08014ce2   0x0000037a   Code   RO           98    .text               lv_ll.o
    0x0801505c   0x0801505c   0x000000cc   Code   RO           99    .text               lv_math.o
    0x08015128   0x08015128   0x00000300   Code   RO          101    .text               lv_mem.o
    0x08015428   0x08015428   0x00000364   Code   RO          104    .text               lv_task.o
    0x0801578c   0x0801578c   0x00000684   Code   RO          106    .text               lv_txt.o
    0x08015e10   0x08015e10   0x000000d4   Code   RO          108    .text               lv_utils.o
    0x08015ee4   0x08015ee4   0x00000364   Code   RO          109    .text               lv_arc.o
    0x08016248   0x08016248   0x00000728   Code   RO          111    .text               lv_bar.o
    0x08016970   0x08016970   0x00000548   Code   RO          113    .text               lv_btn.o
    0x08016eb8   0x08016eb8   0x00001144   Code   RO          115    .text               lv_btnm.o
    0x08017ffc   0x08017ffc   0x00000f4c   Code   RO          118    .text               lv_calendar.o
    0x08018f48   0x08018f48   0x000004a0   Code   RO          124    .text               lv_cb.o
    0x080193e8   0x080193e8   0x00001754   Code   RO          126    .text               lv_chart.o
    0x0801ab3c   0x0801ab3c   0x00000c6c   Code   RO          128    .text               lv_cont.o
    0x0801b7a8   0x0801b7a8   0x00000f7a   Code   RO          130    .text               lv_ddlist.o
    0x0801c722   0x0801c722   0x00000002   PAD
    0x0801c724   0x0801c724   0x000007c8   Code   RO          132    .text               lv_gauge.o
    0x0801ceec   0x0801ceec   0x00000548   Code   RO          135    .text               lv_img.o
    0x0801d434   0x0801d434   0x00000646   Code   RO          139    .text               lv_kb.o
    0x0801da7a   0x0801da7a   0x00000002   PAD
    0x0801da7c   0x0801da7c   0x000013ac   Code   RO          143    .text               lv_label.o
    0x0801ee28   0x0801ee28   0x00000498   Code   RO          147    .text               lv_line.o
    0x0801f2c0   0x0801f2c0   0x00000e28   Code   RO          149    .text               lv_list.o
    0x080200e8   0x080200e8   0x00000518   Code   RO          151    .text               lv_lmeter.o
    0x08020600   0x08020600   0x000006b4   Code   RO          153    .text               lv_mbox.o
    0x08020cb4   0x08020cb4   0x00001928   Code   RO          155    .text               lv_page.o
    0x080225dc   0x080225dc   0x00000508   Code   RO          157    .text               lv_preload.o
    0x08022ae4   0x08022ae4   0x00000c0c   Code   RO          159    .text               lv_roller.o
    0x080236f0   0x080236f0   0x00000ad2   Code   RO          161    .text               lv_slider.o
    0x080241c2   0x080241c2   0x00000002   PAD
    0x080241c4   0x080241c4   0x0000050e   Code   RO          165    .text               lv_sw.o
    0x080246d2   0x080246d2   0x00000002   PAD
    0x080246d4   0x080246d4   0x00001e30   Code   RO          167    .text               lv_ta.o
    0x08026504   0x08026504   0x00000d5a   Code   RO          169    .text               lv_table.o
    0x0802725e   0x0802725e   0x00000002   PAD
    0x08027260   0x08027260   0x00001650   Code   RO          171    .text               lv_tabview.o
    0x080288b0   0x080288b0   0x00000034   Code   RO          178    .text               lv_theme.o
    0x080288e4   0x080288e4   0x000012d4   Code   RO          180    .text               lv_theme_night.o
    0x08029bb8   0x08029bb8   0x00000078   Code   RO          184    .text               lv_port_disp.o
    0x08029c30   0x08029c30   0x00000078   Code   RO          187    .text               lv_port_indev.o
    0x08029ca8   0x08029ca8   0x000001b4   Code   RO          189    .text               gui_app.o
    0x08029e5c   0x08029e5c   0x00000348   Code   RO          190    .text               login_win.o
    0x0802a1a4   0x0802a1a4   0x000005d8   Code   RO          193    .text               main_win.o
    0x0802a77c   0x0802a77c   0x000001ac   Code   RO          205    .text               calendar_win.o
    0x0802a928   0x0802a928   0x00000308   Code   RO          209    .text               chart_win.o
    0x0802ac30   0x0802ac30   0x00000254   Code   RO          212    .text               gauge_win.o
    0x0802ae84   0x0802ae84   0x000001d0   Code   RO          215    .text               progress_win.o
    0x0802b054   0x0802b054   0x00000002   Code   RO          219    .text               c_w.l(use_no_semi_2.o)
    0x0802b056   0x0802b056   0x00000002   PAD
    0x0802b058   0x0802b058   0x00000018   Code   RO          222    .text               c_w.l(noretval__2printf.o)
    0x0802b070   0x0802b070   0x00000028   Code   RO          223    .text               c_w.l(noretval__2sprintf.o)
    0x0802b098   0x0802b098   0x00000052   Code   RO          225    .text               c_w.l(_printf_str.o)
    0x0802b0ea   0x0802b0ea   0x00000002   PAD
    0x0802b0ec   0x0802b0ec   0x00000078   Code   RO          226    .text               c_w.l(_printf_dec.o)
    0x0802b164   0x0802b164   0x00000058   Code   RO          229    .text               c_w.l(_printf_hex_int.o)
    0x0802b1bc   0x0802b1bc   0x00000138   Code   RO          249    .text               c_w.l(__printf_flags_wp.o)
    0x0802b2f4   0x0802b2f4   0x00000048   Code   RO          259    .text               c_w.l(strcpy.o)
    0x0802b33c   0x0802b33c   0x0000003e   Code   RO          260    .text               c_w.l(strlen.o)
    0x0802b37a   0x0802b37a   0x0000008a   Code   RO          261    .text               c_w.l(rt_memcpy_v6.o)
    0x0802b404   0x0802b404   0x00000064   Code   RO          262    .text               c_w.l(rt_memcpy_w.o)
    0x0802b468   0x0802b468   0x00000010   Code   RO          263    .text               c_w.l(aeabi_memset.o)
    0x0802b478   0x0802b478   0x00000044   Code   RO          264    .text               c_w.l(rt_memclr.o)
    0x0802b4bc   0x0802b4bc   0x0000004e   Code   RO          265    .text               c_w.l(rt_memclr_w.o)
    0x0802b50a   0x0802b50a   0x00000002   PAD
    0x0802b50c   0x0802b50c   0x00000080   Code   RO          266    .text               c_w.l(strcmpv7m.o)
    0x0802b58c   0x0802b58c   0x00000006   Code   RO          267    .text               c_w.l(heapauxi.o)
    0x0802b592   0x0802b592   0x00000002   Code   RO          303    .text               c_w.l(use_no_semi.o)
    0x0802b594   0x0802b594   0x00000016   Code   RO          305    .text               c_w.l(_rserrno.o)
    0x0802b5aa   0x0802b5aa   0x000000b2   Code   RO          306    .text               c_w.l(_printf_intcommon.o)
    0x0802b65c   0x0802b65c   0x0000041e   Code   RO          307    .text               c_w.l(_printf_fp_dec.o)
    0x0802ba7a   0x0802ba7a   0x00000002   PAD
    0x0802ba7c   0x0802ba7c   0x00000030   Code   RO          308    .text               c_w.l(_printf_char_common.o)
    0x0802baac   0x0802baac   0x0000000a   Code   RO          309    .text               c_w.l(_sputc.o)
    0x0802bab6   0x0802bab6   0x0000002c   Code   RO          310    .text               c_w.l(_printf_char.o)
    0x0802bae2   0x0802bae2   0x00000002   PAD
    0x0802bae4   0x0802bae4   0x00000024   Code   RO          311    .text               c_w.l(_printf_char_file.o)
    0x0802bb08   0x0802bb08   0x00000008   Code   RO          354    .text               c_w.l(rt_locale_intlibspace.o)
    0x0802bb10   0x0802bb10   0x00000008   Code   RO          357    .text               c_w.l(rt_errno_addr_intlibspace.o)
    0x0802bb18   0x0802bb18   0x0000008a   Code   RO          358    .text               c_w.l(lludiv10.o)
    0x0802bba2   0x0802bba2   0x00000002   PAD
    0x0802bba4   0x0802bba4   0x00000080   Code   RO          359    .text               c_w.l(_printf_fp_infnan.o)
    0x0802bc24   0x0802bc24   0x000000e4   Code   RO          361    .text               c_w.l(bigflt0.o)
    0x0802bd08   0x0802bd08   0x00000008   Code   RO          374    .text               c_w.l(ferror.o)
    0x0802bd10   0x0802bd10   0x00000008   Code   RO          381    .text               c_w.l(libspace.o)
    0x0802bd18   0x0802bd18   0x0000004a   Code   RO          383    .text               c_w.l(sys_stackheap_outer.o)
    0x0802bd62   0x0802bd62   0x00000012   Code   RO          384    .text               c_w.l(exit.o)
    0x0802bd74   0x0802bd74   0x0000003e   Code   RO          363    CL$$btod_d2e        c_w.l(btod.o)
    0x0802bdb2   0x0802bdb2   0x00000046   Code   RO          365    CL$$btod_d2e_denorm_low  c_w.l(btod.o)
    0x0802bdf8   0x0802bdf8   0x00000060   Code   RO          364    CL$$btod_d2e_norm_op1  c_w.l(btod.o)
    0x0802be58   0x0802be58   0x00000338   Code   RO          373    CL$$btod_div_common  c_w.l(btod.o)
    0x0802c190   0x0802c190   0x000000dc   Code   RO          370    CL$$btod_e2e        c_w.l(btod.o)
    0x0802c26c   0x0802c26c   0x0000002a   Code   RO          367    CL$$btod_ediv       c_w.l(btod.o)
    0x0802c296   0x0802c296   0x0000002a   Code   RO          366    CL$$btod_emul       c_w.l(btod.o)
    0x0802c2c0   0x0802c2c0   0x00000244   Code   RO          372    CL$$btod_mult_common  c_w.l(btod.o)
    0x0802c504   0x0802c504   0x00000028   Code   RO          330    i.__ARM_fpclassify  m_ws.l(fpclassify.o)
    0x0802c52c   0x0802c52c   0x000000aa   Code   RO          331    i.__kernel_poly     m_ws.l(poly.o)
    0x0802c5d6   0x0802c5d6   0x00000002   PAD
    0x0802c5d8   0x0802c5d8   0x00000010   Code   RO          323    i.__mathlib_dbl_divzero  m_ws.l(dunder.o)
    0x0802c5e8   0x0802c5e8   0x00000004   Code   RO          325    i.__mathlib_dbl_infnan2  m_ws.l(dunder.o)
    0x0802c5ec   0x0802c5ec   0x0000000c   Code   RO          326    i.__mathlib_dbl_invalid  m_ws.l(dunder.o)
    0x0802c5f8   0x0802c5f8   0x0000000e   Code   RO          327    i.__mathlib_dbl_overflow  m_ws.l(dunder.o)
    0x0802c606   0x0802c606   0x00000002   PAD
    0x0802c608   0x0802c608   0x00000010   Code   RO          329    i.__mathlib_dbl_underflow  m_ws.l(dunder.o)
    0x0802c618   0x0802c618   0x0000000e   Code   RO          248    i._is_digit         c_w.l(__printf_wp.o)
    0x0802c626   0x0802c626   0x00000002   PAD
    0x0802c628   0x0802c628   0x000009d8   Code   RO          298    i.pow               m_ws.l(pow.o)
    0x0802d000   0x0802d000   0x0000004c   Code   RO          334    i.sqrt              m_ws.l(sqrt.o)
    0x0802d04c   0x0802d04c   0x0000002c   Code   RO          377    locale$$code        c_w.l(lc_numeric_c.o)
    0x0802d078   0x0802d078   0x00000062   Code   RO          269    x$fpl$d2f           fz_ws.l(d2f.o)
    0x0802d0da   0x0802d0da   0x00000002   PAD
    0x0802d0dc   0x0802d0dc   0x00000150   Code   RO          313    x$fpl$dadd          fz_ws.l(daddsub_clz.o)
    0x0802d22c   0x0802d22c   0x00000010   Code   RO          378    x$fpl$dcheck1       fz_ws.l(dcheck1.o)
    0x0802d23c   0x0802d23c   0x00000018   Code   RO          316    x$fpl$dcmpinf       fz_ws.l(dcmpi.o)
    0x0802d254   0x0802d254   0x000002b0   Code   RO          271    x$fpl$ddiv          fz_ws.l(ddiv.o)
    0x0802d504   0x0802d504   0x0000005e   Code   RO          272    x$fpl$dfix          fz_ws.l(dfix.o)
    0x0802d562   0x0802d562   0x00000002   PAD
    0x0802d564   0x0802d564   0x0000005a   Code   RO          274    x$fpl$dfixu         fz_ws.l(dfixu.o)
    0x0802d5be   0x0802d5be   0x0000002e   Code   RO          277    x$fpl$dflt          fz_ws.l(dflt_clz.o)
    0x0802d5ec   0x0802d5ec   0x00000026   Code   RO          276    x$fpl$dfltu         fz_ws.l(dflt_clz.o)
    0x0802d612   0x0802d612   0x00000002   PAD
    0x0802d614   0x0802d614   0x00000078   Code   RO          279    x$fpl$dleqf         fz_ws.l(dleqf.o)
    0x0802d68c   0x0802d68c   0x00000154   Code   RO          280    x$fpl$dmul          fz_ws.l(dmul.o)
    0x0802d7e0   0x0802d7e0   0x0000009c   Code   RO          317    x$fpl$dnaninf       fz_ws.l(dnaninf.o)
    0x0802d87c   0x0802d87c   0x0000000c   Code   RO          318    x$fpl$dretinf       fz_ws.l(dretinf.o)
    0x0802d888   0x0802d888   0x0000006c   Code   RO          281    x$fpl$drleqf        fz_ws.l(drleqf.o)
    0x0802d8f4   0x0802d8f4   0x00000016   Code   RO          314    x$fpl$drsb          fz_ws.l(daddsub_clz.o)
    0x0802d90a   0x0802d90a   0x00000002   PAD
    0x0802d90c   0x0802d90c   0x000001cc   Code   RO          379    x$fpl$dsqrt         fz_ws.l(dsqrt_noumaal.o)
    0x0802dad8   0x0802dad8   0x000001d4   Code   RO          315    x$fpl$dsub          fz_ws.l(daddsub_clz.o)
    0x0802dcac   0x0802dcac   0x00000056   Code   RO          282    x$fpl$f2d           fz_ws.l(f2d.o)
    0x0802dd02   0x0802dd02   0x00000002   PAD
    0x0802dd04   0x0802dd04   0x000000c4   Code   RO          283    x$fpl$fadd          fz_ws.l(faddsub_clz.o)
    0x0802ddc8   0x0802ddc8   0x00000184   Code   RO          287    x$fpl$fdiv          fz_ws.l(fdiv.o)
    0x0802df4c   0x0802df4c   0x00000036   Code   RO          288    x$fpl$ffix          fz_ws.l(ffix.o)
    0x0802df82   0x0802df82   0x00000002   PAD
    0x0802df84   0x0802df84   0x0000003e   Code   RO          290    x$fpl$ffixu         fz_ws.l(ffixu.o)
    0x0802dfc2   0x0802dfc2   0x00000002   PAD
    0x0802dfc4   0x0802dfc4   0x00000030   Code   RO          293    x$fpl$fflt          fz_ws.l(fflt_clz.o)
    0x0802dff4   0x0802dff4   0x00000026   Code   RO          292    x$fpl$ffltu         fz_ws.l(fflt_clz.o)
    0x0802e01a   0x0802e01a   0x00000002   PAD
    0x0802e01c   0x0802e01c   0x00000102   Code   RO          295    x$fpl$fmul          fz_ws.l(fmul.o)
    0x0802e11e   0x0802e11e   0x0000008c   Code   RO          319    x$fpl$fnaninf       fz_ws.l(fnaninf.o)
    0x0802e1aa   0x0802e1aa   0x0000000a   Code   RO          320    x$fpl$fretinf       fz_ws.l(fretinf.o)
    0x0802e1b4   0x0802e1b4   0x000000ea   Code   RO          285    x$fpl$fsub          fz_ws.l(faddsub_clz.o)
    0x0802e29e   0x0802e29e   0x00000004   Code   RO          296    x$fpl$printf1       fz_ws.l(printf1.o)
    0x0802e2a2   0x0802e2a2   0x00000064   Code   RO          434    x$fpl$retnan        fz_ws.l(retnan.o)
    0x0802e306   0x0802e306   0x0000005c   Code   RO          321    x$fpl$scalbn        fz_ws.l(scalbn.o)
    0x0802e362   0x0802e362   0x00000030   Code   RO          439    x$fpl$trapveneer    fz_ws.l(trapv.o)
    0x0802e392   0x0802e392   0x00000000   Code   RO          322    x$fpl$usenofp       fz_ws.l(usenofp.o)
    0x0802e392   0x0802e392   0x000017c0   Data   RO           11    .constdata          lcd.o
    0x0802fb52   0x0802fb52   0x00000002   PAD
    0x0802fb54   0x0802fb54   0x00000004   Data   RO           20    .constdata          touch.o
    0x0802fb58   0x0802fb58   0x0000000a   Data   RO           25    .constdata          ft5206.o
    0x0802fb62   0x0802fb62   0x00000014   Data   RO           28    .constdata          gt9xxx.o
    0x0802fb76   0x0802fb76   0x00000002   PAD
    0x0802fb78   0x0802fb78   0x0000002e   Data   RO           56    .constdata          lv_group.o
    0x0802fba6   0x0802fba6   0x00000002   PAD
    0x0802fba8   0x0802fba8   0x00000016   Data   RO           65    .constdata          lv_style.o
    0x0802fbbe   0x0802fbbe   0x00000024   Data   RO           67    .constdata          lv_draw.o
    0x0802fbe2   0x0802fbe2   0x00000011   Data   RO           75    .constdata          lv_draw_rect.o
    0x0802fbf3   0x0802fbf3   0x00000001   PAD
    0x0802fbf4   0x0802fbf4   0x00002db8   Data   RO           82    .constdata          lv_font_roboto_16.o
    0x080329ac   0x080329ac   0x00000002   Data   RO           85    .constdata          lv_hal_disp.o
    0x080329ae   0x080329ae   0x000000b6   Data   RO          100    .constdata          lv_math.o
    0x08032a64   0x08032a64   0x00000002   Data   RO          133    .constdata          lv_gauge.o
    0x08032a66   0x08032a66   0x00000112   Data   RO          140    .constdata          lv_kb.o
    0x08032b78   0x08032b78   0x00000002   Data   RO          182    .constdata          lv_theme_night.o
    0x08032b7a   0x08032b7a   0x00000002   PAD
    0x08032b7c   0x08032b7c   0x000015fc   Data   RO          192    .constdata          weixin_img.o
    0x08034178   0x08034178   0x00000060   Data   RO          195    .constdata          main_win.o
    0x080341d8   0x080341d8   0x0000300c   Data   RO          198    .constdata          logo_img.o
    0x080371e4   0x080371e4   0x00001b0c   Data   RO          199    .constdata          date_img.o
    0x08038cf0   0x08038cf0   0x00001b0c   Data   RO          200    .constdata          chart_img.o
    0x0803a7fc   0x0803a7fc   0x00001b0c   Data   RO          201    .constdata          gauge_img.o
    0x0803c308   0x0803c308   0x00001b0c   Data   RO          202    .constdata          progress_img.o
    0x0803de14   0x0803de14   0x000006d8   Data   RO          203    .constdata          my_font.o
    0x0803e4ec   0x0803e4ec   0x00000058   Data   RO          206    .constdata          calendar_win.o
    0x0803e544   0x0803e544   0x00000002   Data   RO          210    .constdata          chart_win.o
    0x0803e546   0x0803e546   0x00000002   PAD
    0x0803e548   0x0803e548   0x00000006   Data   RO          213    .constdata          gauge_win.o
    0x0803e54e   0x0803e54e   0x00000028   Data   RO          230    .constdata          c_w.l(_printf_hex_int.o)
    0x0803e576   0x0803e576   0x00000011   Data   RO          250    .constdata          c_w.l(__printf_flags_wp.o)
    0x0803e587   0x0803e587   0x00000001   PAD
    0x0803e588   0x0803e588   0x00000088   Data   RO          299    .constdata          m_ws.l(pow.o)
    0x0803e610   0x0803e610   0x00000008   Data   RO          332    .constdata          m_ws.l(qnan.o)
    0x0803e618   0x0803e618   0x00000094   Data   RO          362    .constdata          c_w.l(bigflt0.o)
    0x0803e6ac   0x0803e6ac   0x00000079   Data   RO           21    .conststring        touch.o
    0x0803e725   0x0803e725   0x00000003   PAD
    0x0803e728   0x0803e728   0x0000002d   Data   RO          116    .conststring        lv_btnm.o
    0x0803e755   0x0803e755   0x00000003   PAD
    0x0803e758   0x0803e758   0x00000085   Data   RO          119    .conststring        lv_calendar.o
    0x0803e7dd   0x0803e7dd   0x00000003   PAD
    0x0803e7e0   0x0803e7e0   0x00000188   Data   RO          141    .conststring        lv_kb.o
    0x0803e968   0x0803e968   0x00000098   Data   RO          196    .conststring        main_win.o
    0x0803ea00   0x0803ea00   0x0000005d   Data   RO          207    .conststring        calendar_win.o
    0x0803ea5d   0x0803ea5d   0x00000003   PAD
    0x0803ea60   0x0803ea60   0x00000020   Data   RO          489    Region$$Table       anon$$obj.o
    0x0803ea80   0x0803ea80   0x0000001c   Data   RO          376    locale$$data        c_w.l(lc_numeric_c.o)


    Execution Region RW_IRAM1 (Exec base: 0x20000000, Load base: 0x0803ea9c, Size: 0x00006278, Max: 0x00010000, ABSOLUTE, COMPRESSED[0x00000270])

    Exec Addr    Load Addr    Size         Type   Attr      Idx    E Section Name        Object

    0x20000000   COMPRESSED   0x00000006   Data   RW            2    .data               main.o
    0x20000006   COMPRESSED   0x00000002   PAD
    0x20000008   COMPRESSED   0x00000014   Data   RW            5    .data               system_stm32f10x.o
    0x2000001c   COMPRESSED   0x00000001   Data   RW            8    .data               key.o
    0x2000001d   COMPRESSED   0x00000001   PAD
    0x2000001e   COMPRESSED   0x00000004   Data   RW           12    .data               lcd.o
    0x20000022   COMPRESSED   0x00000002   PAD
    0x20000024   COMPRESSED   0x00000048   Data   RW           22    .data               touch.o
    0x2000006c   COMPRESSED   0x00000001   Data   RW           26    .data               ft5206.o
    0x2000006d   COMPRESSED   0x00000002   Data   RW           29    .data               gt9xxx.o
    0x2000006f   COMPRESSED   0x00000001   PAD
    0x20000070   COMPRESSED   0x00000010   Data   RW           31    .data               timer.o
    0x20000080   COMPRESSED   0x00000004   Data   RW           35    .data               delay.o
    0x20000084   COMPRESSED   0x00000006   Data   RW           40    .data               usart.o
    0x2000008a   COMPRESSED   0x00000014   Data   RW           50    .data               stm32f10x_rcc.o
    0x2000009e   COMPRESSED   0x00000002   PAD
    0x200000a0   COMPRESSED   0x00000008   Data   RW           58    .data               lv_indev.o
    0x200000a8   COMPRESSED   0x0000000c   Data   RW           60    .data               lv_obj.o
    0x200000b4   COMPRESSED   0x00000008   Data   RW           62    .data               lv_refr.o
    0x200000bc   COMPRESSED   0x00000024   Data   RW           68    .data               lv_draw.o
    0x200000e0   COMPRESSED   0x00000002   Data   RW           78    .data               lv_img_cache.o
    0x200000e2   COMPRESSED   0x00000002   PAD
    0x200000e4   COMPRESSED   0x0000002c   Data   RW           83    .data               lv_font_roboto_16.o
    0x20000110   COMPRESSED   0x00000004   Data   RW           86    .data               lv_hal_disp.o
    0x20000114   COMPRESSED   0x00000005   Data   RW           89    .data               lv_hal_tick.o
    0x20000119   COMPRESSED   0x00000003   PAD
    0x2000011c   COMPRESSED   0x00000005   Data   RW           91    .data               lv_anim.o
    0x20000121   COMPRESSED   0x00000003   PAD
    0x20000124   COMPRESSED   0x0000000c   Data   RW           97    .data               lv_gc.o
    0x20000130   COMPRESSED   0x00000008   Data   RW          103    .data               lv_mem.o
    0x20000138   COMPRESSED   0x00000014   Data   RW          105    .data               lv_task.o
    0x2000014c   COMPRESSED   0x00000020   Data   RW          107    .data               lv_txt.o
    0x2000016c   COMPRESSED   0x00000008   Data   RW          110    .data               lv_arc.o
    0x20000174   COMPRESSED   0x00000008   Data   RW          112    .data               lv_bar.o
    0x2000017c   COMPRESSED   0x00000008   Data   RW          114    .data               lv_btn.o
    0x20000184   COMPRESSED   0x00000024   Data   RW          117    .data               lv_btnm.o
    0x200001a8   COMPRESSED   0x00000054   Data   RW          120    .data               lv_calendar.o
    0x200001fc   COMPRESSED   0x0000000c   Data   RW          125    .data               lv_cb.o
    0x20000208   COMPRESSED   0x00000008   Data   RW          127    .data               lv_chart.o
    0x20000210   COMPRESSED   0x00000004   Data   RW          129    .data               lv_cont.o
    0x20000214   COMPRESSED   0x0000000c   Data   RW          131    .data               lv_ddlist.o
    0x20000220   COMPRESSED   0x00000008   Data   RW          134    .data               lv_gauge.o
    0x20000228   COMPRESSED   0x00000004   Data   RW          136    .data               lv_img.o
    0x2000022c   COMPRESSED   0x00000268   Data   RW          142    .data               lv_kb.o
    0x20000494   COMPRESSED   0x00000004   Data   RW          144    .data               lv_label.o
    0x20000498   COMPRESSED   0x00000004   Data   RW          148    .data               lv_line.o
    0x2000049c   COMPRESSED   0x00000010   Data   RW          150    .data               lv_list.o
    0x200004ac   COMPRESSED   0x00000004   Data   RW          152    .data               lv_lmeter.o
    0x200004b0   COMPRESSED   0x00000004   Data   RW          154    .data               lv_mbox.o
    0x200004b4   COMPRESSED   0x00000008   Data   RW          156    .data               lv_page.o
    0x200004bc   COMPRESSED   0x00000008   Data   RW          158    .data               lv_preload.o
    0x200004c4   COMPRESSED   0x00000008   Data   RW          160    .data               lv_roller.o
    0x200004cc   COMPRESSED   0x00000008   Data   RW          162    .data               lv_slider.o
    0x200004d4   COMPRESSED   0x00000004   Data   RW          166    .data               lv_sw.o
    0x200004d8   COMPRESSED   0x00000014   Data   RW          168    .data               lv_ta.o
    0x200004ec   COMPRESSED   0x00000008   Data   RW          170    .data               lv_table.o
    0x200004f4   COMPRESSED   0x00000010   Data   RW          173    .data               lv_tabview.o
    0x20000504   COMPRESSED   0x00000004   Data   RW          179    .data               lv_theme.o
    0x20000508   COMPRESSED   0x00000008   Data   RW          183    .data               lv_theme_night.o
    0x20000510   COMPRESSED   0x00000004   Data   RW          188    .data               lv_port_indev.o
    0x20000514   COMPRESSED   0x00000014   Data   RW          191    .data               login_win.o
    0x20000528   COMPRESSED   0x00000020   Data   RW          197    .data               main_win.o
    0x20000548   COMPRESSED   0x0000002c   Data   RW          204    .data               my_font.o
    0x20000574   COMPRESSED   0x00000008   Data   RW          208    .data               calendar_win.o
    0x2000057c   COMPRESSED   0x00000028   Data   RW          211    .data               chart_win.o
    0x200005a4   COMPRESSED   0x00000019   Data   RW          214    .data               gauge_win.o
    0x200005bd   COMPRESSED   0x00000003   PAD
    0x200005c0   COMPRESSED   0x00000011   Data   RW          216    .data               progress_win.o
    0x200005d1   COMPRESSED   0x00000003   PAD
    0x200005d4        -       0x0000000e   Zero   RW           10    .bss                lcd.o
    0x200005e2        -       0x000000c8   Zero   RW           39    .bss                usart.o
    0x200006aa   COMPRESSED   0x00000002   PAD
    0x200006ac        -       0x0000030c   Zero   RW           64    .bss                lv_style.o
    0x200009b8        -       0x00000060   Zero   RW           96    .bss                lv_gc.o
    0x20000a18        -       0x00004000   Zero   RW          102    .bss                lv_mem.o
    0x20004a18        -       0x00000da4   Zero   RW          181    .bss                lv_theme_night.o
    0x200057bc        -       0x0000001c   Zero   RW          186    .bss                lv_port_disp.o
    0x200057d8        -       0x0000003c   Zero   RW          194    .bss                main_win.o
    0x20005814        -       0x00000060   Zero   RW          382    .bss                c_w.l(libspace.o)
    0x20005874   COMPRESSED   0x00000004   PAD
    0x20005878        -       0x00000200   Zero   RW           43    HEAP                startup_stm32f10x_hd.o
    0x20005a78        -       0x00000800   Zero   RW           42    STACK               startup_stm32f10x_hd.o



  Load Region LR$$.ARM.__AT_0x68000000 (Base: 0x68000000, Size: 0x00000000, Max: 0x000bb800, ABSOLUTE)

    Execution Region ER$$.ARM.__AT_0x68000000 (Exec base: 0x68000000, Load base: 0x68000000, Size: 0x000bb800, Max: 0x000bb800, ABSOLUTE, UNINIT)

    Exec Addr    Load Addr    Size         Type   Attr      Idx    E Section Name        Object

    0x68000000        -       0x000bb800   Zero   RW          185    .ARM.__AT_0x68000000  lv_port_disp.o


==============================================================================

Image component sizes


      Code (inc. data)   RO Data    RW Data    ZI Data      Debug   Object Name

       378          0          0          0          0          0   24cxx.o
        56          6          0          0          0          0   beep.o
       428         80        181          8          0          0   calendar_win.o
         0          0       6924          0          0          0   chart_img.o
       776         94          2         40          0          0   chart_win.o
       644         24          0          0          0          0   ctiic.o
         0          0       6924          0          0          0   date_img.o
       212         18          0          4          0          0   delay.o
       856         32         10          1          0          0   ft5206.o
         0          0       6924          0          0          0   gauge_img.o
       596         86          6         25          0          0   gauge_win.o
      1344         54         20          2          0          0   gt9xxx.o
       436         44          0          0          0          0   gui_app.o
       252         12          0          1          0          0   key.o
     13388        124       6080          4         14          0   lcd.o
        76          8          0          0          0          0   led.o
       840        146          0         20          0          0   login_win.o
         0          0      12300          0          0          0   logo_img.o
      1306         18          0          5          0          0   lv_anim.o
       868         34          0          8          0          0   lv_arc.o
       534          0          0          0          0          0   lv_area.o
        92          6          0          0          0          0   lv_async.o
      1832         48          0          8          0          0   lv_bar.o
      1352         56          0          8          0          0   lv_btn.o
      4420         78         45         36          0          0   lv_btnm.o
      3916         80        133         84          0          0   lv_calendar.o
      1184         64          0         12          0          0   lv_cb.o
      5972         58          0          8          0          0   lv_chart.o
        98          0          0          0          0          0   lv_circ.o
       492          6          0          0          0          0   lv_color.o
      3180         22          0          4          0          0   lv_cont.o
      3962        110          0         12          0          0   lv_ddlist.o
       274          0          0          0          0          0   lv_disp.o
       356         12         36         36          0          0   lv_draw.o
      1316         14          0          0          0          0   lv_draw_arc.o
      2558         24          0          0          0          0   lv_draw_basic.o
      2388         58          0          0          0          0   lv_draw_img.o
      1348         22          0          0          0          0   lv_draw_label.o
      5252          0          0          0          0          0   lv_draw_line.o
     11562         16         17          0          0          0   lv_draw_rect.o
      2626          0          0          0          0          0   lv_draw_triangle.o
        84          0          0          0          0          0   lv_font.o
       884         14          0          0          0          0   lv_font_fmt_txt.o
         0          0      11704         44          0          0   lv_font_roboto_16.o
      1992         40          2          8          0          0   lv_gauge.o
         0          0          0         12         96          0   lv_gc.o
      2176         36         46          0          0          0   lv_group.o
       736         20          2          4          0          0   lv_hal_disp.o
       248          8          0          0          0          0   lv_hal_indev.o
        76         10          0          5          0          0   lv_hal_tick.o
      1352         28          0          4          0          0   lv_img.o
       520         14          0          2          0          0   lv_img_cache.o
      1888         28          0          0          0          0   lv_img_decoder.o
      5164         36          0          8          0          0   lv_indev.o
      1606        110        666        616          0          0   lv_kb.o
      5036        108          0          4          0          0   lv_label.o
      1176         24          0          4          0          0   lv_line.o
      3624        136          0         16          0          0   lv_list.o
       890          0          0          0          0          0   lv_ll.o
      1304         30          0          4          0          0   lv_lmeter.o
       204          4        182          0          0          0   lv_math.o
      1716         72          0          4          0          0   lv_mbox.o
       768         14          0          8      16384          0   lv_mem.o
      6244        106          0         12          0          0   lv_obj.o
      6440        102          0          8          0          0   lv_page.o
       120         22          0          0     768028          0   lv_port_disp.o
       120         16          0          4          0          0   lv_port_indev.o
      1288         40          0          8          0          0   lv_preload.o
      2032         14          0          8          0          0   lv_refr.o
      3084         56          0          8          0          0   lv_roller.o
      2770         32          0          8          0          0   lv_slider.o
      2708         84         22          0        780          0   lv_style.o
      1294         16          0          4          0          0   lv_sw.o
      7728        222          0         20          0          0   lv_ta.o
      3418         58          0          8          0          0   lv_table.o
      5712        104          0         16          0          0   lv_tabview.o
       868         40          0         20          0          0   lv_task.o
        52          6          0          4          0          0   lv_theme.o
      4820        380          2          8       3492          0   lv_theme_night.o
      1668         36          0         32          0          0   lv_txt.o
       212          0          0          0          0          0   lv_utils.o
       300         42          0          6          0          0   main.o
      1496        314        248         32         60          0   main_win.o
       220         22          0          0          0          0   misc.o
         0          0       1752         44          0          0   my_font.o
       620         14          0          0          0          0   myiic.o
         0          0       6924          0          0          0   progress_img.o
       464         54          0         17          0          0   progress_win.o
       280         16          0          0          0          0   sram.o
        64         26        304          0       2560          0   startup_stm32f10x_hd.o
      1548         18          0          0          0          0   stm32f10x_fsmc.o
       860         38          0          0          0          0   stm32f10x_gpio.o
        26          0          0          0          0          0   stm32f10x_it.o
       932         36          0         20          0          0   stm32f10x_rcc.o
      3610         88          0          0          0          0   stm32f10x_tim.o
      1032         22          0          0          0          0   stm32f10x_usart.o
       480         38          0         20          0          0   system_stm32f10x.o
      1264        140          0         16          0          0   timer.o
      2920        164        125         72          0          0   touch.o
       320         18          0          6        200          0   usart.o
         0          0       5628          0          0          0   weixin_img.o

    ----------------------------------------------------------------------
    175644       4570      67264       1492     791616          0   Object Totals
         0          0         32          0          0          0   (incl. Generated)
        16          0         23         22          2          0   (incl. Padding)

    ----------------------------------------------------------------------

      Code (inc. data)   RO Data    RW Data    ZI Data      Debug   Library Member Name

        90          0          0          0          0          0   __dczerorl2.o
         8          0          0          0          0          0   __main.o
       312          4         17          0          0          0   __printf_flags_wp.o
        14          0          0          0          0          0   __printf_wp.o
         0          0          0          0          0          0   __rtentry.o
        12          0          0          0          0          0   __rtentry2.o
         6          0          0          0          0          0   __rtentry4.o
        52          8          0          0          0          0   __scatter.o
        28          0          0          0          0          0   __scatter_zi.o
        44          0          0          0          0          0   _printf_char.o
        48          6          0          0          0          0   _printf_char_common.o
        36          4          0          0          0          0   _printf_char_file.o
         6          0          0          0          0          0   _printf_d.o
       120         16          0          0          0          0   _printf_dec.o
         6          0          0          0          0          0   _printf_f.o
      1054          0          0          0          0          0   _printf_fp_dec.o
       128         16          0          0          0          0   _printf_fp_infnan.o
        88          4         40          0          0          0   _printf_hex_int.o
       178          0          0          0          0          0   _printf_intcommon.o
         0          0          0          0          0          0   _printf_percent.o
         4          0          0          0          0          0   _printf_percent_end.o
         6          0          0          0          0          0   _printf_s.o
        82          0          0          0          0          0   _printf_str.o
         6          0          0          0          0          0   _printf_x.o
        22          0          0          0          0          0   _rserrno.o
        10          0          0          0          0          0   _sputc.o
        16          0          0          0          0          0   aeabi_memset.o
       228          4        148          0          0          0   bigflt0.o
      1936        128          0          0          0          0   btod.o
        18          0          0          0          0          0   exit.o
         8          0          0          0          0          0   ferror.o
         6          0          0          0          0          0   heapauxi.o
        44         10         28          0          0          0   lc_numeric_c.o
         2          0          0          0          0          0   libinit.o
        18          0          0          0          0          0   libinit2.o
         2          0          0          0          0          0   libshutdown.o
         2          0          0          0          0          0   libshutdown2.o
         8          4          0          0         96          0   libspace.o
       138          0          0          0          0          0   lludiv10.o
        24          4          0          0          0          0   noretval__2printf.o
        40          6          0          0          0          0   noretval__2sprintf.o
         8          4          0          0          0          0   rt_errno_addr_intlibspace.o
         8          4          0          0          0          0   rt_locale_intlibspace.o
        68          0          0          0          0          0   rt_memclr.o
        78          0          0          0          0          0   rt_memclr_w.o
       138          0          0          0          0          0   rt_memcpy_v6.o
       100          0          0          0          0          0   rt_memcpy_w.o
         2          0          0          0          0          0   rtexit.o
        10          0          0          0          0          0   rtexit2.o
       128          0          0          0          0          0   strcmpv7m.o
        72          0          0          0          0          0   strcpy.o
        62          0          0          0          0          0   strlen.o
        74          0          0          0          0          0   sys_stackheap_outer.o
         2          0          0          0          0          0   use_no_semi.o
         2          0          0          0          0          0   use_no_semi_2.o
        98          4          0          0          0          0   d2f.o
       826         16          0          0          0          0   daddsub_clz.o
        16          4          0          0          0          0   dcheck1.o
        24          0          0          0          0          0   dcmpi.o
       688        140          0          0          0          0   ddiv.o
        94          4          0          0          0          0   dfix.o
        90          4          0          0          0          0   dfixu.o
        84          0          0          0          0          0   dflt_clz.o
       120          4          0          0          0          0   dleqf.o
       340         12          0          0          0          0   dmul.o
       156          4          0          0          0          0   dnaninf.o
        12          0          0          0          0          0   dretinf.o
       108          0          0          0          0          0   drleqf.o
       460         56          0          0          0          0   dsqrt_noumaal.o
        86          4          0          0          0          0   f2d.o
       430          8          0          0          0          0   faddsub_clz.o
       388         76          0          0          0          0   fdiv.o
        54          4          0          0          0          0   ffix.o
        62          4          0          0          0          0   ffixu.o
        86          0          0          0          0          0   fflt_clz.o
       258          4          0          0          0          0   fmul.o
       140          4          0          0          0          0   fnaninf.o
        10          0          0          0          0          0   fretinf.o
         4          0          0          0          0          0   printf1.o
       100          0          0          0          0          0   retnan.o
        92          0          0          0          0          0   scalbn.o
        48          0          0          0          0          0   trapv.o
         0          0          0          0          0          0   usenofp.o
        62         10          0          0          0          0   dunder.o
        40          0          0          0          0          0   fpclassify.o
       170          0          0          0          0          0   poly.o
      2520        190        136          0          0          0   pow.o
         0          0          8          0          0          0   qnan.o
        76          0          0          0          0          0   sqrt.o

    ----------------------------------------------------------------------
     13382        774        378          0        100          0   Library Totals
        38          0          1          0          4          0   (incl. Padding)

    ----------------------------------------------------------------------

      Code (inc. data)   RO Data    RW Data    ZI Data      Debug   Library Name

      5602        222        233          0         96          0   c_w.l
      4874        352          0          0          0          0   fz_ws.l
      2868        200        144          0          0          0   m_ws.l

    ----------------------------------------------------------------------
     13382        774        378          0        100          0   Library Totals

    ----------------------------------------------------------------------

==============================================================================


      Code (inc. data)   RO Data    RW Data    ZI Data      Debug   

    189026       5344      67642       1492     791716          0   Grand Totals
    189026       5344      67642        624     791716          0   ELF Image Totals (compressed)
    189026       5344      67642        624          0          0   ROM Totals

==============================================================================

    Total RO  Size (Code + RO Data)               256668 ( 250.65kB)
    Total RW  Size (RW Data + ZI Data)            793208 ( 774.62kB)
    Total ROM Size (Code + RO Data + RW Data)     257292 ( 251.26kB)

==============================================================================

